Component: ARM Compiler 5.06 update 5 (build 528) Tool: armlink [4d35e2]

==============================================================================

Section Cross References

    startup_stm32f10x_md.o(STACK) refers (Special) to heapauxi.o(.text) for __use_two_region_memory
    startup_stm32f10x_md.o(HEAP) refers (Special) to heapauxi.o(.text) for __use_two_region_memory
    startup_stm32f10x_md.o(RESET) refers (Special) to heapauxi.o(.text) for __use_two_region_memory
    startup_stm32f10x_md.o(RESET) refers to startup_stm32f10x_md.o(STACK) for __initial_sp
    startup_stm32f10x_md.o(RESET) refers to startup_stm32f10x_md.o(.text) for Reset_Handler
    startup_stm32f10x_md.o(RESET) refers to stm32f10x_it.o(i.NMI_Handler) for NMI_Handler
    startup_stm32f10x_md.o(RESET) refers to stm32f10x_it.o(i.HardFault_Handler) for HardFault_Handler
    startup_stm32f10x_md.o(RESET) refers to stm32f10x_it.o(i.MemManage_Handler) for MemManage_Handler
    startup_stm32f10x_md.o(RESET) refers to stm32f10x_it.o(i.BusFault_Handler) for BusFault_Handler
    startup_stm32f10x_md.o(RESET) refers to stm32f10x_it.o(i.UsageFault_Handler) for UsageFault_Handler
    startup_stm32f10x_md.o(RESET) refers to stm32f10x_it.o(i.SVC_Handler) for SVC_Handler
    startup_stm32f10x_md.o(RESET) refers to stm32f10x_it.o(i.DebugMon_Handler) for DebugMon_Handler
    startup_stm32f10x_md.o(RESET) refers to stm32f10x_it.o(i.PendSV_Handler) for PendSV_Handler
    startup_stm32f10x_md.o(RESET) refers to stm32f10x_it.o(i.SysTick_Handler) for SysTick_Handler
    startup_stm32f10x_md.o(.text) refers (Special) to heapauxi.o(.text) for __use_two_region_memory
    startup_stm32f10x_md.o(.text) refers to system_stm32f10x.o(i.SystemInit) for SystemInit
    startup_stm32f10x_md.o(.text) refers to __main.o(!!!main) for __main
    startup_stm32f10x_md.o(.text) refers to startup_stm32f10x_md.o(HEAP) for Heap_Mem
    startup_stm32f10x_md.o(.text) refers to startup_stm32f10x_md.o(STACK) for Stack_Mem
    system_stm32f10x.o(i.SetSysClock) refers to system_stm32f10x.o(i.SetSysClockTo72) for SetSysClockTo72
    system_stm32f10x.o(i.SystemCoreClockUpdate) refers to system_stm32f10x.o(.data) for SystemCoreClock
    system_stm32f10x.o(i.SystemInit) refers to system_stm32f10x.o(i.SetSysClock) for SetSysClock
    stm32f10x_adc.o(i.ADC_DeInit) refers to stm32f10x_rcc.o(i.RCC_APB2PeriphResetCmd) for RCC_APB2PeriphResetCmd
    stm32f10x_bkp.o(i.BKP_DeInit) refers to stm32f10x_rcc.o(i.RCC_BackupResetCmd) for RCC_BackupResetCmd
    stm32f10x_can.o(i.CAN_DeInit) refers to stm32f10x_rcc.o(i.RCC_APB1PeriphResetCmd) for RCC_APB1PeriphResetCmd
    stm32f10x_can.o(i.CAN_GetITStatus) refers to stm32f10x_can.o(i.CheckITStatus) for CheckITStatus
    stm32f10x_cec.o(i.CEC_DeInit) refers to stm32f10x_rcc.o(i.RCC_APB1PeriphResetCmd) for RCC_APB1PeriphResetCmd
    stm32f10x_dac.o(i.DAC_DeInit) refers to stm32f10x_rcc.o(i.RCC_APB1PeriphResetCmd) for RCC_APB1PeriphResetCmd
    stm32f10x_flash.o(i.FLASH_EnableWriteProtection) refers to stm32f10x_flash.o(i.FLASH_WaitForLastOperation) for FLASH_WaitForLastOperation
    stm32f10x_flash.o(i.FLASH_EraseAllBank1Pages) refers to stm32f10x_flash.o(i.FLASH_WaitForLastBank1Operation) for FLASH_WaitForLastBank1Operation
    stm32f10x_flash.o(i.FLASH_EraseAllPages) refers to stm32f10x_flash.o(i.FLASH_WaitForLastOperation) for FLASH_WaitForLastOperation
    stm32f10x_flash.o(i.FLASH_EraseOptionBytes) refers to stm32f10x_flash.o(i.FLASH_GetReadOutProtectionStatus) for FLASH_GetReadOutProtectionStatus
    stm32f10x_flash.o(i.FLASH_EraseOptionBytes) refers to stm32f10x_flash.o(i.FLASH_WaitForLastOperation) for FLASH_WaitForLastOperation
    stm32f10x_flash.o(i.FLASH_ErasePage) refers to stm32f10x_flash.o(i.FLASH_WaitForLastOperation) for FLASH_WaitForLastOperation
    stm32f10x_flash.o(i.FLASH_ProgramHalfWord) refers to stm32f10x_flash.o(i.FLASH_WaitForLastOperation) for FLASH_WaitForLastOperation
    stm32f10x_flash.o(i.FLASH_ProgramOptionByteData) refers to stm32f10x_flash.o(i.FLASH_WaitForLastOperation) for FLASH_WaitForLastOperation
    stm32f10x_flash.o(i.FLASH_ProgramWord) refers to stm32f10x_flash.o(i.FLASH_WaitForLastOperation) for FLASH_WaitForLastOperation
    stm32f10x_flash.o(i.FLASH_ReadOutProtection) refers to stm32f10x_flash.o(i.FLASH_WaitForLastOperation) for FLASH_WaitForLastOperation
    stm32f10x_flash.o(i.FLASH_UserOptionByteConfig) refers to stm32f10x_flash.o(i.FLASH_WaitForLastOperation) for FLASH_WaitForLastOperation
    stm32f10x_flash.o(i.FLASH_WaitForLastBank1Operation) refers to stm32f10x_flash.o(i.FLASH_GetBank1Status) for FLASH_GetBank1Status
    stm32f10x_flash.o(i.FLASH_WaitForLastOperation) refers to stm32f10x_flash.o(i.FLASH_GetBank1Status) for FLASH_GetBank1Status
    stm32f10x_gpio.o(i.GPIO_AFIODeInit) refers to stm32f10x_rcc.o(i.RCC_APB2PeriphResetCmd) for RCC_APB2PeriphResetCmd
[...]
    Removing stm32f10x_tim.o(i.TIM_DMACmd), (18 bytes).
    Removing stm32f10x_tim.o(i.TIM_DMAConfig), (10 bytes).
    Removing stm32f10x_tim.o(i.TIM_DeInit), (488 bytes).
    Removing stm32f10x_tim.o(i.TIM_ETRClockMode1Config), (54 bytes).
    Removing stm32f10x_tim.o(i.TIM_ETRClockMode2Config), (32 bytes).
    Removing stm32f10x_tim.o(i.TIM_ETRConfig), (28 bytes).
    Removing stm32f10x_tim.o(i.TIM_EncoderInterfaceConfig), (66 bytes).
    Removing stm32f10x_tim.o(i.TIM_ForcedOC1Config), (18 bytes).
    Removing stm32f10x_tim.o(i.TIM_ForcedOC2Config), (26 bytes).
    Removing stm32f10x_tim.o(i.TIM_ForcedOC3Config), (18 bytes).
    Removing stm32f10x_tim.o(i.TIM_ForcedOC4Config), (26 bytes).
    Removing stm32f10x_tim.o(i.TIM_GenerateEvent), (4 bytes).
    Removing stm32f10x_tim.o(i.TIM_GetCapture1), (6 bytes).
    Removing stm32f10x_tim.o(i.TIM_GetCapture2), (6 bytes).
    Removing stm32f10x_tim.o(i.TIM_GetCapture3), (6 bytes).
    Removing stm32f10x_tim.o(i.TIM_GetCapture4), (8 bytes).
    Removing stm32f10x_tim.o(i.TIM_GetCounter), (6 bytes).
    Removing stm32f10x_tim.o(i.TIM_GetFlagStatus), (18 bytes).
    Removing stm32f10x_tim.o(i.TIM_GetITStatus), (34 bytes).
    Removing stm32f10x_tim.o(i.TIM_GetPrescaler), (6 bytes).
    Removing stm32f10x_tim.o(i.TIM_ICStructInit), (18 bytes).
    Removing stm32f10x_tim.o(i.TIM_ITConfig), (18 bytes).
    Removing stm32f10x_tim.o(i.TIM_ITRxExternalClockConfig), (24 bytes).
    Removing stm32f10x_tim.o(i.TIM_InternalClockConfig), (12 bytes).
    Removing stm32f10x_tim.o(i.TIM_OC1FastConfig), (18 bytes).
    Removing stm32f10x_tim.o(i.TIM_OC1Init), (152 bytes).
    Removing stm32f10x_tim.o(i.TIM_OC1NPolarityConfig), (18 bytes).
    Removing stm32f10x_tim.o(i.TIM_OC1PolarityConfig), (18 bytes).
    Removing stm32f10x_tim.o(i.TIM_OC1PreloadConfig), (18 bytes).
    Removing stm32f10x_tim.o(i.TIM_OC2FastConfig), (26 bytes).
    Removing stm32f10x_tim.o(i.TIM_OC2Init), (164 bytes).
    Removing stm32f10x_tim.o(i.TIM_OC2NPolarityConfig), (26 bytes).
    Removing stm32f10x_tim.o(i.TIM_OC2PolarityConfig), (26 bytes).
    Removing stm32f10x_tim.o(i.TIM_OC2PreloadConfig), (26 bytes).
    Removing stm32f10x_tim.o(i.TIM_OC3FastConfig), (18 bytes).
    Removing stm32f10x_tim.o(i.TIM_OC3Init), (160 bytes).
    Removing stm32f10x_tim.o(i.TIM_OC3NPolarityConfig), (26 bytes).
    Removing stm32f10x_tim.o(i.TIM_OC3PolarityConfig), (26 bytes).
    Removing stm32f10x_tim.o(i.TIM_OC3PreloadConfig), (18 bytes).
    Removing stm32f10x_tim.o(i.TIM_OC4FastConfig), (26 bytes).
    Removing stm32f10x_tim.o(i.TIM_OC4Init), (124 bytes).
    Removing stm32f10x_tim.o(i.TIM_OC4PolarityConfig), (26 bytes).
    Removing stm32f10x_tim.o(i.TIM_OC4PreloadConfig), (26 bytes).
    Removing stm32f10x_tim.o(i.TIM_OCStructInit), (20 bytes).
    Removing stm32f10x_tim.o(i.TIM_PWMIConfig), (124 bytes).
    Removing stm32f10x_tim.o(i.TIM_PrescalerConfig), (6 bytes).
    Removing stm32f10x_tim.o(i.TIM_SelectCCDMA), (24 bytes).
    Removing stm32f10x_tim.o(i.TIM_SelectCOM), (24 bytes).
    Removing stm32f10x_tim.o(i.TIM_SelectHallSensor), (24 bytes).
    Removing stm32f10x_tim.o(i.TIM_SelectMasterSlaveMode), (18 bytes).
    Removing stm32f10x_tim.o(i.TIM_SelectOCxM), (82 bytes).
    Removing stm32f10x_tim.o(i.TIM_SelectOnePulseMode), (18 bytes).
    Removing stm32f10x_tim.o(i.TIM_SelectOutputTrigger), (18 bytes).
    Removing stm32f10x_tim.o(i.TIM_SetAutoreload), (4 bytes).
    Removing stm32f10x_tim.o(i.TIM_SetClockDivision), (18 bytes).
    Removing stm32f10x_tim.o(i.TIM_SetCompare1), (4 bytes).
    Removing stm32f10x_tim.o(i.TIM_SetCompare2), (4 bytes).
    Removing stm32f10x_tim.o(i.TIM_SetCompare3), (4 bytes).
    Removing stm32f10x_tim.o(i.TIM_SetCompare4), (6 bytes).
    Removing stm32f10x_tim.o(i.TIM_SetCounter), (4 bytes).
    Removing stm32f10x_tim.o(i.TIM_TIxExternalClockConfig), (62 bytes).
    Removing stm32f10x_tim.o(i.TIM_TimeBaseStructInit), (18 bytes).
    Removing stm32f10x_tim.o(i.TIM_UpdateDisableConfig), (24 bytes).
    Removing stm32f10x_tim.o(i.TIM_UpdateRequestConfig), (24 bytes).
    Removing stm32f10x_usart.o(i.USART_ClearFlag), (18 bytes).
    Removing stm32f10x_usart.o(i.USART_ClearITPendingBit), (30 bytes).
    Removing stm32f10x_usart.o(i.USART_ClockInit), (34 bytes).
    Removing stm32f10x_usart.o(i.USART_ClockStructInit), (12 bytes).
    Removing stm32f10x_usart.o(i.USART_Cmd), (24 bytes).
    Removing stm32f10x_usart.o(i.USART_DMACmd), (18 bytes).
    Removing stm32f10x_usart.o(i.USART_DeInit), (156 bytes).
    Removing stm32f10x_usart.o(i.USART_GetFlagStatus), (26 bytes).
    Removing stm32f10x_usart.o(i.USART_GetITStatus), (84 bytes).
    Removing stm32f10x_usart.o(i.USART_HalfDuplexCmd), (24 bytes).
    Removing stm32f10x_usart.o(i.USART_ITConfig), (74 bytes).
    Removing stm32f10x_usart.o(i.USART_Init), (216 bytes).
    Removing stm32f10x_usart.o(i.USART_IrDACmd), (24 bytes).
    Removing stm32f10x_usart.o(i.USART_IrDAConfig), (18 bytes).
    Removing stm32f10x_usart.o(i.USART_LINBreakDetectLengthConfig), (18 bytes).
    Removing stm32f10x_usart.o(i.USART_LINCmd), (24 bytes).
    Removing stm32f10x_usart.o(i.USART_OneBitMethodCmd), (24 bytes).
    Removing stm32f10x_usart.o(i.USART_OverSampling8Cmd), (22 bytes).
    Removing stm32f10x_usart.o(i.USART_ReceiveData), (10 bytes).
    Removing stm32f10x_usart.o(i.USART_ReceiverWakeUpCmd), (24 bytes).
    Removing stm32f10x_usart.o(i.USART_SendBreak), (10 bytes).
    Removing stm32f10x_usart.o(i.USART_SendData), (8 bytes).
    Removing stm32f10x_usart.o(i.USART_SetAddress), (18 bytes).
    Removing stm32f10x_usart.o(i.USART_SetGuardTime), (16 bytes).
    Removing stm32f10x_usart.o(i.USART_SetPrescaler), (16 bytes).
    Removing stm32f10x_usart.o(i.USART_SmartCardCmd), (24 bytes).
    Removing stm32f10x_usart.o(i.USART_SmartCardNACKCmd), (24 bytes).
    Removing stm32f10x_usart.o(i.USART_StructInit), (24 bytes).
    Removing stm32f10x_usart.o(i.USART_WakeUpConfig), (18 bytes).
    Removing stm32f10x_wwdg.o(i.WWDG_ClearFlag), (12 bytes).
    Removing stm32f10x_wwdg.o(i.WWDG_DeInit), (22 bytes).
    Removing stm32f10x_wwdg.o(i.WWDG_Enable), (16 bytes).
    Removing stm32f10x_wwdg.o(i.WWDG_EnableIT), (12 bytes).
    Removing stm32f10x_wwdg.o(i.WWDG_GetFlagStatus), (12 bytes).
    Removing stm32f10x_wwdg.o(i.WWDG_SetCounter), (16 bytes).
    Removing stm32f10x_wwdg.o(i.WWDG_SetPrescaler), (24 bytes).
    Removing stm32f10x_wwdg.o(i.WWDG_SetWindowValue), (40 bytes).
    Removing delay.o(i.Delay_s), (24 bytes).
    Removing led.o(i.LED1_OFF), (16 bytes).
    Removing led.o(i.LED1_ON), (16 bytes).
    Removing led.o(i.LED1_Turn), (36 bytes).
    Removing led.o(i.LED2_OFF), (16 bytes).
    Removing led.o(i.LED2_ON), (16 bytes).
    Removing led.o(i.LED2_Turn), (36 bytes).
    Removing led.o(i.LED_Init), (52 bytes).
    Removing oled.o(i.OLED_DrawBMP2), (116 bytes).
    Removing oled.o(.data), (224 bytes).
    Removing dinogame.o(i.OLED_DrawBMPFast), (74 bytes).
    Removing dinogame.o(i.OLED_DrawCactus), (196 bytes).
    Removing dinogame.o(i.OLED_DrawCover), (16 bytes).

453 unused section(s) (total 18400 bytes) removed from the image.

==============================================================================

Image Symbol Table

    Local Symbols

    Symbol Name                              Value     Ov Type        Size  Object(Section)

    ../clib/angel/boardlib.s                 0x00000000   Number         0  boardinit3.o ABSOLUTE
    ../clib/angel/boardlib.s                 0x00000000   Number         0  boardinit1.o ABSOLUTE
    ../clib/angel/boardlib.s                 0x00000000   Number         0  boardshut.o ABSOLUTE
    ../clib/angel/boardlib.s                 0x00000000   Number         0  boardinit2.o ABSOLUTE
    ../clib/angel/dczerorl2.s                0x00000000   Number         0  __dczerorl2.o ABSOLUTE
    ../clib/angel/handlers.s                 0x00000000   Number         0  __scatter_zi.o ABSOLUTE
    ../clib/angel/kernel.s                   0x00000000   Number         0  rtexit2.o ABSOLUTE
    ../clib/angel/kernel.s                   0x00000000   Number         0  __rtentry4.o ABSOLUTE
    ../clib/angel/kernel.s                   0x00000000   Number         0  __rtentry2.o ABSOLUTE
    ../clib/angel/kernel.s                   0x00000000   Number         0  __rtentry.o ABSOLUTE
    ../clib/angel/kernel.s                   0x00000000   Number         0  rtexit.o ABSOLUTE
    ../clib/angel/rt.s                       0x00000000   Number         0  rt_raise.o ABSOLUTE
    ../clib/angel/scatter.s                  0x00000000   Number         0  __scatter.o ABSOLUTE
    ../clib/angel/startup.s                  0x00000000   Number         0  __main.o ABSOLUTE
    ../clib/angel/sys.s                      0x00000000   Number         0  libspace.o ABSOLUTE
    ../clib/angel/sys.s                      0x00000000   Number         0  indicate_semi.o ABSOLUTE
    ../clib/angel/sys.s                      0x00000000   Number         0  use_no_semi.o ABSOLUTE
    ../clib/angel/sys.s                      0x00000000   Number         0  sys_stackheap_outer.o ABSOLUTE
    ../clib/angel/sysapp.c                   0x00000000   Number         0  sys_exit.o ABSOLUTE
    ../clib/angel/sysapp.c                   0x00000000   Number         0  sys_command.o ABSOLUTE
    ../clib/angel/sysapp.c                   0x00000000   Number         0  sys_wrch.o ABSOLUTE
    ../clib/armsys.c                         0x00000000   Number         0  argv_veneer.o ABSOLUTE
    ../clib/armsys.c                         0x00000000   Number         0  no_argv.o ABSOLUTE
    ../clib/armsys.c                         0x00000000   Number         0  argv_veneer.o ABSOLUTE
    ../clib/armsys.c                         0x00000000   Number         0  _get_argv_nomalloc.o ABSOLUTE
    ../clib/heapalloc.c                      0x00000000   Number         0  hrguard.o ABSOLUTE
    ../clib/heapaux.c                        0x00000000   Number         0  heapauxi.o ABSOLUTE
    ../clib/libinit.s                        0x00000000   Number         0  libshutdown2.o ABSOLUTE
    ../clib/libinit.s                        0x00000000   Number         0  libinit.o ABSOLUTE
    ../clib/libinit.s                        0x00000000   Number         0  libinit2.o ABSOLUTE
    ../clib/libinit.s                        0x00000000   Number         0  libshutdown.o ABSOLUTE
    ../clib/memcpset.s                       0x00000000   Number         0  rt_memcpy_w.o ABSOLUTE
    ../clib/memcpset.s                       0x00000000   Number         0  rt_memclr_w.o ABSOLUTE
    ../clib/signal.c                         0x00000000   Number         0  defsig_rtmem_inner.o ABSOLUTE
    ../clib/signal.c                         0x00000000   Number         0  defsig_exit.o ABSOLUTE
    ../clib/signal.c                         0x00000000   Number         0  defsig_pvfn_inner.o ABSOLUTE
    ../clib/signal.c                         0x00000000   Number         0  defsig_general.o ABSOLUTE
    ../clib/signal.c                         0x00000000   Number         0  defsig_rtmem_formal.o ABSOLUTE
    ../clib/signal.c                         0x00000000   Number         0  defsig_rtmem_outer.o ABSOLUTE
    ../clib/signal.c                         0x00000000   Number         0  defsig_fpe_inner.o ABSOLUTE
    ../clib/signal.c                         0x00000000   Number         0  defsig_abrt_inner.o ABSOLUTE
    ../clib/signal.c                         0x00000000   Number         0  __raise.o ABSOLUTE
    ../clib/signal.c                         0x00000000   Number         0  defsig_cppl_inner.o ABSOLUTE
    ../clib/signal.c                         0x00000000   Number         0  defsig_segv_inner.o ABSOLUTE
    ../clib/signal.c                         0x00000000   Number         0  defsig_other.o ABSOLUTE
    ../clib/signal.c                         0x00000000   Number         0  defsig_rtred_inner.o ABSOLUTE
    ../clib/signal.c                         0x00000000   Number         0  defsig_stak_inner.o ABSOLUTE
    ../clib/signal.s                         0x00000000   Number         0  defsig.o ABSOLUTE
    ../clib/stdlib.c                         0x00000000   Number         0  exit.o ABSOLUTE
    ../clib/stdlib.c                         0x00000000   Number         0  rand.o ABSOLUTE
    ../clib/stdlib.c                         0x00000000   Number         0  rand.o ABSOLUTE
    ../clib/time.c                           0x00000000   Number         0  localtime.o ABSOLUTE
    ../clib/time.c                           0x00000000   Number         0  mktime.o ABSOLUTE
    ../clib/time.c                           0x00000000   Number         0  _monlen.o ABSOLUTE
    ../clib/time.c                           0x00000000   Number         0  localtime_internal.o ABSOLUTE
    ../fplib/fpinit.s                        0x00000000   Number         0  fpinit.o ABSOLUTE
    Hardware\Dht11.c                         0x00000000   Number         0  dht11.o ABSOLUTE
    Hardware\Key.c                           0x00000000   Number         0  key.o ABSOLUTE
    Hardware\LED.c                           0x00000000   Number         0  led.o ABSOLUTE
    Hardware\OLED.c                          0x00000000   Number         0  oled.o ABSOLUTE
    Library\misc.c                           0x00000000   Number         0  misc.o ABSOLUTE
    Library\stm32f10x_adc.c                  0x00000000   Number         0  stm32f10x_adc.o ABSOLUTE
    Library\stm32f10x_bkp.c                  0x00000000   Number         0  stm32f10x_bkp.o ABSOLUTE
    Library\stm32f10x_can.c                  0x00000000   Number         0  stm32f10x_can.o ABSOLUTE
    Library\stm32f10x_cec.c                  0x00000000   Number         0  stm32f10x_cec.o ABSOLUTE
    Library\stm32f10x_crc.c                  0x00000000   Number         0  stm32f10x_crc.o ABSOLUTE
    Library\stm32f10x_dac.c                  0x00000000   Number         0  stm32f10x_dac.o ABSOLUTE
    Library\stm32f10x_dbgmcu.c               0x00000000   Number         0  stm32f10x_dbgmcu.o ABSOLUTE
    Library\stm32f10x_dma.c                  0x00000000   Number         0  stm32f10x_dma.o ABSOLUTE
    Library\stm32f10x_exti.c                 0x00000000   Number         0  stm32f10x_exti.o ABSOLUTE
    Library\stm32f10x_flash.c                0x00000000   Number         0  stm32f10x_flash.o ABSOLUTE
    Library\stm32f10x_fsmc.c                 0x00000000   Number         0  stm32f10x_fsmc.o ABSOLUTE
    Library\stm32f10x_gpio.c                 0x00000000   Number         0  stm32f10x_gpio.o ABSOLUTE
    Library\stm32f10x_i2c.c                  0x00000000   Number         0  stm32f10x_i2c.o ABSOLUTE
    Library\stm32f10x_iwdg.c                 0x00000000   Number         0  stm32f10x_iwdg.o ABSOLUTE
    Library\stm32f10x_pwr.c                  0x00000000   Number         0  stm32f10x_pwr.o ABSOLUTE
    Library\stm32f10x_rcc.c                  0x00000000   Number         0  stm32f10x_rcc.o ABSOLUTE
    Library\stm32f10x_rtc.c                  0x00000000   Number         0  stm32f10x_rtc.o ABSOLUTE
    Library\stm32f10x_sdio.c                 0x00000000   Number         0  stm32f10x_sdio.o ABSOLUTE
    Library\stm32f10x_spi.c                  0x00000000   Number         0  stm32f10x_spi.o ABSOLUTE
    Library\stm32f10x_tim.c                  0x00000000   Number         0  stm32f10x_tim.o ABSOLUTE
    Library\stm32f10x_usart.c                0x00000000   Number         0  stm32f10x_usart.o ABSOLUTE
    Library\stm32f10x_wwdg.c                 0x00000000   Number         0  stm32f10x_wwdg.o ABSOLUTE
    Software\Control.c                       0x00000000   Number         0  control.o ABSOLUTE
    Software\Dinogame.c                      0x00000000   Number         0  dinogame.o ABSOLUTE
    Software\Menu.c                          0x00000000   Number         0  menu.o ABSOLUTE
    Software\MyRTC.c                         0x00000000   Number         0  myrtc.o ABSOLUTE
    Software\Timfig.c                        0x00000000   Number         0  timfig.o ABSOLUTE
    Start\\core_cm3.c                        0x00000000   Number         0  core_cm3.o ABSOLUTE
    Start\core_cm3.c                         0x00000000   Number         0  core_cm3.o ABSOLUTE
    Start\startup_stm32f10x_md.s             0x00000000   Number         0  startup_stm32f10x_md.o ABSOLUTE
    Start\system_stm32f10x.c                 0x00000000   Number         0  system_stm32f10x.o ABSOLUTE
    System\Delay.c                           0x00000000   Number         0  delay.o ABSOLUTE
    User\main.c                              0x00000000   Number         0  main.o ABSOLUTE
    User\stm32f10x_it.c                      0x00000000   Number         0  stm32f10x_it.o ABSOLUTE
    dc.s                                     0x00000000   Number         0  dc.o ABSOLUTE
    RESET                                    0x08000000   Section      236  startup_stm32f10x_md.o(RESET)
    !!!main                                  0x080000ec   Section        8  __main.o(!!!main)
    !!!scatter                               0x080000f4   Section       52  __scatter.o(!!!scatter)
    !!dczerorl2                              0x08000128   Section       90  __dczerorl2.o(!!dczerorl2)
    !!handler_zi                             0x08000184   Section       28  __scatter_zi.o(!!handler_zi)
    .ARM.Collect$$libinit$$00000000          0x080001a0   Section        2  libinit.o(.ARM.Collect$$libinit$$00000000)
    .ARM.Collect$$libinit$$00000002          0x080001a2   Section        0  libinit2.o(.ARM.Collect$$libinit$$00000002)
    .ARM.Collect$$libinit$$00000004          0x080001a2   Section        0  libinit2.o(.ARM.Collect$$libinit$$00000004)
    .ARM.Collect$$libinit$$0000000A          0x080001a2   Section        0  libinit2.o(.ARM.Collect$$libinit$$0000000A)
    .ARM.Collect$$libinit$$0000000C          0x080001a2   Section        0  libinit2.o(.ARM.Collect$$libinit$$0000000C)
    .ARM.Collect$$libinit$$0000000D          0x080001a2   Section        4  libinit2.o(.ARM.Collect$$libinit$$0000000D)
    .ARM.Collect$$libinit$$0000000E          0x080001a6   Section        0  libinit2.o(.ARM.Collect$$libinit$$0000000E)
    .ARM.Collect$$libinit$$00000011          0x080001a6   Section        0  libinit2.o(.ARM.Collect$$libinit$$00000011)
    .ARM.Collect$$libinit$$00000013          0x080001a6   Section        0  libinit2.o(.ARM.Collect$$libinit$$00000013)
    .ARM.Collect$$libinit$$00000015          0x080001a6   Section        0  libinit2.o(.ARM.Collect$$libinit$$00000015)
    .ARM.Collect$$libinit$$00000017          0x080001a6   Section        0  libinit2.o(.ARM.Collect$$libinit$$00000017)
    .ARM.Collect$$libinit$$00000019          0x080001a6   Section        0  libinit2.o(.ARM.Collect$$libinit$$00000019)
    .ARM.Collect$$libinit$$0000001B          0x080001a6   Section        0  libinit2.o(.ARM.Collect$$libinit$$0000001B)
    .ARM.Collect$$libinit$$0000001D          0x080001a6   Section        0  libinit2.o(.ARM.Collect$$libinit$$0000001D)
    .ARM.Collect$$libinit$$0000001F          0x080001a6   Section        0  libinit2.o(.ARM.Collect$$libinit$$0000001F)
    .ARM.Collect$$libinit$$00000021          0x080001a6   Section        0  libinit2.o(.ARM.Collect$$libinit$$00000021)
    .ARM.Collect$$libinit$$00000023          0x080001a6   Section        0  libinit2.o(.ARM.Collect$$libinit$$00000023)
    .ARM.Collect$$libinit$$00000025          0x080001a6   Section        0  libinit2.o(.ARM.Collect$$libinit$$00000025)
    .ARM.Collect$$libinit$$0000002C          0x080001a6   Section        0  libinit2.o(.ARM.Collect$$libinit$$0000002C)
    .ARM.Collect$$libinit$$0000002E          0x080001a6   Section        0  libinit2.o(.ARM.Collect$$libinit$$0000002E)
    .ARM.Collect$$libinit$$00000030          0x080001a6   Section        0  libinit2.o(.ARM.Collect$$libinit$$00000030)
    .ARM.Collect$$libinit$$00000032          0x080001a6   Section        0  libinit2.o(.ARM.Collect$$libinit$$00000032)
    .ARM.Collect$$libinit$$00000033          0x080001a6   Section        2  libinit2.o(.ARM.Collect$$libinit$$00000033)
    .ARM.Collect$$libshutdown$$00000000      0x080001a8   Section        2  libshutdown.o(.ARM.Collect$$libshutdown$$00000000)
    .ARM.Collect$$libshutdown$$00000002      0x080001aa   Section        0  libshutdown2.o(.ARM.Collect$$libshutdown$$00000002)
    .ARM.Collect$$libshutdown$$00000004      0x080001aa   Section        0  libshutdown2.o(.ARM.Collect$$libshutdown$$00000004)
    .ARM.Collect$$libshutdown$$00000007      0x080001aa   Section        0  libshutdown2.o(.ARM.Collect$$libshutdown$$00000007)
    .ARM.Collect$$libshutdown$$0000000A      0x080001aa   Section        0  libshutdown2.o(.ARM.Collect$$libshutdown$$0000000A)
    .ARM.Collect$$libshutdown$$0000000C      0x080001aa   Section        0  libshutdown2.o(.ARM.Collect$$libshutdown$$0000000C)
    .ARM.Collect$$libshutdown$$0000000F      0x080001aa   Section        0  libshutdown2.o(.ARM.Collect$$libshutdown$$0000000F)
    .ARM.Collect$$libshutdown$$00000010      0x080001aa   Section        2  libshutdown2.o(.ARM.Collect$$libshutdown$$00000010)
    .ARM.Collect$$rtentry$$00000000          0x080001ac   Section        0  __rtentry.o(.ARM.Collect$$rtentry$$00000000)
    .ARM.Collect$$rtentry$$00000002          0x080001ac   Section        0  __rtentry2.o(.ARM.Collect$$rtentry$$00000002)
    .ARM.Collect$$rtentry$$00000004          0x080001ac   Section        6  __rtentry4.o(.ARM.Collect$$rtentry$$00000004)
    .ARM.Collect$$rtentry$$00000009          0x080001b2   Section        0  __rtentry2.o(.ARM.Collect$$rtentry$$00000009)
    .ARM.Collect$$rtentry$$0000000A          0x080001b2   Section        4  __rtentry2.o(.ARM.Collect$$rtentry$$0000000A)
    .ARM.Collect$$rtentry$$0000000C          0x080001b6   Section        0  __rtentry2.o(.ARM.Collect$$rtentry$$0000000C)
    .ARM.Collect$$rtentry$$0000000D          0x080001b6   Section        8  __rtentry2.o(.ARM.Collect$$rtentry$$0000000D)
    .ARM.Collect$$rtexit$$00000000           0x080001be   Section        2  rtexit.o(.ARM.Collect$$rtexit$$00000000)
    .ARM.Collect$$rtexit$$00000002           0x080001c0   Section        0  rtexit2.o(.ARM.Collect$$rtexit$$00000002)
    .ARM.Collect$$rtexit$$00000003           0x080001c0   Section        4  rtexit2.o(.ARM.Collect$$rtexit$$00000003)
    .ARM.Collect$$rtexit$$00000004           0x080001c4   Section        6  rtexit2.o(.ARM.Collect$$rtexit$$00000004)
    .emb_text                                0x080001cc   Section       52  rand.o(.emb_text)
    .text                                    0x08000200   Section       64  startup_stm32f10x_md.o(.text)
    .text                                    0x08000240   Section        0  rand.o(.text)
    .text                                    0x0800027c   Section      100  rt_memcpy_w.o(.text)
    .text                                    0x080002e0   Section        0  localtime.o(.text)
    .text                                    0x080002ec   Section        0  mktime.o(.text)
    _tm_carry                                0x080002ed   Thumb Code    62  mktime.o(.text)
    .text                                    0x08000498   Section        0  heapauxi.o(.text)
    .text                                    0x080004a0   Section        0  localtime_internal.o(.text)
    .text                                    0x08000558   Section       78  rt_memclr_w.o(.text)
    .text                                    0x080005a6   Section       74  sys_stackheap_outer.o(.text)
    .text                                    0x080005f0   Section        0  exit.o(.text)
    .text                                    0x08000604   Section        8  libspace.o(.text)
    .text                                    0x0800060c   Section        2  use_no_semi.o(.text)
    .text                                    0x0800060e   Section        0  indicate_semi.o(.text)
    .text                                    0x08000610   Section        0  sys_exit.o(.text)
    i.BKP_DeInit                             0x0800061c   Section        0  stm32f10x_bkp.o(i.BKP_DeInit)
    i.BKP_ReadBackupRegister                 0x0800062c   Section        0  stm32f10x_bkp.o(i.BKP_ReadBackupRegister)
    i.BKP_WriteBackupRegister                0x08000648   Section        0  stm32f10x_bkp.o(i.BKP_WriteBackupRegister)
    i.BusFault_Handler                       0x08000664   Section        0  stm32f10x_it.o(i.BusFault_Handler)
    i.ControlGame                            0x08000668   Section        0  menu.o(i.ControlGame)
    i.DHT11_IInit                            0x08000670   Section        0  dht11.o(i.DHT11_IInit)
    i.DHT11_OInit                            0x0800069c   Section        0  dht11.o(i.DHT11_OInit)
    i.DTH11_Data                             0x080006d0   Section        0  dht11.o(i.DTH11_Data)
    i.DebugMon_Handler                       0x08000714   Section        0  stm32f10x_it.o(i.DebugMon_Handler)
    i.Delay_ms                               0x08000716   Section        0  delay.o(i.Delay_ms)
    i.Delay_us                               0x0800072e   Section        0  delay.o(i.Delay_us)
    i.Dht11_Getdata                          0x0800075c   Section        0  dht11.o(i.Dht11_Getdata)
    i.Dht11_start                            0x080007ac   Section        0  dht11.o(i.Dht11_start)
    i.GPIO_Init                              0x08000804   Section        0  stm32f10x_gpio.o(i.GPIO_Init)
    i.GPIO_ReadInputDataBit                  0x0800091a   Section        0  stm32f10x_gpio.o(i.GPIO_ReadInputDataBit)
    i.GPIO_ResetBits                         0x0800092c   Section        0  stm32f10x_gpio.o(i.GPIO_ResetBits)
    i.GPIO_SetBits                           0x08000930   Section        0  stm32f10x_gpio.o(i.GPIO_SetBits)
    i.GPIO_WriteBit                          0x08000934   Section        0  stm32f10x_gpio.o(i.GPIO_WriteBit)
    i.Game_control                           0x08000940   Section        0  control.o(i.Game_control)
    i.HardFault_Handler                      0x08000b2c   Section        0  stm32f10x_it.o(i.HardFault_Handler)
    i.Info                                   0x08000b30   Section        0  menu.o(i.Info)
    i.Information                            0x08000bd8   Section        0  menu.o(i.Information)
    i.KEY_Scan                               0x08000c5c   Section        0  menu.o(i.KEY_Scan)
    i.Key_Init                               0x08000ce0   Section        0  key.o(i.Key_Init)
    i.LED                                    0x08000d50   Section        0  menu.o(i.LED)
    i.MemManage_Handler                      0x08000db8   Section        0  stm32f10x_it.o(i.MemManage_Handler)
    i.Menu_key_set                           0x08000dbc   Section        0  menu.o(i.Menu_key_set)
    i.MyRTC_Init                             0x08000e4c   Section        0  myrtc.o(i.MyRTC_Init)
    i.MyRTC_ReadTime                         0x08000ec4   Section        0  myrtc.o(i.MyRTC_ReadTime)
    i.MyRTC_SetTime                          0x08000f0c   Section        0  myrtc.o(i.MyRTC_SetTime)
    i.NMI_Handler                            0x08000f58   Section        0  stm32f10x_it.o(i.NMI_Handler)
    i.OLED_Clear                             0x08000f5a   Section        0  oled.o(i.OLED_Clear)
    i.OLED_DrawBMP                           0x08000f84   Section        0  dinogame.o(i.OLED_DrawBMP)
    i.OLED_DrawBMP_block_clear               0x08001004   Section        0  dinogame.o(i.OLED_DrawBMP_block_clear)
    i.OLED_DrawCactusRandom                  0x08001048   Section        0  dinogame.o(i.OLED_DrawCactusRandom)
    i.OLED_DrawCloud                         0x0800116c   Section        0  dinogame.o(i.OLED_DrawCloud)
    i.OLED_DrawDino                          0x0800122c   Section        0  dinogame.o(i.OLED_DrawDino)
    i.OLED_DrawDinoJump                      0x0800129c   Section        0  dinogame.o(i.OLED_DrawDinoJump)
    i.OLED_DrawGIF                           0x0800142c   Section        0  oled.o(i.OLED_DrawGIF)
    i.OLED_DrawGround                        0x080014bc   Section        0  dinogame.o(i.OLED_DrawGround)
    i.OLED_DrawRestart                       0x0800151c   Section        0  dinogame.o(i.OLED_DrawRestart)
    i.OLED_I2C_Init                          0x0800156c   Section        0  oled.o(i.OLED_I2C_Init)
    i.OLED_I2C_SendByte                      0x080015bc   Section        0  oled.o(i.OLED_I2C_SendByte)
    i.OLED_I2C_Start                         0x08001610   Section        0  oled.o(i.OLED_I2C_Start)
    i.OLED_I2C_Stop                          0x08001644   Section        0  oled.o(i.OLED_I2C_Stop)
    i.OLED_I2C_WaitAck                       0x0800166c   Section        0  oled.o(i.OLED_I2C_WaitAck)
    i.OLED_Init                              0x0800168c   Section        0  oled.o(i.OLED_Init)
    i.OLED_Pow                               0x0800173a   Section        0  oled.o(i.OLED_Pow)
    i.OLED_SetCursor                         0x0800174e   Section        0  oled.o(i.OLED_SetCursor)
    i.OLED_ShowChar                          0x08001774   Section        0  oled.o(i.OLED_ShowChar)
    i.OLED_ShowNum                           0x08001810   Section        0  oled.o(i.OLED_ShowNum)
    i.OLED_ShowString                        0x08001896   Section        0  oled.o(i.OLED_ShowString)
    i.OLED_WriteCommand                      0x080018d0   Section        0  oled.o(i.OLED_WriteCommand)
    i.OLED_WriteData                         0x080018f4   Section        0  oled.o(i.OLED_WriteData)
    i.PWR_BackupAccessCmd                    0x08001918   Section        0  stm32f10x_pwr.o(i.PWR_BackupAccessCmd)
    i.Palygame                               0x08001924   Section        0  menu.o(i.Palygame)
    i.PendSV_Handler                         0x080019cc   Section        0  stm32f10x_it.o(i.PendSV_Handler)
    i.RCC_APB1PeriphClockCmd                 0x080019d0   Section        0  stm32f10x_rcc.o(i.RCC_APB1PeriphClockCmd)
    i.RCC_APB2PeriphClockCmd                 0x080019f0   Section        0  stm32f10x_rcc.o(i.RCC_APB2PeriphClockCmd)
    i.RCC_BackupResetCmd                     0x08001a10   Section        0  stm32f10x_rcc.o(i.RCC_BackupResetCmd)
    i.RCC_GetFlagStatus                      0x08001a1c   Section        0  stm32f10x_rcc.o(i.RCC_GetFlagStatus)
    i.RCC_LSEConfig                          0x08001a58   Section        0  stm32f10x_rcc.o(i.RCC_LSEConfig)
    i.RCC_RTCCLKCmd                          0x08001a8c   Section        0  stm32f10x_rcc.o(i.RCC_RTCCLKCmd)
    i.RCC_RTCCLKConfig                       0x08001a98   Section        0  stm32f10x_rcc.o(i.RCC_RTCCLKConfig)
    i.RTC_EnterConfigMode                    0x08001aa8   Section        0  stm32f10x_rtc.o(i.RTC_EnterConfigMode)
    i.RTC_ExitConfigMode                     0x08001abc   Section        0  stm32f10x_rtc.o(i.RTC_ExitConfigMode)
    i.RTC_GetCounter                         0x08001ad0   Section        0  stm32f10x_rtc.o(i.RTC_GetCounter)
    i.RTC_SetCounter                         0x08001ae4   Section        0  stm32f10x_rtc.o(i.RTC_SetCounter)
    i.RTC_SetPrescaler                       0x08001b00   Section        0  stm32f10x_rtc.o(i.RTC_SetPrescaler)
    i.RTC_WaitForLastTask                    0x08001b20   Section        0  stm32f10x_rtc.o(i.RTC_WaitForLastTask)
    i.RTC_WaitForSynchro                     0x08001b34   Section        0  stm32f10x_rtc.o(i.RTC_WaitForSynchro)
    i.RTC_display                            0x08001b58   Section        0  menu.o(i.RTC_display)
    i.SVC_Handler                            0x08001bb0   Section        0  stm32f10x_it.o(i.SVC_Handler)
    i.Set                                    0x08001bb4   Section        0  menu.o(i.Set)
    i.SetSysClock                            0x08001c18   Section        0  system_stm32f10x.o(i.SetSysClock)
    SetSysClock                              0x08001c19   Thumb Code     8  system_stm32f10x.o(i.SetSysClock)
    i.SetSysClockTo72                        0x08001c20   Section        0  system_stm32f10x.o(i.SetSysClockTo72)
    SetSysClockTo72                          0x08001c21   Thumb Code   214  system_stm32f10x.o(i.SetSysClockTo72)
    i.Setting                                0x08001d00   Section        0  menu.o(i.Setting)
    i.SysTick_Handler                        0x08001da8   Section        0  stm32f10x_it.o(i.SysTick_Handler)
    i.SystemInit                             0x08001dac   Section        0  system_stm32f10x.o(i.SystemInit)
    i.TI1_Config                             0x08001e0c   Section        0  stm32f10x_tim.o(i.TI1_Config)
    TI1_Config                               0x08001e0d   Thumb Code   108  stm32f10x_tim.o(i.TI1_Config)
    i.TI2_Config                             0x08001e8c   Section        0  stm32f10x_tim.o(i.TI2_Config)
    TI2_Config                               0x08001e8d   Thumb Code   130  stm32f10x_tim.o(i.TI2_Config)
    i.TI3_Config                             0x08001f24   Section        0  stm32f10x_tim.o(i.TI3_Config)
    TI3_Config                               0x08001f25   Thumb Code   122  stm32f10x_tim.o(i.TI3_Config)
    i.TI4_Config                             0x08001fb4   Section        0  stm32f10x_tim.o(i.TI4_Config)
    TI4_Config                               0x08001fb5   Thumb Code   130  stm32f10x_tim.o(i.TI4_Config)
    i.TIM2_Init                              0x0800204c   Section        0  timfig.o(i.TIM2_Init)
    i.TIM_Cmd                                0x080020c2   Section        0  stm32f10x_tim.o(i.TIM_Cmd)
    i.TIM_ICInit                             0x080020dc   Section        0  stm32f10x_tim.o(i.TIM_ICInit)
    i.TIM_SelectInputTrigger                 0x08002188   Section        0  stm32f10x_tim.o(i.TIM_SelectInputTrigger)
    i.TIM_SelectSlaveMode                    0x0800219a   Section        0  stm32f10x_tim.o(i.TIM_SelectSlaveMode)
    i.TIM_SetIC1Prescaler                    0x080021ac   Section        0  stm32f10x_tim.o(i.TIM_SetIC1Prescaler)
    i.TIM_SetIC2Prescaler                    0x080021be   Section        0  stm32f10x_tim.o(i.TIM_SetIC2Prescaler)
    i.TIM_SetIC3Prescaler                    0x080021d8   Section        0  stm32f10x_tim.o(i.TIM_SetIC3Prescaler)
    i.TIM_SetIC4Prescaler                    0x080021ea   Section        0  stm32f10x_tim.o(i.TIM_SetIC4Prescaler)
    i.TIM_TimeBaseInit                       0x08002204   Section        0  stm32f10x_tim.o(i.TIM_TimeBaseInit)
    i.Temperature                            0x080022a8   Section        0  menu.o(i.Temperature)
    i.TestTemperature                        0x08002350   Section        0  menu.o(i.TestTemperature)
    i.UsageFault_Handler                     0x08002420   Section        0  stm32f10x_it.o(i.UsageFault_Handler)
    i.get_key                                0x08002424   Section        0  control.o(i.get_key)
    i.home                                   0x080024a4   Section        0  menu.o(i.home)
    i.main                                   0x0800254c   Section        0  main.o(i.main)
    .constdata                               0x08002568   Section     2072  oled.o(.constdata)
    .constdata                               0x08002d80   Section     2309  dinogame.o(.constdata)
    .constdata                               0x08003685   Section       12  _monlen.o(.constdata)
    .data                                    0x20000000   Section    15990  menu.o(.data)
    key_up                                   0x20003e75   Data           1  menu.o(.data)
    .data                                    0x20003e78   Section       23  control.o(.data)
    .data                                    0x20003e90   Section       29  dinogame.o(.data)
    pos                                      0x20003e90   Data           4  dinogame.o(.data)
    pos                                      0x20003e94   Data           4  dinogame.o(.data)
    height                                   0x20003e98   Data           1  dinogame.o(.data)
    dino_dir                                 0x20003e99   Data           1  dinogame.o(.data)
    pos                                      0x20003e9c   Data           4  dinogame.o(.data)
    pos                                      0x20003ea0   Data           4  dinogame.o(.data)
    speed_idx                                0x20003ea4   Data           1  dinogame.o(.data)
    height                                   0x20003ea8   Data           4  dinogame.o(.data)
    dir                                      0x20003eac   Data           1  dinogame.o(.data)
    .data                                    0x20003eae   Section       12  myrtc.o(.data)
    .bss                                     0x20003ebc   Section      228  rand.o(.bss)
    .bss                                     0x20003fa0   Section       44  localtime.o(.bss)
    _tms                                     0x20003fa0   Data          44  localtime.o(.bss)
    .bss                                     0x20003fcc   Section       96  libspace.o(.bss)
    HEAP                                     0x20004030   Section      512  startup_stm32f10x_md.o(HEAP)
    Heap_Mem                                 0x20004030   Data         512  startup_stm32f10x_md.o(HEAP)
    STACK                                    0x20004230   Section     1024  startup_stm32f10x_md.o(STACK)
    Stack_Mem                                0x20004230   Data        1024  startup_stm32f10x_md.o(STACK)
    __initial_sp                             0x20004630   Data           0  startup_stm32f10x_md.o(STACK)

    Global Symbols

    Symbol Name                              Value     Ov Type        Size  Object(Section)

    BuildAttributes$$THM_ISAv4$P$D$K$B$S$PE$A:L22UL41UL21$X:L11$S22US41US21$IEEE1$IW$USESV6$~STKCKD$USESV7$~SHL$OSPACE$ROPI$EBA8$UX$STANDARDLIB$REQ8$PRES8$EABIv2 0x00000000   Number         0  anon$$obj.o ABSOLUTE
    __ARM_use_no_argv                        0x00000000   Number         0  main.o ABSOLUTE
    __ARM_exceptions_init                     - Undefined Weak Reference
    __alloca_initialize                       - Undefined Weak Reference
    __arm_preinit_                            - Undefined Weak Reference
    __cpp_initialize__aeabi_                  - Undefined Weak Reference
    __cxa_finalize                            - Undefined Weak Reference
    __rt_locale                               - Undefined Weak Reference
    __sigvec_lookup                           - Undefined Weak Reference
    _atexit_init                              - Undefined Weak Reference
    _call_atexit_fns                          - Undefined Weak Reference
    _clock_init                               - Undefined Weak Reference
    _fp_trap_init                             - Undefined Weak Reference
    _fp_trap_shutdown                         - Undefined Weak Reference
    _get_lc_collate                           - Undefined Weak Reference
    _get_lc_ctype                             - Undefined Weak Reference
    _get_lc_monetary                          - Undefined Weak Reference
    _get_lc_numeric                           - Undefined Weak Reference
    _get_lc_time                              - Undefined Weak Reference
    _getenv_init                              - Undefined Weak Reference
    _handle_redirection                       - Undefined Weak Reference
    _init_alloc                               - Undefined Weak Reference
    _init_user_alloc                          - Undefined Weak Reference
    _initio                                   - Undefined Weak Reference
    _signal_finish                            - Undefined Weak Reference
    _signal_init                              - Undefined Weak Reference
    _terminate_alloc                          - Undefined Weak Reference
    _terminate_user_alloc                     - Undefined Weak Reference
    _terminateio                              - Undefined Weak Reference
    __Vectors_Size                           0x000000ec   Number         0  startup_stm32f10x_md.o ABSOLUTE
    __Vectors                                0x08000000   Data           4  startup_stm32f10x_md.o(RESET)
    __Vectors_End                            0x080000ec   Data           0  startup_stm32f10x_md.o(RESET)
    __main                                   0x080000ed   Thumb Code     8  __main.o(!!!main)
    __scatterload                            0x080000f5   Thumb Code     0  __scatter.o(!!!scatter)
    __scatterload_rt2                        0x080000f5   Thumb Code    44  __scatter.o(!!!scatter)
    __scatterload_rt2_thumb_only             0x080000f5   Thumb Code     0  __scatter.o(!!!scatter)
    __scatterload_null                       0x08000103   Thumb Code     0  __scatter.o(!!!scatter)
    __decompress                             0x08000129   Thumb Code    90  __dczerorl2.o(!!dczerorl2)
    __decompress1                            0x08000129   Thumb Code     0  __dczerorl2.o(!!dczerorl2)
    __scatterload_zeroinit                   0x08000185   Thumb Code    28  __scatter_zi.o(!!handler_zi)
    __rt_lib_init                            0x080001a1   Thumb Code     0  libinit.o(.ARM.Collect$$libinit$$00000000)
    __rt_lib_init_fp_1                       0x080001a3   Thumb Code     0  libinit2.o(.ARM.Collect$$libinit$$00000002)
    __rt_lib_init_heap_1                     0x080001a3   Thumb Code     0  libinit2.o(.ARM.Collect$$libinit$$0000000A)
    __rt_lib_init_preinit_1                  0x080001a3   Thumb Code     0  libinit2.o(.ARM.Collect$$libinit$$00000004)
    __rt_lib_init_rand_2                     0x080001a3   Thumb Code     0  libinit2.o(.ARM.Collect$$libinit$$0000000D)
    __rt_lib_init_user_alloc_1               0x080001a3   Thumb Code     0  libinit2.o(.ARM.Collect$$libinit$$0000000C)
    __rt_lib_init_alloca_1                   0x080001a7   Thumb Code     0  libinit2.o(.ARM.Collect$$libinit$$0000002E)
    __rt_lib_init_argv_1                     0x080001a7   Thumb Code     0  libinit2.o(.ARM.Collect$$libinit$$0000002C)
    __rt_lib_init_atexit_1                   0x080001a7   Thumb Code     0  libinit2.o(.ARM.Collect$$libinit$$0000001B)
    __rt_lib_init_clock_1                    0x080001a7   Thumb Code     0  libinit2.o(.ARM.Collect$$libinit$$00000021)
    __rt_lib_init_cpp_1                      0x080001a7   Thumb Code     0  libinit2.o(.ARM.Collect$$libinit$$00000032)
    __rt_lib_init_exceptions_1               0x080001a7   Thumb Code     0  libinit2.o(.ARM.Collect$$libinit$$00000030)
    __rt_lib_init_fp_trap_1                  0x080001a7   Thumb Code     0  libinit2.o(.ARM.Collect$$libinit$$0000001F)
    __rt_lib_init_getenv_1                   0x080001a7   Thumb Code     0  libinit2.o(.ARM.Collect$$libinit$$00000023)
    __rt_lib_init_lc_collate_1               0x080001a7   Thumb Code     0  libinit2.o(.ARM.Collect$$libinit$$00000011)
    __rt_lib_init_lc_ctype_1                 0x080001a7   Thumb Code     0  libinit2.o(.ARM.Collect$$libinit$$00000013)
    __rt_lib_init_lc_monetary_1              0x080001a7   Thumb Code     0  libinit2.o(.ARM.Collect$$libinit$$00000015)
    __rt_lib_init_lc_numeric_1               0x080001a7   Thumb Code     0  libinit2.o(.ARM.Collect$$libinit$$00000017)
    __rt_lib_init_lc_time_1                  0x080001a7   Thumb Code     0  libinit2.o(.ARM.Collect$$libinit$$00000019)
    __rt_lib_init_rand_1                     0x080001a7   Thumb Code     0  libinit2.o(.ARM.Collect$$libinit$$0000000E)
    __rt_lib_init_return                     0x080001a7   Thumb Code     0  libinit2.o(.ARM.Collect$$libinit$$00000033)
    __rt_lib_init_signal_1                   0x080001a7   Thumb Code     0  libinit2.o(.ARM.Collect$$libinit$$0000001D)
    __rt_lib_init_stdio_1                    0x080001a7   Thumb Code     0  libinit2.o(.ARM.Collect$$libinit$$00000025)
    __rt_lib_shutdown                        0x080001a9   Thumb Code     0  libshutdown.o(.ARM.Collect$$libshutdown$$00000000)
    __rt_lib_shutdown_cpp_1                  0x080001ab   Thumb Code     0  libshutdown2.o(.ARM.Collect$$libshutdown$$00000002)
    __rt_lib_shutdown_fp_trap_1              0x080001ab   Thumb Code     0  libshutdown2.o(.ARM.Collect$$libshutdown$$00000007)
    __rt_lib_shutdown_heap_1                 0x080001ab   Thumb Code     0  libshutdown2.o(.ARM.Collect$$libshutdown$$0000000F)
    __rt_lib_shutdown_return                 0x080001ab   Thumb Code     0  libshutdown2.o(.ARM.Collect$$libshutdown$$00000010)
    __rt_lib_shutdown_signal_1               0x080001ab   Thumb Code     0  libshutdown2.o(.ARM.Collect$$libshutdown$$0000000A)
    __rt_lib_shutdown_stdio_1                0x080001ab   Thumb Code     0  libshutdown2.o(.ARM.Collect$$libshutdown$$00000004)
    __rt_lib_shutdown_user_alloc_1           0x080001ab   Thumb Code     0  libshutdown2.o(.ARM.Collect$$libshutdown$$0000000C)
    __rt_entry                               0x080001ad   Thumb Code     0  __rtentry.o(.ARM.Collect$$rtentry$$00000000)
    __rt_entry_presh_1                       0x080001ad   Thumb Code     0  __rtentry2.o(.ARM.Collect$$rtentry$$00000002)
    __rt_entry_sh                            0x080001ad   Thumb Code     0  __rtentry4.o(.ARM.Collect$$rtentry$$00000004)
    __rt_entry_li                            0x080001b3   Thumb Code     0  __rtentry2.o(.ARM.Collect$$rtentry$$0000000A)
    __rt_entry_postsh_1                      0x080001b3   Thumb Code     0  __rtentry2.o(.ARM.Collect$$rtentry$$00000009)
    __rt_entry_main                          0x080001b7   Thumb Code     0  __rtentry2.o(.ARM.Collect$$rtentry$$0000000D)
    __rt_entry_postli_1                      0x080001b7   Thumb Code     0  __rtentry2.o(.ARM.Collect$$rtentry$$0000000C)
    __rt_exit                                0x080001bf   Thumb Code     0  rtexit.o(.ARM.Collect$$rtexit$$00000000)
    __rt_exit_ls                             0x080001c1   Thumb Code     0  rtexit2.o(.ARM.Collect$$rtexit$$00000003)
    __rt_exit_prels_1                        0x080001c1   Thumb Code     0  rtexit2.o(.ARM.Collect$$rtexit$$00000002)
    __rt_exit_exit                           0x080001c5   Thumb Code     0  rtexit2.o(.ARM.Collect$$rtexit$$00000004)
    rand                                     0x080001cd   Thumb Code    48  rand.o(.emb_text)
    Reset_Handler                            0x08000201   Thumb Code     8  startup_stm32f10x_md.o(.text)
    ADC1_2_IRQHandler                        0x0800021b   Thumb Code     0  startup_stm32f10x_md.o(.text)
    CAN1_RX1_IRQHandler                      0x0800021b   Thumb Code     0  startup_stm32f10x_md.o(.text)
    CAN1_SCE_IRQHandler                      0x0800021b   Thumb Code     0  startup_stm32f10x_md.o(.text)
    DMA1_Channel1_IRQHandler                 0x0800021b   Thumb Code     0  startup_stm32f10x_md.o(.text)
    DMA1_Channel2_IRQHandler                 0x0800021b   Thumb Code     0  startup_stm32f10x_md.o(.text)
    DMA1_Channel3_IRQHandler                 0x0800021b   Thumb Code     0  startup_stm32f10x_md.o(.text)
    DMA1_Channel4_IRQHandler                 0x0800021b   Thumb Code     0  startup_stm32f10x_md.o(.text)
    DMA1_Channel5_IRQHandler                 0x0800021b   Thumb Code     0  startup_stm32f10x_md.o(.text)
    DMA1_Channel6_IRQHandler                 0x0800021b   Thumb Code     0  startup_stm32f10x_md.o(.text)
    DMA1_Channel7_IRQHandler                 0x0800021b   Thumb Code     0  startup_stm32f10x_md.o(.text)
    EXTI0_IRQHandler                         0x0800021b   Thumb Code     0  startup_stm32f10x_md.o(.text)
    EXTI15_10_IRQHandler                     0x0800021b   Thumb Code     0  startup_stm32f10x_md.o(.text)
    EXTI1_IRQHandler                         0x0800021b   Thumb Code     0  startup_stm32f10x_md.o(.text)
    EXTI2_IRQHandler                         0x0800021b   Thumb Code     0  startup_stm32f10x_md.o(.text)
    EXTI3_IRQHandler                         0x0800021b   Thumb Code     0  startup_stm32f10x_md.o(.text)
    EXTI4_IRQHandler                         0x0800021b   Thumb Code     0  startup_stm32f10x_md.o(.text)
    EXTI9_5_IRQHandler                       0x0800021b   Thumb Code     0  startup_stm32f10x_md.o(.text)
    FLASH_IRQHandler                         0x0800021b   Thumb Code     0  startup_stm32f10x_md.o(.text)
    I2C1_ER_IRQHandler                       0x0800021b   Thumb Code     0  startup_stm32f10x_md.o(.text)
    I2C1_EV_IRQHandler                       0x0800021b   Thumb Code     0  startup_stm32f10x_md.o(.text)
    I2C2_ER_IRQHandler                       0x0800021b   Thumb Code     0  startup_stm32f10x_md.o(.text)
    I2C2_EV_IRQHandler                       0x0800021b   Thumb Code     0  startup_stm32f10x_md.o(.text)
    PVD_IRQHandler                           0x0800021b   Thumb Code     0  startup_stm32f10x_md.o(.text)
    RCC_IRQHandler                           0x0800021b   Thumb Code     0  startup_stm32f10x_md.o(.text)
    RTCAlarm_IRQHandler                      0x0800021b   Thumb Code     0  startup_stm32f10x_md.o(.text)
    RTC_IRQHandler                           0x0800021b   Thumb Code     0  startup_stm32f10x_md.o(.text)
    SPI1_IRQHandler                          0x0800021b   Thumb Code     0  startup_stm32f10x_md.o(.text)
    SPI2_IRQHandler                          0x0800021b   Thumb Code     0  startup_stm32f10x_md.o(.text)
    TAMPER_IRQHandler                        0x0800021b   Thumb Code     0  startup_stm32f10x_md.o(.text)
    TIM1_BRK_IRQHandler                      0x0800021b   Thumb Code     0  startup_stm32f10x_md.o(.text)
    TIM1_CC_IRQHandler                       0x0800021b   Thumb Code     0  startup_stm32f10x_md.o(.text)
    TIM1_TRG_COM_IRQHandler                  0x0800021b   Thumb Code     0  startup_stm32f10x_md.o(.text)
    TIM1_UP_IRQHandler                       0x0800021b   Thumb Code     0  startup_stm32f10x_md.o(.text)
    TIM2_IRQHandler                          0x0800021b   Thumb Code     0  startup_stm32f10x_md.o(.text)
    TIM3_IRQHandler                          0x0800021b   Thumb Code     0  startup_stm32f10x_md.o(.text)
    TIM4_IRQHandler                          0x0800021b   Thumb Code     0  startup_stm32f10x_md.o(.text)
    USART1_IRQHandler                        0x0800021b   Thumb Code     0  startup_stm32f10x_md.o(.text)
    USART2_IRQHandler                        0x0800021b   Thumb Code     0  startup_stm32f10x_md.o(.text)
    USART3_IRQHandler                        0x0800021b   Thumb Code     0  startup_stm32f10x_md.o(.text)
    USBWakeUp_IRQHandler                     0x0800021b   Thumb Code     0  startup_stm32f10x_md.o(.text)
    USB_HP_CAN1_TX_IRQHandler                0x0800021b   Thumb Code     0  startup_stm32f10x_md.o(.text)
    USB_LP_CAN1_RX0_IRQHandler               0x0800021b   Thumb Code     0  startup_stm32f10x_md.o(.text)
    WWDG_IRQHandler                          0x0800021b   Thumb Code     0  startup_stm32f10x_md.o(.text)
    __user_initial_stackheap                 0x0800021d   Thumb Code     0  startup_stm32f10x_md.o(.text)
    srand                                    0x08000241   Thumb Code    42  rand.o(.text)
    _rand_init                               0x0800026b   Thumb Code     4  rand.o(.text)
    __aeabi_memcpy4                          0x0800027d   Thumb Code     0  rt_memcpy_w.o(.text)
    __aeabi_memcpy8                          0x0800027d   Thumb Code     0  rt_memcpy_w.o(.text)
    __rt_memcpy_w                            0x0800027d   Thumb Code   100  rt_memcpy_w.o(.text)
    _memcpy_lastbytes_aligned                0x080002c5   Thumb Code     0  rt_memcpy_w.o(.text)
    localtime                                0x080002e1   Thumb Code     6  localtime.o(.text)
    mktime                                   0x0800032b   Thumb Code   356  mktime.o(.text)
    __use_two_region_memory                  0x08000499   Thumb Code     2  heapauxi.o(.text)
    __rt_heap_escrow$2region                 0x0800049b   Thumb Code     2  heapauxi.o(.text)
    __rt_heap_expand$2region                 0x0800049d   Thumb Code     2  heapauxi.o(.text)
    _localtime_r                             0x080004a1   Thumb Code   178  localtime_internal.o(.text)
    _n$localtime_r                           0x080004a1   Thumb Code     0  localtime_internal.o(.text)
    __aeabi_memclr4                          0x08000559   Thumb Code     0  rt_memclr_w.o(.text)
    __aeabi_memclr8                          0x08000559   Thumb Code     0  rt_memclr_w.o(.text)
    __rt_memclr_w                            0x08000559   Thumb Code    78  rt_memclr_w.o(.text)
    _memset_w                                0x0800055d   Thumb Code     0  rt_memclr_w.o(.text)
    __user_setup_stackheap                   0x080005a7   Thumb Code    74  sys_stackheap_outer.o(.text)
    exit                                     0x080005f1   Thumb Code    18  exit.o(.text)
    __user_libspace                          0x08000605   Thumb Code     8  libspace.o(.text)
    __user_perproc_libspace                  0x08000605   Thumb Code     0  libspace.o(.text)
    __user_perthread_libspace                0x08000605   Thumb Code     0  libspace.o(.text)
    __I$use$semihosting                      0x0800060d   Thumb Code     0  use_no_semi.o(.text)
    __use_no_semihosting_swi                 0x0800060d   Thumb Code     2  use_no_semi.o(.text)
    __semihosting_library_function           0x0800060f   Thumb Code     0  indicate_semi.o(.text)
    _sys_exit                                0x08000611   Thumb Code     8  sys_exit.o(.text)
    BKP_DeInit                               0x0800061d   Thumb Code    16  stm32f10x_bkp.o(i.BKP_DeInit)
    BKP_ReadBackupRegister                   0x0800062d   Thumb Code    24  stm32f10x_bkp.o(i.BKP_ReadBackupRegister)
    BKP_WriteBackupRegister                  0x08000649   Thumb Code    22  stm32f10x_bkp.o(i.BKP_WriteBackupRegister)
    BusFault_Handler                         0x08000665   Thumb Code     4  stm32f10x_it.o(i.BusFault_Handler)
    ControlGame                              0x08000669   Thumb Code     8  menu.o(i.ControlGame)
    DHT11_IInit                              0x08000671   Thumb Code    38  dht11.o(i.DHT11_IInit)
    DHT11_OInit                              0x0800069d   Thumb Code    46  dht11.o(i.DHT11_OInit)
    DTH11_Data                               0x080006d1   Thumb Code    68  dht11.o(i.DTH11_Data)
    DebugMon_Handler                         0x08000715   Thumb Code     2  stm32f10x_it.o(i.DebugMon_Handler)
    Delay_ms                                 0x08000717   Thumb Code    24  delay.o(i.Delay_ms)
    Delay_us                                 0x0800072f   Thumb Code    46  delay.o(i.Delay_us)
    Dht11_Getdata                            0x0800075d   Thumb Code    76  dht11.o(i.Dht11_Getdata)
    Dht11_start                              0x080007ad   Thumb Code    84  dht11.o(i.Dht11_start)
    GPIO_Init                                0x08000805   Thumb Code   278  stm32f10x_gpio.o(i.GPIO_Init)
    GPIO_ReadInputDataBit                    0x0800091b   Thumb Code    18  stm32f10x_gpio.o(i.GPIO_ReadInputDataBit)
    GPIO_ResetBits                           0x0800092d   Thumb Code     4  stm32f10x_gpio.o(i.GPIO_ResetBits)
    GPIO_SetBits                             0x08000931   Thumb Code     4  stm32f10x_gpio.o(i.GPIO_SetBits)
    GPIO_WriteBit                            0x08000935   Thumb Code    10  stm32f10x_gpio.o(i.GPIO_WriteBit)
    Game_control                             0x08000941   Thumb Code   448  control.o(i.Game_control)
    HardFault_Handler                        0x08000b2d   Thumb Code     4  stm32f10x_it.o(i.HardFault_Handler)
    Info                                     0x08000b31   Thumb Code   136  menu.o(i.Info)
    Information                              0x08000bd9   Thumb Code    78  menu.o(i.Information)
    KEY_Scan                                 0x08000c5d   Thumb Code   120  menu.o(i.KEY_Scan)
    Key_Init                                 0x08000ce1   Thumb Code   102  key.o(i.Key_Init)
    LED                                      0x08000d51   Thumb Code    62  menu.o(i.LED)
    MemManage_Handler                        0x08000db9   Thumb Code     4  stm32f10x_it.o(i.MemManage_Handler)
    Menu_key_set                             0x08000dbd   Thumb Code   132  menu.o(i.Menu_key_set)
    MyRTC_Init                               0x08000e4d   Thumb Code   120  myrtc.o(i.MyRTC_Init)
    MyRTC_ReadTime                           0x08000ec5   Thumb Code    68  myrtc.o(i.MyRTC_ReadTime)
    MyRTC_SetTime                            0x08000f0d   Thumb Code    70  myrtc.o(i.MyRTC_SetTime)
    NMI_Handler                              0x08000f59   Thumb Code     2  stm32f10x_it.o(i.NMI_Handler)
    OLED_Clear                               0x08000f5b   Thumb Code    42  oled.o(i.OLED_Clear)
    OLED_DrawBMP                             0x08000f85   Thumb Code   128  dinogame.o(i.OLED_DrawBMP)
    OLED_DrawBMP_block_clear                 0x08001005   Thumb Code    68  dinogame.o(i.OLED_DrawBMP_block_clear)
    OLED_DrawCactusRandom                    0x08001049   Thumb Code   270  dinogame.o(i.OLED_DrawCactusRandom)
    OLED_DrawCloud                           0x0800116d   Thumb Code   178  dinogame.o(i.OLED_DrawCloud)
    OLED_DrawDino                            0x0800122d   Thumb Code   104  dinogame.o(i.OLED_DrawDino)
    OLED_DrawDinoJump                        0x0800129d   Thumb Code   370  dinogame.o(i.OLED_DrawDinoJump)
    OLED_DrawGIF                             0x0800142d   Thumb Code   142  oled.o(i.OLED_DrawGIF)
    OLED_DrawGround                          0x080014bd   Thumb Code    88  dinogame.o(i.OLED_DrawGround)
    OLED_DrawRestart                         0x0800151d   Thumb Code    76  dinogame.o(i.OLED_DrawRestart)
    OLED_I2C_Init                            0x0800156d   Thumb Code    76  oled.o(i.OLED_I2C_Init)
    OLED_I2C_SendByte                        0x080015bd   Thumb Code    80  oled.o(i.OLED_I2C_SendByte)
    OLED_I2C_Start                           0x08001611   Thumb Code    48  oled.o(i.OLED_I2C_Start)
    OLED_I2C_Stop                            0x08001645   Thumb Code    36  oled.o(i.OLED_I2C_Stop)
    OLED_I2C_WaitAck                         0x0800166d   Thumb Code    26  oled.o(i.OLED_I2C_WaitAck)
    OLED_Init                                0x0800168d   Thumb Code   174  oled.o(i.OLED_Init)
    OLED_Pow                                 0x0800173b   Thumb Code    20  oled.o(i.OLED_Pow)
    OLED_SetCursor                           0x0800174f   Thumb Code    36  oled.o(i.OLED_SetCursor)
    OLED_ShowChar                            0x08001775   Thumb Code   148  oled.o(i.OLED_ShowChar)
    OLED_ShowNum                             0x08001811   Thumb Code   134  oled.o(i.OLED_ShowNum)
    OLED_ShowString                          0x08001897   Thumb Code    58  oled.o(i.OLED_ShowString)
    OLED_WriteCommand                        0x080018d1   Thumb Code    36  oled.o(i.OLED_WriteCommand)
    OLED_WriteData                           0x080018f5   Thumb Code    36  oled.o(i.OLED_WriteData)
    PWR_BackupAccessCmd                      0x08001919   Thumb Code     6  stm32f10x_pwr.o(i.PWR_BackupAccessCmd)
    Palygame                                 0x08001925   Thumb Code   136  menu.o(i.Palygame)
    PendSV_Handler                           0x080019cd   Thumb Code     2  stm32f10x_it.o(i.PendSV_Handler)
    RCC_APB1PeriphClockCmd                   0x080019d1   Thumb Code    26  stm32f10x_rcc.o(i.RCC_APB1PeriphClockCmd)
    RCC_APB2PeriphClockCmd                   0x080019f1   Thumb Code    26  stm32f10x_rcc.o(i.RCC_APB2PeriphClockCmd)
    RCC_BackupResetCmd                       0x08001a11   Thumb Code     6  stm32f10x_rcc.o(i.RCC_BackupResetCmd)
    RCC_GetFlagStatus                        0x08001a1d   Thumb Code    56  stm32f10x_rcc.o(i.RCC_GetFlagStatus)
    RCC_LSEConfig                            0x08001a59   Thumb Code    46  stm32f10x_rcc.o(i.RCC_LSEConfig)
    RCC_RTCCLKCmd                            0x08001a8d   Thumb Code     6  stm32f10x_rcc.o(i.RCC_RTCCLKCmd)
    RCC_RTCCLKConfig                         0x08001a99   Thumb Code    12  stm32f10x_rcc.o(i.RCC_RTCCLKConfig)
    RTC_EnterConfigMode                      0x08001aa9   Thumb Code    14  stm32f10x_rtc.o(i.RTC_EnterConfigMode)
    RTC_ExitConfigMode                       0x08001abd   Thumb Code    16  stm32f10x_rtc.o(i.RTC_ExitConfigMode)
    RTC_GetCounter                           0x08001ad1   Thumb Code    16  stm32f10x_rtc.o(i.RTC_GetCounter)
    RTC_SetCounter                           0x08001ae5   Thumb Code    24  stm32f10x_rtc.o(i.RTC_SetCounter)
    RTC_SetPrescaler                         0x08001b01   Thumb Code    26  stm32f10x_rtc.o(i.RTC_SetPrescaler)
    RTC_WaitForLastTask                      0x08001b21   Thumb Code    16  stm32f10x_rtc.o(i.RTC_WaitForLastTask)
    RTC_WaitForSynchro                       0x08001b35   Thumb Code    30  stm32f10x_rtc.o(i.RTC_WaitForSynchro)
    RTC_display                              0x08001b59   Thumb Code    82  menu.o(i.RTC_display)
    SVC_Handler                              0x08001bb1   Thumb Code     2  stm32f10x_it.o(i.SVC_Handler)
    Set                                      0x08001bb5   Thumb Code    60  menu.o(i.Set)
    Setting                                  0x08001d01   Thumb Code   136  menu.o(i.Setting)
    SysTick_Handler                          0x08001da9   Thumb Code     2  stm32f10x_it.o(i.SysTick_Handler)
    SystemInit                               0x08001dad   Thumb Code    78  system_stm32f10x.o(i.SystemInit)
    TIM2_Init                                0x0800204d   Thumb Code   118  timfig.o(i.TIM2_Init)
    TIM_Cmd                                  0x080020c3   Thumb Code    24  stm32f10x_tim.o(i.TIM_Cmd)
    TIM_ICInit                               0x080020dd   Thumb Code   150  stm32f10x_tim.o(i.TIM_ICInit)
    TIM_SelectInputTrigger                   0x08002189   Thumb Code    18  stm32f10x_tim.o(i.TIM_SelectInputTrigger)
    TIM_SelectSlaveMode                      0x0800219b   Thumb Code    18  stm32f10x_tim.o(i.TIM_SelectSlaveMode)
    TIM_SetIC1Prescaler                      0x080021ad   Thumb Code    18  stm32f10x_tim.o(i.TIM_SetIC1Prescaler)
    TIM_SetIC2Prescaler                      0x080021bf   Thumb Code    26  stm32f10x_tim.o(i.TIM_SetIC2Prescaler)
    TIM_SetIC3Prescaler                      0x080021d9   Thumb Code    18  stm32f10x_tim.o(i.TIM_SetIC3Prescaler)
    TIM_SetIC4Prescaler                      0x080021eb   Thumb Code    26  stm32f10x_tim.o(i.TIM_SetIC4Prescaler)
    TIM_TimeBaseInit                         0x08002205   Thumb Code   122  stm32f10x_tim.o(i.TIM_TimeBaseInit)
    Temperature                              0x080022a9   Thumb Code   136  menu.o(i.Temperature)
    TestTemperature                          0x08002351   Thumb Code   174  menu.o(i.TestTemperature)
    UsageFault_Handler                       0x08002421   Thumb Code     4  stm32f10x_it.o(i.UsageFault_Handler)
    get_key                                  0x08002425   Thumb Code   120  control.o(i.get_key)
    home                                     0x080024a5   Thumb Code   136  menu.o(i.home)
    main                                     0x0800254d   Thumb Code    28  main.o(i.main)
    F6x8                                     0x08002568   Data         552  oled.o(.constdata)
    F8X16                                    0x08002790   Data        1520  oled.o(.constdata)
    GROUND                                   0x08002d80   Data         597  dinogame.o(.constdata)
    CLOUD                                    0x08002fd5   Data          24  dinogame.o(.constdata)
    DINO                                     0x08002fed   Data          64  dinogame.o(.constdata)
    DINO_JUMP                                0x0800302d   Data         384  dinogame.o(.constdata)
    CACTUS_1                                 0x080031ad   Data          16  dinogame.o(.constdata)
    CACTUS_2                                 0x080031bd   Data          32  dinogame.o(.constdata)
    CACTUS_3                                 0x080031dd   Data          48  dinogame.o(.constdata)
    CACTUS_4                                 0x0800320d   Data          48  dinogame.o(.constdata)
    RESTART                                  0x0800323d   Data          72  dinogame.o(.constdata)
    COVER                                    0x08003285   Data        1024  dinogame.o(.constdata)
    _monlen                                  0x08003685   Data          12  _monlen.o(.constdata)
    Region$$Table$$Base                      0x08003694   Number         0  anon$$obj.o(Region$$Table)
    Region$$Table$$Limit                     0x080036b4   Number         0  anon$$obj.o(Region$$Table)
    gImage_home                              0x20000000   Data         294  menu.o(.data)
    gImage_left                              0x20000126   Data          38  menu.o(.data)
    gImage_right                             0x2000014c   Data          38  menu.o(.data)
    gImage_temp                              0x20000172   Data         288  menu.o(.data)
    gImage_playgame                          0x20000292   Data         288  menu.o(.data)
    gImage_setting                           0x200003b2   Data         288  menu.o(.data)
    gImage_info                              0x200004d2   Data         288  menu.o(.data)
    signal_BMP                               0x200005f2   Data          60  menu.o(.data)
    bluetooth_BMP                            0x2000062e   Data         256  menu.o(.data)
    gImage_yes                               0x2000072e   Data          38  menu.o(.data)
    gImage_back                              0x20000754   Data          38  menu.o(.data)
    gImage_engery                            0x2000077a   Data          38  menu.o(.data)
    gImage_bulethouch                        0x200007a0   Data         100  menu.o(.data)
    BMP2                                     0x20000804   Data       13690  menu.o(.data)
    current_operation_index                  0x20003d80   Data           4  menu.o(.data)
    table                                    0x20003d84   Data         240  menu.o(.data)
    func_index                               0x20003e74   Data           1  menu.o(.data)
    key_num                                  0x20003e78   Data           1  control.o(.data)
    cactus_category                          0x20003e79   Data           1  control.o(.data)
    cactus_length                            0x20003e7a   Data           1  control.o(.data)
    score                                    0x20003e7c   Data           4  control.o(.data)
    highest_score                            0x20003e80   Data           4  control.o(.data)
    height                                   0x20003e84   Data           4  control.o(.data)
    cactus_pos                               0x20003e88   Data           4  control.o(.data)
    cur_speed                                0x20003e8c   Data           1  control.o(.data)
    failed                                   0x20003e8d   Data           1  control.o(.data)
    reset                                    0x20003e8e   Data           1  control.o(.data)
    MyRTC_Time                               0x20003eae   Data          12  myrtc.o(.data)
    _random_number_data                      0x20003ebc   Data         228  rand.o(.bss)
    __libspace_start                         0x20003fcc   Data          96  libspace.o(.bss)
    __temporary_stack_top$libspace           0x2000402c   Data           0  libspace.o(.bss)



==============================================================================

Memory Map of the image

  Image Entry point : 0x080000ed

  Load Region LR_IROM1 (Base: 0x08000000, Size: 0x00007570, Max: 0x00010000, ABSOLUTE, COMPRESSED[0x00004874])

    Execution Region ER_IROM1 (Exec base: 0x08000000, Load base: 0x08000000, Size: 0x000036b4, Max: 0x00010000, ABSOLUTE)

    Exec Addr    Load Addr    Size         Type   Attr      Idx    E Section Name        Object

    0x08000000   0x08000000   0x000000ec   Data   RO            3    RESET               startup_stm32f10x_md.o
    0x080000ec   0x080000ec   0x00000008   Code   RO         3786  * !!!main             c_w.l(__main.o)
    0x080000f4   0x080000f4   0x00000034   Code   RO         3950    !!!scatter          c_w.l(__scatter.o)
    0x08000128   0x08000128   0x0000005a   Code   RO         3948    !!dczerorl2         c_w.l(__dczerorl2.o)
    0x08000182   0x08000182   0x00000002   PAD
    0x08000184   0x08000184   0x0000001c   Code   RO         3952    !!handler_zi        c_w.l(__scatter_zi.o)
    0x080001a0   0x080001a0   0x00000002   Code   RO         3871    .ARM.Collect$$libinit$$00000000  c_w.l(libinit.o)
    0x080001a2   0x080001a2   0x00000000   Code   RO         3793    .ARM.Collect$$libinit$$00000002  c_w.l(libinit2.o)
    0x080001a2   0x080001a2   0x00000000   Code   RO         3795    .ARM.Collect$$libinit$$00000004  c_w.l(libinit2.o)
    0x080001a2   0x080001a2   0x00000000   Code   RO         3798    .ARM.Collect$$libinit$$0000000A  c_w.l(libinit2.o)
    0x080001a2   0x080001a2   0x00000000   Code   RO         3800    .ARM.Collect$$libinit$$0000000C  c_w.l(libinit2.o)
    0x080001a2   0x080001a2   0x00000004   Code   RO         3801    .ARM.Collect$$libinit$$0000000D  c_w.l(libinit2.o)
    0x080001a6   0x080001a6   0x00000000   Code   RO         3802    .ARM.Collect$$libinit$$0000000E  c_w.l(libinit2.o)
    0x080001a6   0x080001a6   0x00000000   Code   RO         3805    .ARM.Collect$$libinit$$00000011  c_w.l(libinit2.o)
    0x080001a6   0x080001a6   0x00000000   Code   RO         3807    .ARM.Collect$$libinit$$00000013  c_w.l(libinit2.o)
    0x080001a6   0x080001a6   0x00000000   Code   RO         3809    .ARM.Collect$$libinit$$00000015  c_w.l(libinit2.o)
    0x080001a6   0x080001a6   0x00000000   Code   RO         3811    .ARM.Collect$$libinit$$00000017  c_w.l(libinit2.o)
    0x080001a6   0x080001a6   0x00000000   Code   RO         3813    .ARM.Collect$$libinit$$00000019  c_w.l(libinit2.o)
    0x080001a6   0x080001a6   0x00000000   Code   RO         3815    .ARM.Collect$$libinit$$0000001B  c_w.l(libinit2.o)
    0x080001a6   0x080001a6   0x00000000   Code   RO         3817    .ARM.Collect$$libinit$$0000001D  c_w.l(libinit2.o)
    0x080001a6   0x080001a6   0x00000000   Code   RO         3819    .ARM.Collect$$libinit$$0000001F  c_w.l(libinit2.o)
    0x080001a6   0x080001a6   0x00000000   Code   RO         3821    .ARM.Collect$$libinit$$00000021  c_w.l(libinit2.o)
    0x080001a6   0x080001a6   0x00000000   Code   RO         3823    .ARM.Collect$$libinit$$00000023  c_w.l(libinit2.o)
    0x080001a6   0x080001a6   0x00000000   Code   RO         3825    .ARM.Collect$$libinit$$00000025  c_w.l(libinit2.o)
    0x080001a6   0x080001a6   0x00000000   Code   RO         3829    .ARM.Collect$$libinit$$0000002C  c_w.l(libinit2.o)
    0x080001a6   0x080001a6   0x00000000   Code   RO         3831    .ARM.Collect$$libinit$$0000002E  c_w.l(libinit2.o)
    0x080001a6   0x080001a6   0x00000000   Code   RO         3833    .ARM.Collect$$libinit$$00000030  c_w.l(libinit2.o)
    0x080001a6   0x080001a6   0x00000000   Code   RO         3835    .ARM.Collect$$libinit$$00000032  c_w.l(libinit2.o)
    0x080001a6   0x080001a6   0x00000002   Code   RO         3836    .ARM.Collect$$libinit$$00000033  c_w.l(libinit2.o)
    0x080001a8   0x080001a8   0x00000002   Code   RO         3909    .ARM.Collect$$libshutdown$$00000000  c_w.l(libshutdown.o)
    0x080001aa   0x080001aa   0x00000000   Code   RO         3915    .ARM.Collect$$libshutdown$$00000002  c_w.l(libshutdown2.o)
    0x080001aa   0x080001aa   0x00000000   Code   RO         3917    .ARM.Collect$$libshutdown$$00000004  c_w.l(libshutdown2.o)
    0x080001aa   0x080001aa   0x00000000   Code   RO         3920    .ARM.Collect$$libshutdown$$00000007  c_w.l(libshutdown2.o)
    0x080001aa   0x080001aa   0x00000000   Code   RO         3923    .ARM.Collect$$libshutdown$$0000000A  c_w.l(libshutdown2.o)
    0x080001aa   0x080001aa   0x00000000   Code   RO         3925    .ARM.Collect$$libshutdown$$0000000C  c_w.l(libshutdown2.o)
    0x080001aa   0x080001aa   0x00000000   Code   RO         3928    .ARM.Collect$$libshutdown$$0000000F  c_w.l(libshutdown2.o)
    0x080001aa   0x080001aa   0x00000002   Code   RO         3929    .ARM.Collect$$libshutdown$$00000010  c_w.l(libshutdown2.o)
    0x080001ac   0x080001ac   0x00000000   Code   RO         3788    .ARM.Collect$$rtentry$$00000000  c_w.l(__rtentry.o)
    0x080001ac   0x080001ac   0x00000000   Code   RO         3838    .ARM.Collect$$rtentry$$00000002  c_w.l(__rtentry2.o)
    0x080001ac   0x080001ac   0x00000006   Code   RO         3850    .ARM.Collect$$rtentry$$00000004  c_w.l(__rtentry4.o)
    0x080001b2   0x080001b2   0x00000000   Code   RO         3840    .ARM.Collect$$rtentry$$00000009  c_w.l(__rtentry2.o)
    0x080001b2   0x080001b2   0x00000004   Code   RO         3841    .ARM.Collect$$rtentry$$0000000A  c_w.l(__rtentry2.o)
    0x080001b6   0x080001b6   0x00000000   Code   RO         3843    .ARM.Collect$$rtentry$$0000000C  c_w.l(__rtentry2.o)
    0x080001b6   0x080001b6   0x00000008   Code   RO         3844    .ARM.Collect$$rtentry$$0000000D  c_w.l(__rtentry2.o)
    0x080001be   0x080001be   0x00000002   Code   RO         3877    .ARM.Collect$$rtexit$$00000000  c_w.l(rtexit.o)
    0x080001c0   0x080001c0   0x00000000   Code   RO         3889    .ARM.Collect$$rtexit$$00000002  c_w.l(rtexit2.o)
    0x080001c0   0x080001c0   0x00000004   Code   RO         3890    .ARM.Collect$$rtexit$$00000003  c_w.l(rtexit2.o)
    0x080001c4   0x080001c4   0x00000006   Code   RO         3891    .ARM.Collect$$rtexit$$00000004  c_w.l(rtexit2.o)
    0x080001ca   0x080001ca   0x00000002   PAD
    0x080001cc   0x080001cc   0x00000034   Code   RO         3772    .emb_text           c_w.l(rand.o)
    0x08000200   0x08000200   0x00000040   Code   RO            4    .text               startup_stm32f10x_md.o
    0x08000240   0x08000240   0x0000003c   Code   RO         3773    .text               c_w.l(rand.o)
    0x0800027c   0x0800027c   0x00000064   Code   RO         3777    .text               c_w.l(rt_memcpy_w.o)
    0x080002e0   0x080002e0   0x0000000c   Code   RO         3779    .text               c_w.l(localtime.o)
    0x080002ec   0x080002ec   0x000001ac   Code   RO         3782    .text               c_w.l(mktime.o)
    0x08000498   0x08000498   0x00000006   Code   RO         3784    .text               c_w.l(heapauxi.o)
    0x0800049e   0x0800049e   0x00000002   PAD
    0x080004a0   0x080004a0   0x000000b8   Code   RO         3790    .text               c_w.l(localtime_internal.o)
    0x08000558   0x08000558   0x0000004e   Code   RO         3852    .text               c_w.l(rt_memclr_w.o)
    0x080005a6   0x080005a6   0x0000004a   Code   RO         3858    .text               c_w.l(sys_stackheap_outer.o)
    0x080005f0   0x080005f0   0x00000012   Code   RO         3860    .text               c_w.l(exit.o)
    0x08000602   0x08000602   0x00000002   PAD
    0x08000604   0x08000604   0x00000008   Code   RO         3874    .text               c_w.l(libspace.o)
    0x0800060c   0x0800060c   0x00000002   Code   RO         3885    .text               c_w.l(use_no_semi.o)
    0x0800060e   0x0800060e   0x00000000   Code   RO         3887    .text               c_w.l(indicate_semi.o)
    0x0800060e   0x0800060e   0x00000002   PAD
    0x08000610   0x08000610   0x0000000c   Code   RO         3901    .text               c_w.l(sys_exit.o)
    0x0800061c   0x0800061c   0x00000010   Code   RO          426    i.BKP_DeInit        stm32f10x_bkp.o
    0x0800062c   0x0800062c   0x0000001c   Code   RO          431    i.BKP_ReadBackupRegister  stm32f10x_bkp.o
    0x08000648   0x08000648   0x0000001c   Code   RO          435    i.BKP_WriteBackupRegister  stm32f10x_bkp.o
    0x08000664   0x08000664   0x00000004   Code   RO         3459    i.BusFault_Handler  stm32f10x_it.o
    0x08000668   0x08000668   0x00000008   Code   RO         3534    i.ControlGame       menu.o
    0x08000670   0x08000670   0x0000002c   Code   RO         3395    i.DHT11_IInit       dht11.o
    0x0800069c   0x0800069c   0x00000034   Code   RO         3396    i.DHT11_OInit       dht11.o
    0x080006d0   0x080006d0   0x00000044   Code   RO         3397    i.DTH11_Data        dht11.o
    0x08000714   0x08000714   0x00000002   Code   RO         3460    i.DebugMon_Handler  stm32f10x_it.o
    0x08000716   0x08000716   0x00000018   Code   RO         3196    i.Delay_ms          delay.o
    0x0800072e   0x0800072e   0x0000002e   Code   RO         3198    i.Delay_us          delay.o
    0x0800075c   0x0800075c   0x00000050   Code   RO         3398    i.Dht11_Getdata     dht11.o
    0x080007ac   0x080007ac   0x00000058   Code   RO         3399    i.Dht11_start       dht11.o
    0x08000804   0x08000804   0x00000116   Code   RO         1347    i.GPIO_Init         stm32f10x_gpio.o
    0x0800091a   0x0800091a   0x00000012   Code   RO         1351    i.GPIO_ReadInputDataBit  stm32f10x_gpio.o
    0x0800092c   0x0800092c   0x00000004   Code   RO         1354    i.GPIO_ResetBits    stm32f10x_gpio.o
    0x08000930   0x08000930   0x00000004   Code   RO         1355    i.GPIO_SetBits      stm32f10x_gpio.o
    0x08000934   0x08000934   0x0000000a   Code   RO         1358    i.GPIO_WriteBit     stm32f10x_gpio.o
    0x0800093e   0x0800093e   0x00000002   PAD
    0x08000940   0x08000940   0x000001ec   Code   RO         3637    i.Game_control      control.o
    0x08000b2c   0x08000b2c   0x00000004   Code   RO         3461    i.HardFault_Handler  stm32f10x_it.o
    0x08000b30   0x08000b30   0x000000a8   Code   RO         3535    i.Info              menu.o
    0x08000bd8   0x08000bd8   0x00000084   Code   RO         3536    i.Information       menu.o
    0x08000c5c   0x08000c5c   0x00000084   Code   RO         3537    i.KEY_Scan          menu.o
    0x08000ce0   0x08000ce0   0x00000070   Code   RO         3268    i.Key_Init          key.o
    0x08000d50   0x08000d50   0x00000068   Code   RO         3538    i.LED               menu.o
    0x08000db8   0x08000db8   0x00000004   Code   RO         3462    i.MemManage_Handler  stm32f10x_it.o
    0x08000dbc   0x08000dbc   0x00000090   Code   RO         3539    i.Menu_key_set      menu.o
    0x08000e4c   0x08000e4c   0x00000078   Code   RO         3740    i.MyRTC_Init        myrtc.o
    0x08000ec4   0x08000ec4   0x00000048   Code   RO         3741    i.MyRTC_ReadTime    myrtc.o
    0x08000f0c   0x08000f0c   0x0000004c   Code   RO         3742    i.MyRTC_SetTime     myrtc.o
    0x08000f58   0x08000f58   0x00000002   Code   RO         3463    i.NMI_Handler       stm32f10x_it.o
    0x08000f5a   0x08000f5a   0x0000002a   Code   RO         3283    i.OLED_Clear        oled.o
    0x08000f84   0x08000f84   0x00000080   Code   RO         3664    i.OLED_DrawBMP      dinogame.o
    0x08001004   0x08001004   0x00000044   Code   RO         3666    i.OLED_DrawBMP_block_clear  dinogame.o
    0x08001048   0x08001048   0x00000124   Code   RO         3668    i.OLED_DrawCactusRandom  dinogame.o
    0x0800116c   0x0800116c   0x000000c0   Code   RO         3669    i.OLED_DrawCloud    dinogame.o
    0x0800122c   0x0800122c   0x00000070   Code   RO         3671    i.OLED_DrawDino     dinogame.o
    0x0800129c   0x0800129c   0x00000190   Code   RO         3672    i.OLED_DrawDinoJump  dinogame.o
    0x0800142c   0x0800142c   0x0000008e   Code   RO         3285    i.OLED_DrawGIF      oled.o
    0x080014ba   0x080014ba   0x00000002   PAD
    0x080014bc   0x080014bc   0x00000060   Code   RO         3673    i.OLED_DrawGround   dinogame.o
    0x0800151c   0x0800151c   0x00000050   Code   RO         3674    i.OLED_DrawRestart  dinogame.o
    0x0800156c   0x0800156c   0x00000050   Code   RO         3286    i.OLED_I2C_Init     oled.o
    0x080015bc   0x080015bc   0x00000054   Code   RO         3287    i.OLED_I2C_SendByte  oled.o
    0x08001610   0x08001610   0x00000034   Code   RO         3288    i.OLED_I2C_Start    oled.o
    0x08001644   0x08001644   0x00000028   Code   RO         3289    i.OLED_I2C_Stop     oled.o
    0x0800166c   0x0800166c   0x00000020   Code   RO         3290    i.OLED_I2C_WaitAck  oled.o
    0x0800168c   0x0800168c   0x000000ae   Code   RO         3291    i.OLED_Init         oled.o
    0x0800173a   0x0800173a   0x00000014   Code   RO         3292    i.OLED_Pow          oled.o
    0x0800174e   0x0800174e   0x00000024   Code   RO         3293    i.OLED_SetCursor    oled.o
    0x08001772   0x08001772   0x00000002   PAD
    0x08001774   0x08001774   0x0000009c   Code   RO         3294    i.OLED_ShowChar     oled.o
    0x08001810   0x08001810   0x00000086   Code   RO         3295    i.OLED_ShowNum      oled.o
    0x08001896   0x08001896   0x0000003a   Code   RO         3296    i.OLED_ShowString   oled.o
    0x080018d0   0x080018d0   0x00000024   Code   RO         3297    i.OLED_WriteCommand  oled.o
    0x080018f4   0x080018f4   0x00000024   Code   RO         3298    i.OLED_WriteData    oled.o
    0x08001918   0x08001918   0x0000000c   Code   RO         1710    i.PWR_BackupAccessCmd  stm32f10x_pwr.o
    0x08001924   0x08001924   0x000000a8   Code   RO         3540    i.Palygame          menu.o
    0x080019cc   0x080019cc   0x00000002   Code   RO         3464    i.PendSV_Handler    stm32f10x_it.o
    0x080019ce   0x080019ce   0x00000002   PAD
    0x080019d0   0x080019d0   0x00000020   Code   RO         1775    i.RCC_APB1PeriphClockCmd  stm32f10x_rcc.o
    0x080019f0   0x080019f0   0x00000020   Code   RO         1777    i.RCC_APB2PeriphClockCmd  stm32f10x_rcc.o
    0x08001a10   0x08001a10   0x0000000c   Code   RO         1780    i.RCC_BackupResetCmd  stm32f10x_rcc.o
    0x08001a1c   0x08001a1c   0x0000003c   Code   RO         1786    i.RCC_GetFlagStatus  stm32f10x_rcc.o
    0x08001a58   0x08001a58   0x00000034   Code   RO         1793    i.RCC_LSEConfig     stm32f10x_rcc.o
    0x08001a8c   0x08001a8c   0x0000000c   Code   RO         1800    i.RCC_RTCCLKCmd     stm32f10x_rcc.o
    0x08001a98   0x08001a98   0x00000010   Code   RO         1801    i.RCC_RTCCLKConfig  stm32f10x_rcc.o
    0x08001aa8   0x08001aa8   0x00000014   Code   RO         1978    i.RTC_EnterConfigMode  stm32f10x_rtc.o
    0x08001abc   0x08001abc   0x00000014   Code   RO         1979    i.RTC_ExitConfigMode  stm32f10x_rtc.o
    0x08001ad0   0x08001ad0   0x00000014   Code   RO         1980    i.RTC_GetCounter    stm32f10x_rtc.o
    0x08001ae4   0x08001ae4   0x0000001c   Code   RO         1986    i.RTC_SetCounter    stm32f10x_rtc.o
    0x08001b00   0x08001b00   0x00000020   Code   RO         1987    i.RTC_SetPrescaler  stm32f10x_rtc.o
    0x08001b20   0x08001b20   0x00000014   Code   RO         1988    i.RTC_WaitForLastTask  stm32f10x_rtc.o
    0x08001b34   0x08001b34   0x00000024   Code   RO         1989    i.RTC_WaitForSynchro  stm32f10x_rtc.o
    0x08001b58   0x08001b58   0x00000058   Code   RO         3541    i.RTC_display       menu.o
    0x08001bb0   0x08001bb0   0x00000002   Code   RO         3465    i.SVC_Handler       stm32f10x_it.o
    0x08001bb2   0x08001bb2   0x00000002   PAD
    0x08001bb4   0x08001bb4   0x00000064   Code   RO         3542    i.Set               menu.o
    0x08001c18   0x08001c18   0x00000008   Code   RO           24    i.SetSysClock       system_stm32f10x.o
    0x08001c20   0x08001c20   0x000000e0   Code   RO           25    i.SetSysClockTo72   system_stm32f10x.o
    0x08001d00   0x08001d00   0x000000a8   Code   RO         3543    i.Setting           menu.o
    0x08001da8   0x08001da8   0x00000002   Code   RO         3466    i.SysTick_Handler   stm32f10x_it.o
    0x08001daa   0x08001daa   0x00000002   PAD
    0x08001dac   0x08001dac   0x00000060   Code   RO           27    i.SystemInit        system_stm32f10x.o
    0x08001e0c   0x08001e0c   0x00000080   Code   RO         2405    i.TI1_Config        stm32f10x_tim.o
    0x08001e8c   0x08001e8c   0x00000098   Code   RO         2406    i.TI2_Config        stm32f10x_tim.o
    0x08001f24   0x08001f24   0x00000090   Code   RO         2407    i.TI3_Config        stm32f10x_tim.o
    0x08001fb4   0x08001fb4   0x00000098   Code   RO         2408    i.TI4_Config        stm32f10x_tim.o
    0x0800204c   0x0800204c   0x00000076   Code   RO         3522    i.TIM2_Init         timfig.o
    0x080020c2   0x080020c2   0x00000018   Code   RO         2421    i.TIM_Cmd           stm32f10x_tim.o
    0x080020da   0x080020da   0x00000002   PAD
    0x080020dc   0x080020dc   0x000000ac   Code   RO         2444    i.TIM_ICInit        stm32f10x_tim.o
    0x08002188   0x08002188   0x00000012   Code   RO         2474    i.TIM_SelectInputTrigger  stm32f10x_tim.o
    0x0800219a   0x0800219a   0x00000012   Code   RO         2479    i.TIM_SelectSlaveMode  stm32f10x_tim.o
    0x080021ac   0x080021ac   0x00000012   Code   RO         2487    i.TIM_SetIC1Prescaler  stm32f10x_tim.o
    0x080021be   0x080021be   0x0000001a   Code   RO         2488    i.TIM_SetIC2Prescaler  stm32f10x_tim.o
    0x080021d8   0x080021d8   0x00000012   Code   RO         2489    i.TIM_SetIC3Prescaler  stm32f10x_tim.o
    0x080021ea   0x080021ea   0x0000001a   Code   RO         2490    i.TIM_SetIC4Prescaler  stm32f10x_tim.o
    0x08002204   0x08002204   0x000000a4   Code   RO         2492    i.TIM_TimeBaseInit  stm32f10x_tim.o
    0x080022a8   0x080022a8   0x000000a8   Code   RO         3544    i.Temperature       menu.o
    0x08002350   0x08002350   0x000000d0   Code   RO         3545    i.TestTemperature   menu.o
    0x08002420   0x08002420   0x00000004   Code   RO         3467    i.UsageFault_Handler  stm32f10x_it.o
    0x08002424   0x08002424   0x00000080   Code   RO         3638    i.get_key           control.o
    0x080024a4   0x080024a4   0x000000a8   Code   RO         3546    i.home              menu.o
    0x0800254c   0x0800254c   0x0000001c   Code   RO         3431    i.main              main.o
    0x08002568   0x08002568   0x00000818   Data   RO         3299    .constdata          oled.o
    0x08002d80   0x08002d80   0x00000905   Data   RO         3675    .constdata          dinogame.o
    0x08003685   0x08003685   0x0000000c   Data   RO         3789    .constdata          c_w.l(_monlen.o)
    0x08003691   0x08003691   0x00000003   PAD
    0x08003694   0x08003694   0x00000020   Data   RO         3946    Region$$Table       anon$$obj.o


    Execution Region RW_IRAM1 (Exec base: 0x20000000, Load base: 0x080036b4, Size: 0x00004630, Max: 0x00005000, ABSOLUTE, COMPRESSED[0x000011c0])

    Exec Addr    Load Addr    Size         Type   Attr      Idx    E Section Name        Object

    0x20000000   COMPRESSED   0x00003e76   Data   RW         3547    .data               menu.o
    0x20003e76   COMPRESSED   0x00000002   PAD
    0x20003e78   COMPRESSED   0x00000017   Data   RW         3639    .data               control.o
    0x20003e8f   COMPRESSED   0x00000001   PAD
    0x20003e90   COMPRESSED   0x0000001d   Data   RW         3676    .data               dinogame.o
    0x20003ead   COMPRESSED   0x00000001   PAD
    0x20003eae   COMPRESSED   0x0000000c   Data   RW         3743    .data               myrtc.o
    0x20003eba   COMPRESSED   0x00000002   PAD
    0x20003ebc        -       0x000000e4   Zero   RW         3774    .bss                c_w.l(rand.o)
    0x20003fa0        -       0x0000002c   Zero   RW         3780    .bss                c_w.l(localtime.o)
    0x20003fcc        -       0x00000060   Zero   RW         3875    .bss                c_w.l(libspace.o)
    0x2000402c   COMPRESSED   0x00000004   PAD
    0x20004030        -       0x00000200   Zero   RW            2    HEAP                startup_stm32f10x_md.o
    0x20004230        -       0x00000400   Zero   RW            1    STACK               startup_stm32f10x_md.o


==============================================================================

Image component sizes


      Code (inc. data)   RO Data    RW Data    ZI Data      Debug   Object Name

       620         52          0         23          0       1738   control.o
         0          0          0          0          0       4508   core_cm3.o
        70          0          0          0          0        858   delay.o
       332         20          0          0          0       2747   dht11.o
      1368         86       2309         29          0       7666   dinogame.o
       112         10          0          0          0        467   key.o
        28          0          0          0          0        411   main.o
      1756        360          0      15990          0       7911   menu.o
         0          0          0          0          0     201656   misc.o
       268         10          0         12          0       2879   myrtc.o
      1122         30       2072          0          0       9186   oled.o
        64         26        236          0       1536        792   startup_stm32f10x_md.o
        72         10          0          0          0       2400   stm32f10x_bkp.o
       314          0          0          0          0      12108   stm32f10x_gpio.o
        26          0          0          0          0       3450   stm32f10x_it.o
        12          6          0          0          0        446   stm32f10x_pwr.o
       216         38          0          0          0       3394   stm32f10x_rcc.o
       176         34          0          0          0       3059   stm32f10x_rtc.o
      1060        150          0          0          0      28197   stm32f10x_tim.o
       328         28          0          0          0      30289   system_stm32f10x.o
       118          0          0          0          0        544   timfig.o

    ----------------------------------------------------------------------
      8076        860       4649      16060       1536     324706   Object Totals
         0          0         32          0          0          0   (incl. Generated)
        14          0          0          6          0          0   (incl. Padding)

    ----------------------------------------------------------------------

      Code (inc. data)   RO Data    RW Data    ZI Data      Debug   Library Member Name

        90          0          0          0          0          0   __dczerorl2.o
         8          0          0          0          0         68   __main.o
         0          0          0          0          0          0   __rtentry.o
        12          0          0          0          0          0   __rtentry2.o
         6          0          0          0          0          0   __rtentry4.o
        52          8          0          0          0          0   __scatter.o
        28          0          0          0          0          0   __scatter_zi.o
         0          0         12          0          0          0   _monlen.o
        18          0          0          0          0         80   exit.o
         6          0          0          0          0        152   heapauxi.o
         0          0          0          0          0          0   indicate_semi.o
         2          0          0          0          0          0   libinit.o
         6          0          0          0          0          0   libinit2.o
         2          0          0          0          0          0   libshutdown.o
         2          0          0          0          0          0   libshutdown2.o
         8          4          0          0         96         68   libspace.o
        12          6          0          0         44         68   localtime.o
       184          6          0          0          0         80   localtime_internal.o
       428         10          0          0          0        116   mktime.o
       112         18          0          0        228        160   rand.o
        78          0          0          0          0         80   rt_memclr_w.o
       100          0          0          0          0         80   rt_memcpy_w.o
         2          0          0          0          0          0   rtexit.o
        10          0          0          0          0          0   rtexit2.o
        12          4          0          0          0         68   sys_exit.o
        74          0          0          0          0         80   sys_stackheap_outer.o
         2          0          0          0          0         68   use_no_semi.o

    ----------------------------------------------------------------------
      1264         56         15          0        372       1168   Library Totals
        10          0          3          0          4          0   (incl. Padding)

    ----------------------------------------------------------------------

      Code (inc. data)   RO Data    RW Data    ZI Data      Debug   Library Name

      1254         56         12          0        368       1168   c_w.l

    ----------------------------------------------------------------------
      1264         56         15          0        372       1168   Library Totals

    ----------------------------------------------------------------------

==============================================================================


      Code (inc. data)   RO Data    RW Data    ZI Data      Debug   

      9340        916       4664      16060       1908     320514   Grand Totals
      9340        916       4664       4544       1908     320514   ELF Image Totals (compressed)
      9340        916       4664       4544          0          0   ROM Totals

==============================================================================

    Total RO  Size (Code + RO Data)                14004 (  13.68kB)
    Total RW  Size (RW Data + ZI Data)             17968 (  17.55kB)
    Total ROM Size (Code + RO Data + RW Data)      18548 (  18.11kB)

==============================================================================

