Component: ARM Compiler 5.06 update 5 (build 528) Tool: armlink [4d35e2]

==============================================================================

Section Cross References

    startup_stm32f10x_md.o(STACK) refers (Special) to heapauxi.o(.text) for __use_two_region_memory
    startup_stm32f10x_md.o(HEAP) refers (Special) to heapauxi.o(.text) for __use_two_region_memory
    startup_stm32f10x_md.o(RESET) refers (Special) to heapauxi.o(.text) for __use_two_region_memory
    startup_stm32f10x_md.o(RESET) refers to startup_stm32f10x_md.o(STACK) for __initial_sp
    startup_stm32f10x_md.o(RESET) refers to startup_stm32f10x_md.o(.text) for Reset_Handler
    startup_stm32f10x_md.o(RESET) refers to stm32f10x_it.o(i.NMI_Handler) for NMI_Handler
    startup_stm32f10x_md.o(RESET) refers to stm32f10x_it.o(i.HardFault_Handler) for HardFault_Handler
    startup_stm32f10x_md.o(RESET) refers to stm32f10x_it.o(i.MemManage_Handler) for MemManage_Handler
    startup_stm32f10x_md.o(RESET) refers to stm32f10x_it.o(i.BusFault_Handler) for BusFault_Handler
    startup_stm32f10x_md.o(RESET) refers to stm32f10x_it.o(i.UsageFault_Handler) for UsageFault_Handler
    startup_stm32f10x_md.o(RESET) refers to port.o(.emb_text) for vPortSVCHandler
    startup_stm32f10x_md.o(RESET) refers to stm32f10x_it.o(i.DebugMon_Handler) for DebugMon_Handler
    startup_stm32f10x_md.o(RESET) refers to port.o(i.xPortSysTickHandler) for xPortSysTickHandler
    startup_stm32f10x_md.o(RESET) refers to main.o(i.USART1_IRQHandler) for USART1_IRQHandler
    startup_stm32f10x_md.o(RESET) refers to main.o(i.EXTI15_10_IRQHandler) for EXTI15_10_IRQHandler
    startup_stm32f10x_md.o(.text) refers (Special) to heapauxi.o(.text) for __use_two_region_memory
    startup_stm32f10x_md.o(.text) refers to system_stm32f10x.o(i.SystemInit) for SystemInit
    startup_stm32f10x_md.o(.text) refers to __main.o(!!!main) for __main
    startup_stm32f10x_md.o(.text) refers to startup_stm32f10x_md.o(HEAP) for Heap_Mem
    startup_stm32f10x_md.o(.text) refers to startup_stm32f10x_md.o(STACK) for Stack_Mem
    system_stm32f10x.o(i.SetSysClock) refers to system_stm32f10x.o(i.SetSysClockTo72) for SetSysClockTo72
    system_stm32f10x.o(i.SystemCoreClockUpdate) refers to system_stm32f10x.o(.data) for SystemCoreClock
    system_stm32f10x.o(i.SystemInit) refers to system_stm32f10x.o(i.SetSysClock) for SetSysClock
    stm32f10x_adc.o(i.ADC_DeInit) refers to stm32f10x_rcc.o(i.RCC_APB2PeriphResetCmd) for RCC_APB2PeriphResetCmd
    stm32f10x_bkp.o(i.BKP_DeInit) refers to stm32f10x_rcc.o(i.RCC_BackupResetCmd) for RCC_BackupResetCmd
    stm32f10x_can.o(i.CAN_DeInit) refers to stm32f10x_rcc.o(i.RCC_APB1PeriphResetCmd) for RCC_APB1PeriphResetCmd
    stm32f10x_can.o(i.CAN_GetITStatus) refers to stm32f10x_can.o(i.CheckITStatus) for CheckITStatus
    stm32f10x_cec.o(i.CEC_DeInit) refers to stm32f10x_rcc.o(i.RCC_APB1PeriphResetCmd) for RCC_APB1PeriphResetCmd
    stm32f10x_dac.o(i.DAC_DeInit) refers to stm32f10x_rcc.o(i.RCC_APB1PeriphResetCmd) for RCC_APB1PeriphResetCmd
    stm32f10x_flash.o(i.FLASH_EnableWriteProtection) refers to stm32f10x_flash.o(i.FLASH_WaitForLastOperation) for FLASH_WaitForLastOperation
    stm32f10x_flash.o(i.FLASH_EraseAllBank1Pages) refers to stm32f10x_flash.o(i.FLASH_WaitForLastBank1Operation) for FLASH_WaitForLastBank1Operation
    stm32f10x_flash.o(i.FLASH_EraseAllPages) refers to stm32f10x_flash.o(i.FLASH_WaitForLastOperation) for FLASH_WaitForLastOperation
    stm32f10x_flash.o(i.FLASH_EraseOptionBytes) refers to stm32f10x_flash.o(i.FLASH_GetReadOutProtectionStatus) for FLASH_GetReadOutProtectionStatus
    stm32f10x_flash.o(i.FLASH_EraseOptionBytes) refers to stm32f10x_flash.o(i.FLASH_WaitForLastOperation) for FLASH_WaitForLastOperation
    stm32f10x_flash.o(i.FLASH_ErasePage) refers to stm32f10x_flash.o(i.FLASH_WaitForLastOperation) for FLASH_WaitForLastOperation
    stm32f10x_flash.o(i.FLASH_ProgramHalfWord) refers to stm32f10x_flash.o(i.FLASH_WaitForLastOperation) for FLASH_WaitForLastOperation
    stm32f10x_flash.o(i.FLASH_ProgramOptionByteData) refers to stm32f10x_flash.o(i.FLASH_WaitForLastOperation) for FLASH_WaitForLastOperation
    stm32f10x_flash.o(i.FLASH_ProgramWord) refers to stm32f10x_flash.o(i.FLASH_WaitForLastOperation) for FLASH_WaitForLastOperation
    stm32f10x_flash.o(i.FLASH_ReadOutProtection) refers to stm32f10x_flash.o(i.FLASH_WaitForLastOperation) for FLASH_WaitForLastOperation
    stm32f10x_flash.o(i.FLASH_UserOptionByteConfig) refers to stm32f10x_flash.o(i.FLASH_WaitForLastOperation) for FLASH_WaitForLastOperation
    stm32f10x_flash.o(i.FLASH_WaitForLastBank1Operation) refers to stm32f10x_flash.o(i.FLASH_GetBank1Status) for FLASH_GetBank1Status
    stm32f10x_flash.o(i.FLASH_WaitForLastOperation) refers to stm32f10x_flash.o(i.FLASH_GetBank1Status) for FLASH_GetBank1Status
    stm32f10x_gpio.o(i.GPIO_AFIODeInit) refers to stm32f10x_rcc.o(i.RCC_APB2PeriphResetCmd) for RCC_APB2PeriphResetCmd
[...]
    i.USART_Cmd                              0x080024fe   Section        0  stm32f10x_usart.o(i.USART_Cmd)
    i.USART_GetFlagStatus                    0x08002516   Section        0  stm32f10x_usart.o(i.USART_GetFlagStatus)
    i.USART_ITConfig                         0x08002530   Section        0  stm32f10x_usart.o(i.USART_ITConfig)
    i.USART_Init                             0x0800257c   Section        0  stm32f10x_usart.o(i.USART_Init)
    i.USART_ReceiveData                      0x08002654   Section        0  stm32f10x_usart.o(i.USART_ReceiveData)
    i.UsageFault_Handler                     0x0800265e   Section        0  stm32f10x_it.o(i.UsageFault_Handler)
    i.WriteCmd                               0x08002662   Section        0  oled.o(i.WriteCmd)
    i.WriteDat                               0x08002682   Section        0  oled.o(i.WriteDat)
    i.buffer_Data_Read                       0x080026a4   Section        0  buffer_rtos.o(i.buffer_Data_Read)
    i.buffer_OS_Read                         0x080026cc   Section        0  buffer_rtos.o(i.buffer_OS_Read)
    i.main                                   0x080026f4   Section        0  main.o(i.main)
    i.prvAddCurrentTaskToDelayedList         0x08002818   Section        0  tasks.o(i.prvAddCurrentTaskToDelayedList)
    prvAddCurrentTaskToDelayedList           0x08002819   Thumb Code   140  tasks.o(i.prvAddCurrentTaskToDelayedList)
    i.prvAddNewTaskToReadyList               0x080028bc   Section        0  tasks.o(i.prvAddNewTaskToReadyList)
    prvAddNewTaskToReadyList                 0x080028bd   Thumb Code   204  tasks.o(i.prvAddNewTaskToReadyList)
    i.prvCheckForValidListAndQueue           0x080029a4   Section        0  timers.o(i.prvCheckForValidListAndQueue)
    prvCheckForValidListAndQueue             0x080029a5   Thumb Code    72  timers.o(i.prvCheckForValidListAndQueue)
    i.prvCheckTasksWaitingTermination        0x08002a08   Section        0  tasks.o(i.prvCheckTasksWaitingTermination)
    prvCheckTasksWaitingTermination          0x08002a09   Thumb Code    60  tasks.o(i.prvCheckTasksWaitingTermination)
    i.prvCopyDataFromQueue                   0x08002a50   Section        0  queue.o(i.prvCopyDataFromQueue)
    prvCopyDataFromQueue                     0x08002a51   Thumb Code    42  queue.o(i.prvCopyDataFromQueue)
    i.prvCopyDataToQueue                     0x08002a7a   Section        0  queue.o(i.prvCopyDataToQueue)
    prvCopyDataToQueue                       0x08002a7b   Thumb Code   126  queue.o(i.prvCopyDataToQueue)
    i.prvDeleteTCB                           0x08002af8   Section        0  tasks.o(i.prvDeleteTCB)
    prvDeleteTCB                             0x08002af9   Thumb Code    18  tasks.o(i.prvDeleteTCB)
    i.prvGetDisinheritPriorityAfterTimeout   0x08002b0a   Section        0  queue.o(i.prvGetDisinheritPriorityAfterTimeout)
    prvGetDisinheritPriorityAfterTimeout     0x08002b0b   Thumb Code    20  queue.o(i.prvGetDisinheritPriorityAfterTimeout)
    i.prvGetNextExpireTime                   0x08002b20   Section        0  timers.o(i.prvGetNextExpireTime)
    prvGetNextExpireTime                     0x08002b21   Thumb Code    36  timers.o(i.prvGetNextExpireTime)
    i.prvHeapInit                            0x08002b48   Section        0  heap_4.o(i.prvHeapInit)
    prvHeapInit                              0x08002b49   Thumb Code    90  heap_4.o(i.prvHeapInit)
    i.prvIdleTask                            0x08002bb8   Section        0  tasks.o(i.prvIdleTask)
    prvIdleTask                              0x08002bb9   Thumb Code    32  tasks.o(i.prvIdleTask)
    i.prvInitialiseNewQueue                  0x08002be0   Section        0  queue.o(i.prvInitialiseNewQueue)
    prvInitialiseNewQueue                    0x08002be1   Thumb Code    42  queue.o(i.prvInitialiseNewQueue)
    i.prvInitialiseNewTask                   0x08002c0a   Section        0  tasks.o(i.prvInitialiseNewTask)
    prvInitialiseNewTask                     0x08002c0b   Thumb Code   204  tasks.o(i.prvInitialiseNewTask)
    i.prvInitialiseNewTimer                  0x08002cd6   Section        0  timers.o(i.prvInitialiseNewTimer)
    prvInitialiseNewTimer                    0x08002cd7   Thumb Code    88  timers.o(i.prvInitialiseNewTimer)
    i.prvInitialiseTaskLists                 0x08002d30   Section        0  tasks.o(i.prvInitialiseTaskLists)
    prvInitialiseTaskLists                   0x08002d31   Thumb Code    70  tasks.o(i.prvInitialiseTaskLists)
    i.prvInsertBlockIntoFreeList             0x08002d98   Section        0  heap_4.o(i.prvInsertBlockIntoFreeList)
    prvInsertBlockIntoFreeList               0x08002d99   Thumb Code    96  heap_4.o(i.prvInsertBlockIntoFreeList)
    i.prvInsertTimerInActiveList             0x08002e00   Section        0  timers.o(i.prvInsertTimerInActiveList)
    prvInsertTimerInActiveList               0x08002e01   Thumb Code    80  timers.o(i.prvInsertTimerInActiveList)
    i.prvIsQueueEmpty                        0x08002e58   Section        0  queue.o(i.prvIsQueueEmpty)
    prvIsQueueEmpty                          0x08002e59   Thumb Code    26  queue.o(i.prvIsQueueEmpty)
    i.prvIsQueueFull                         0x08002e72   Section        0  queue.o(i.prvIsQueueFull)
    prvIsQueueFull                           0x08002e73   Thumb Code    30  queue.o(i.prvIsQueueFull)
    i.prvProcessExpiredTimer                 0x08002e90   Section        0  timers.o(i.prvProcessExpiredTimer)
    prvProcessExpiredTimer                   0x08002e91   Thumb Code    62  timers.o(i.prvProcessExpiredTimer)
    i.prvProcessReceivedCommands             0x08002ed4   Section        0  timers.o(i.prvProcessReceivedCommands)
    prvProcessReceivedCommands               0x08002ed5   Thumb Code   326  timers.o(i.prvProcessReceivedCommands)
    i.prvProcessTimerOrBlockTask             0x08003020   Section        0  timers.o(i.prvProcessTimerOrBlockTask)
    prvProcessTimerOrBlockTask               0x08003021   Thumb Code   102  timers.o(i.prvProcessTimerOrBlockTask)
    i.prvReloadTimer                         0x08003094   Section        0  timers.o(i.prvReloadTimer)
    prvReloadTimer                           0x08003095   Thumb Code    40  timers.o(i.prvReloadTimer)
    i.prvResetNextTaskUnblockTime            0x080030bc   Section        0  tasks.o(i.prvResetNextTaskUnblockTime)
    prvResetNextTaskUnblockTime              0x080030bd   Thumb Code    40  tasks.o(i.prvResetNextTaskUnblockTime)
    i.prvSampleTimeNow                       0x080030ec   Section        0  timers.o(i.prvSampleTimeNow)
    prvSampleTimeNow                         0x080030ed   Thumb Code    40  timers.o(i.prvSampleTimeNow)
    i.prvSwitchTimerLists                    0x08003118   Section        0  timers.o(i.prvSwitchTimerLists)
    prvSwitchTimerLists                      0x08003119   Thumb Code    58  timers.o(i.prvSwitchTimerLists)
    i.prvTaskExitError                       0x0800315c   Section        0  port.o(i.prvTaskExitError)
    prvTaskExitError                         0x0800315d   Thumb Code    60  port.o(i.prvTaskExitError)
    i.prvTimerTask                           0x0800319c   Section        0  timers.o(i.prvTimerTask)
    prvTimerTask                             0x0800319d   Thumb Code    26  timers.o(i.prvTimerTask)
    i.prvUnlockQueue                         0x080031b6   Section        0  queue.o(i.prvUnlockQueue)
    prvUnlockQueue                           0x080031b7   Thumb Code   126  queue.o(i.prvUnlockQueue)
    i.pvPortMalloc                           0x08003234   Section        0  heap_4.o(i.pvPortMalloc)
    i.pvTaskIncrementMutexHeldCount          0x08003360   Section        0  tasks.o(i.pvTaskIncrementMutexHeldCount)
    i.pxPortInitialiseStack                  0x08003380   Section        0  port.o(i.pxPortInitialiseStack)
    i.uxListRemove                           0x080033a4   Section        0  list.o(i.uxListRemove)
    i.uxTaskGetNumberOfTasks                 0x080033cc   Section        0  tasks.o(i.uxTaskGetNumberOfTasks)
    i.vListInitialise                        0x080033d8   Section        0  list.o(i.vListInitialise)
    i.vListInitialiseItem                    0x080033f2   Section        0  list.o(i.vListInitialiseItem)
    i.vListInsert                            0x080033f8   Section        0  list.o(i.vListInsert)
    i.vListInsertEnd                         0x0800342c   Section        0  list.o(i.vListInsertEnd)
    i.vPortEnterCritical                     0x08003444   Section        0  port.o(i.vPortEnterCritical)
    i.vPortExitCritical                      0x08003498   Section        0  port.o(i.vPortExitCritical)
    i.vPortFree                              0x080034d4   Section        0  heap_4.o(i.vPortFree)
    i.vPortSetupTimerInterrupt               0x08003560   Section        0  port.o(i.vPortSetupTimerInterrupt)
    i.vPortValidateInterruptPriority         0x08003588   Section        0  port.o(i.vPortValidateInterruptPriority)
    i.vQueueAddToRegistry                    0x08003600   Section        0  queue.o(i.vQueueAddToRegistry)
    i.vQueueWaitForMessageRestricted         0x08003660   Section        0  queue.o(i.vQueueWaitForMessageRestricted)
    i.vTaskDelay                             0x080036ac   Section        0  tasks.o(i.vTaskDelay)
    i.vTaskDelete                            0x08003708   Section        0  tasks.o(i.vTaskDelete)
    i.vTaskInternalSetTimeOutState           0x080037d8   Section        0  tasks.o(i.vTaskInternalSetTimeOutState)
    i.vTaskMissedYield                       0x080037f0   Section        0  tasks.o(i.vTaskMissedYield)
    i.vTaskPlaceOnEventList                  0x080037fc   Section        0  tasks.o(i.vTaskPlaceOnEventList)
    i.vTaskPlaceOnEventListRestricted        0x08003834   Section        0  tasks.o(i.vTaskPlaceOnEventListRestricted)
    i.vTaskPriorityDisinheritAfterTimeout    0x08003898   Section        0  tasks.o(i.vTaskPriorityDisinheritAfterTimeout)
    i.vTaskStartScheduler                    0x0800399c   Section        0  tasks.o(i.vTaskStartScheduler)
    i.vTaskSuspendAll                        0x08003a38   Section        0  tasks.o(i.vTaskSuspendAll)
    i.vTaskSwitchContext                     0x08003a48   Section        0  tasks.o(i.vTaskSwitchContext)
    i.xPortStartScheduler                    0x08003ad8   Section        0  port.o(i.xPortStartScheduler)
    i.xPortSysTickHandler                    0x08003bd0   Section        0  port.o(i.xPortSysTickHandler)
    i.xQueueCreateCountingSemaphore          0x08003c04   Section        0  queue.o(i.xQueueCreateCountingSemaphore)
    i.xQueueGenericCreate                    0x08003c40   Section        0  queue.o(i.xQueueGenericCreate)
    i.xQueueGenericReset                     0x08003ca8   Section        0  queue.o(i.xQueueGenericReset)
    i.xQueueGenericSend                      0x08003d84   Section        0  queue.o(i.xQueueGenericSend)
    i.xQueueGenericSendFromISR               0x08003f2c   Section        0  queue.o(i.xQueueGenericSendFromISR)
    i.xQueueGiveFromISR                      0x08004054   Section        0  queue.o(i.xQueueGiveFromISR)
    i.xQueueReceive                          0x08004164   Section        0  queue.o(i.xQueueReceive)
    i.xQueueSemaphoreTake                    0x080042cc   Section        0  queue.o(i.xQueueSemaphoreTake)
    i.xTaskCheckForTimeOut                   0x08004460   Section        0  tasks.o(i.xTaskCheckForTimeOut)
    i.xTaskCreate                            0x080044f0   Section        0  tasks.o(i.xTaskCreate)
    i.xTaskGetSchedulerState                 0x08004558   Section        0  tasks.o(i.xTaskGetSchedulerState)
    i.xTaskGetTickCount                      0x08004578   Section        0  tasks.o(i.xTaskGetTickCount)
    i.xTaskGetTickCountFromISR               0x08004584   Section        0  tasks.o(i.xTaskGetTickCountFromISR)
    i.xTaskIncrementTick                     0x08004598   Section        0  tasks.o(i.xTaskIncrementTick)
    i.xTaskPriorityDisinherit                0x08004750   Section        0  tasks.o(i.xTaskPriorityDisinherit)
    i.xTaskPriorityInherit                   0x08004828   Section        0  tasks.o(i.xTaskPriorityInherit)
    i.xTaskRemoveFromEventList               0x08004900   Section        0  tasks.o(i.xTaskRemoveFromEventList)
    i.xTaskResumeAll                         0x08004a20   Section        0  tasks.o(i.xTaskResumeAll)
    i.xTimerCreate                           0x08004b94   Section        0  timers.o(i.xTimerCreate)
    i.xTimerCreateTimerTask                  0x08004bcc   Section        0  timers.o(i.xTimerCreateTimerTask)
    i.xTimerGenericCommand                   0x08004c20   Section        0  timers.o(i.xTimerGenericCommand)
    .constdata                               0x08004ca4   Section     2960  oled.o(.constdata)
    .constdata                               0x08005834   Section      152  at_connect.o(.constdata)
    .constdata                               0x080058cc   Section      102  at_mqtt.o(.constdata)
    .data                                    0x20000000   Section       20  system_stm32f10x.o(.data)
    .data                                    0x20000014   Section       20  stm32f10x_rcc.o(.data)
    APBAHBPrescTable                         0x20000014   Data          16  stm32f10x_rcc.o(.data)
    ADCPrescTable                            0x20000024   Data           4  stm32f10x_rcc.o(.data)
    .data                                    0x20000028   Section      120  main.o(.data)
    timerKey1Handle                          0x2000002c   Data           4  main.o(.data)
    timerMsgPageHandle                       0x20000030   Data           4  main.o(.data)
    .data                                    0x200000a0   Section        4  oled_show.o(.data)
    .data                                    0x200000a4   Section       64  tasks.o(.data)
    pxDelayedTaskList                        0x200000a8   Data           4  tasks.o(.data)
    pxOverflowDelayedTaskList                0x200000ac   Data           4  tasks.o(.data)
    uxDeletedTasksWaitingCleanUp             0x200000b0   Data           4  tasks.o(.data)
    uxCurrentNumberOfTasks                   0x200000b4   Data           4  tasks.o(.data)
    xTickCount                               0x200000b8   Data           4  tasks.o(.data)
    uxTopReadyPriority                       0x200000bc   Data           4  tasks.o(.data)
    xSchedulerRunning                        0x200000c0   Data           4  tasks.o(.data)
    xPendedTicks                             0x200000c4   Data           4  tasks.o(.data)
    xYieldPending                            0x200000c8   Data           4  tasks.o(.data)
    xNumOfOverflows                          0x200000cc   Data           4  tasks.o(.data)
    uxTaskNumber                             0x200000d0   Data           4  tasks.o(.data)
    xNextTaskUnblockTime                     0x200000d4   Data           4  tasks.o(.data)
    xIdleTaskHandle                          0x200000d8   Data           4  tasks.o(.data)
    uxSchedulerSuspended                     0x200000e0   Data           4  tasks.o(.data)
    .data                                    0x200000e4   Section       20  timers.o(.data)
    pxCurrentTimerList                       0x200000e4   Data           4  timers.o(.data)
    pxOverflowTimerList                      0x200000e8   Data           4  timers.o(.data)
    xTimerQueue                              0x200000ec   Data           4  timers.o(.data)
    xTimerTaskHandle                         0x200000f0   Data           4  timers.o(.data)
    xLastTime                                0x200000f4   Data           4  timers.o(.data)
    .data                                    0x200000f8   Section       12  port.o(.data)
    uxCriticalNesting                        0x200000f8   Data           4  port.o(.data)
    ucMaxSysCallPriority                     0x200000fc   Data           1  port.o(.data)
    ulMaxPRIGROUPValue                       0x20000100   Data           4  port.o(.data)
    .data                                    0x20000104   Section       28  heap_4.o(.data)
    xStart                                   0x20000104   Data           8  heap_4.o(.data)
    pxEnd                                    0x2000010c   Data           4  heap_4.o(.data)
    xFreeBytesRemaining                      0x20000110   Data           4  heap_4.o(.data)
    xMinimumEverFreeBytesRemaining           0x20000114   Data           4  heap_4.o(.data)
    xNumberOfSuccessfulAllocations           0x20000118   Data           4  heap_4.o(.data)
    xNumberOfSuccessfulFrees                 0x2000011c   Data           4  heap_4.o(.data)
    .data                                    0x20000120   Section        9  at_command.o(.data)
    .bss                                     0x2000012c   Section       30  main.o(.bss)
    .bss                                     0x2000014c   Section       16  dht11.o(.bss)
    .bss                                     0x2000015c   Section       10  ad.o(.bss)
    .bss                                     0x20000168   Section     1040  buffer.o(.bss)
    .bss                                     0x20000578   Section       64  queue.o(.bss)
    .bss                                     0x200005b8   Section     1220  tasks.o(.bss)
    pxReadyTasksLists                        0x200005b8   Data        1120  tasks.o(.bss)
    xDelayedTaskList1                        0x20000a18   Data          20  tasks.o(.bss)
    xDelayedTaskList2                        0x20000a2c   Data          20  tasks.o(.bss)
    xPendingReadyList                        0x20000a40   Data          20  tasks.o(.bss)
    xTasksWaitingTermination                 0x20000a54   Data          20  tasks.o(.bss)
    xSuspendedTaskList                       0x20000a68   Data          20  tasks.o(.bss)
    .bss                                     0x20000a7c   Section       40  timers.o(.bss)
    xActiveTimerList1                        0x20000a7c   Data          20  timers.o(.bss)
    xActiveTimerList2                        0x20000a90   Data          20  timers.o(.bss)
    .bss                                     0x20000aa4   Section    10240  heap_4.o(.bss)
    ucHeap                                   0x20000aa4   Data       10240  heap_4.o(.bss)
    .bss                                     0x200032a4   Section      384  at_command.o(.bss)
    .bss                                     0x20003424   Section       96  libspace.o(.bss)
    HEAP                                     0x20003488   Section      512  startup_stm32f10x_md.o(HEAP)
    Heap_Mem                                 0x20003488   Data         512  startup_stm32f10x_md.o(HEAP)
    STACK                                    0x20003688   Section     1024  startup_stm32f10x_md.o(STACK)
    Stack_Mem                                0x20003688   Data        1024  startup_stm32f10x_md.o(STACK)
    __initial_sp                             0x20003a88   Data           0  startup_stm32f10x_md.o(STACK)

    Global Symbols

    Symbol Name                              Value     Ov Type        Size  Object(Section)

    BuildAttributes$$THM_ISAv4$P$D$K$B$S$PE$A:L22UL41UL21$X:L11$S22US41US21$IEEE1$IW$USESV6$~STKCKD$USESV7$~SHL$OSPACE$ROPI$EBA8$UX$STANDARDLIB$REQ8$PRES8$EABIv2 0x00000000   Number         0  anon$$obj.o ABSOLUTE
    __ARM_use_no_argv                        0x00000000   Number         0  main.o ABSOLUTE
    __ARM_exceptions_init                     - Undefined Weak Reference
    __alloca_initialize                       - Undefined Weak Reference
    __arm_preinit_                            - Undefined Weak Reference
    __cpp_initialize__aeabi_                  - Undefined Weak Reference
    __cxa_finalize                            - Undefined Weak Reference
    __rt_locale                               - Undefined Weak Reference
    __sigvec_lookup                           - Undefined Weak Reference
    _atexit_init                              - Undefined Weak Reference
    _call_atexit_fns                          - Undefined Weak Reference
    _clock_init                               - Undefined Weak Reference
    _fp_trap_init                             - Undefined Weak Reference
    _fp_trap_shutdown                         - Undefined Weak Reference
    _get_lc_collate                           - Undefined Weak Reference
    _get_lc_ctype                             - Undefined Weak Reference
    _get_lc_monetary                          - Undefined Weak Reference
    _get_lc_numeric                           - Undefined Weak Reference
    _get_lc_time                              - Undefined Weak Reference
    _getenv_init                              - Undefined Weak Reference
    _handle_redirection                       - Undefined Weak Reference
    _init_alloc                               - Undefined Weak Reference
    _init_user_alloc                          - Undefined Weak Reference
    _initio                                   - Undefined Weak Reference
    _rand_init                                - Undefined Weak Reference
    _signal_finish                            - Undefined Weak Reference
    _signal_init                              - Undefined Weak Reference
    _terminate_alloc                          - Undefined Weak Reference
    _terminate_user_alloc                     - Undefined Weak Reference
    _terminateio                              - Undefined Weak Reference
    __Vectors_Size                           0x000000ec   Number         0  startup_stm32f10x_md.o ABSOLUTE
    __Vectors                                0x08000000   Data           4  startup_stm32f10x_md.o(RESET)
    __Vectors_End                            0x080000ec   Data           0  startup_stm32f10x_md.o(RESET)
    __main                                   0x080000ed   Thumb Code     8  __main.o(!!!main)
    __scatterload                            0x080000f5   Thumb Code     0  __scatter.o(!!!scatter)
    __scatterload_rt2                        0x080000f5   Thumb Code    44  __scatter.o(!!!scatter)
    __scatterload_rt2_thumb_only             0x080000f5   Thumb Code     0  __scatter.o(!!!scatter)
    __scatterload_null                       0x08000103   Thumb Code     0  __scatter.o(!!!scatter)
    __decompress                             0x08000129   Thumb Code    90  __dczerorl2.o(!!dczerorl2)
    __decompress1                            0x08000129   Thumb Code     0  __dczerorl2.o(!!dczerorl2)
    __scatterload_zeroinit                   0x08000185   Thumb Code    28  __scatter_zi.o(!!handler_zi)
    __rt_lib_init                            0x080001a1   Thumb Code     0  libinit.o(.ARM.Collect$$libinit$$00000000)
    __rt_lib_init_alloca_1                   0x080001a3   Thumb Code     0  libinit2.o(.ARM.Collect$$libinit$$0000002E)
    __rt_lib_init_argv_1                     0x080001a3   Thumb Code     0  libinit2.o(.ARM.Collect$$libinit$$0000002C)
    __rt_lib_init_atexit_1                   0x080001a3   Thumb Code     0  libinit2.o(.ARM.Collect$$libinit$$0000001B)
    __rt_lib_init_clock_1                    0x080001a3   Thumb Code     0  libinit2.o(.ARM.Collect$$libinit$$00000021)
    __rt_lib_init_cpp_1                      0x080001a3   Thumb Code     0  libinit2.o(.ARM.Collect$$libinit$$00000032)
    __rt_lib_init_exceptions_1               0x080001a3   Thumb Code     0  libinit2.o(.ARM.Collect$$libinit$$00000030)
    __rt_lib_init_fp_1                       0x080001a3   Thumb Code     0  libinit2.o(.ARM.Collect$$libinit$$00000002)
    __rt_lib_init_fp_trap_1                  0x080001a3   Thumb Code     0  libinit2.o(.ARM.Collect$$libinit$$0000001F)
    __rt_lib_init_getenv_1                   0x080001a3   Thumb Code     0  libinit2.o(.ARM.Collect$$libinit$$00000023)
    __rt_lib_init_heap_1                     0x080001a3   Thumb Code     0  libinit2.o(.ARM.Collect$$libinit$$0000000A)
    __rt_lib_init_lc_collate_1               0x080001a3   Thumb Code     0  libinit2.o(.ARM.Collect$$libinit$$00000011)
    __rt_lib_init_lc_ctype_1                 0x080001a3   Thumb Code     0  libinit2.o(.ARM.Collect$$libinit$$00000013)
    __rt_lib_init_lc_monetary_1              0x080001a3   Thumb Code     0  libinit2.o(.ARM.Collect$$libinit$$00000015)
    __rt_lib_init_lc_numeric_1               0x080001a3   Thumb Code     0  libinit2.o(.ARM.Collect$$libinit$$00000017)
    __rt_lib_init_lc_time_1                  0x080001a3   Thumb Code     0  libinit2.o(.ARM.Collect$$libinit$$00000019)
    __rt_lib_init_preinit_1                  0x080001a3   Thumb Code     0  libinit2.o(.ARM.Collect$$libinit$$00000004)
    __rt_lib_init_rand_1                     0x080001a3   Thumb Code     0  libinit2.o(.ARM.Collect$$libinit$$0000000E)
    __rt_lib_init_return                     0x080001a3   Thumb Code     0  libinit2.o(.ARM.Collect$$libinit$$00000033)
    __rt_lib_init_signal_1                   0x080001a3   Thumb Code     0  libinit2.o(.ARM.Collect$$libinit$$0000001D)
    __rt_lib_init_stdio_1                    0x080001a3   Thumb Code     0  libinit2.o(.ARM.Collect$$libinit$$00000025)
    __rt_lib_init_user_alloc_1               0x080001a3   Thumb Code     0  libinit2.o(.ARM.Collect$$libinit$$0000000C)
    __rt_lib_shutdown                        0x080001a5   Thumb Code     0  libshutdown.o(.ARM.Collect$$libshutdown$$00000000)
    __rt_lib_shutdown_cpp_1                  0x080001a7   Thumb Code     0  libshutdown2.o(.ARM.Collect$$libshutdown$$00000002)
    __rt_lib_shutdown_fp_trap_1              0x080001a7   Thumb Code     0  libshutdown2.o(.ARM.Collect$$libshutdown$$00000007)
    __rt_lib_shutdown_heap_1                 0x080001a7   Thumb Code     0  libshutdown2.o(.ARM.Collect$$libshutdown$$0000000F)
    __rt_lib_shutdown_return                 0x080001a7   Thumb Code     0  libshutdown2.o(.ARM.Collect$$libshutdown$$00000010)
    __rt_lib_shutdown_signal_1               0x080001a7   Thumb Code     0  libshutdown2.o(.ARM.Collect$$libshutdown$$0000000A)
    __rt_lib_shutdown_stdio_1                0x080001a7   Thumb Code     0  libshutdown2.o(.ARM.Collect$$libshutdown$$00000004)
    __rt_lib_shutdown_user_alloc_1           0x080001a7   Thumb Code     0  libshutdown2.o(.ARM.Collect$$libshutdown$$0000000C)
    __rt_entry                               0x080001a9   Thumb Code     0  __rtentry.o(.ARM.Collect$$rtentry$$00000000)
    __rt_entry_presh_1                       0x080001a9   Thumb Code     0  __rtentry2.o(.ARM.Collect$$rtentry$$00000002)
    __rt_entry_sh                            0x080001a9   Thumb Code     0  __rtentry4.o(.ARM.Collect$$rtentry$$00000004)
    __rt_entry_li                            0x080001af   Thumb Code     0  __rtentry2.o(.ARM.Collect$$rtentry$$0000000A)
    __rt_entry_postsh_1                      0x080001af   Thumb Code     0  __rtentry2.o(.ARM.Collect$$rtentry$$00000009)
    __rt_entry_main                          0x080001b3   Thumb Code     0  __rtentry2.o(.ARM.Collect$$rtentry$$0000000D)
    __rt_entry_postli_1                      0x080001b3   Thumb Code     0  __rtentry2.o(.ARM.Collect$$rtentry$$0000000C)
    __rt_exit                                0x080001bb   Thumb Code     0  rtexit.o(.ARM.Collect$$rtexit$$00000000)
    __rt_exit_ls                             0x080001bd   Thumb Code     0  rtexit2.o(.ARM.Collect$$rtexit$$00000003)
    __rt_exit_prels_1                        0x080001bd   Thumb Code     0  rtexit2.o(.ARM.Collect$$rtexit$$00000002)
    __rt_exit_exit                           0x080001c1   Thumb Code     0  rtexit2.o(.ARM.Collect$$rtexit$$00000004)
    vPortSVCHandler                          0x080001c9   Thumb Code    32  port.o(.emb_text)
    __asm___6_port_c_39a90d8d__prvStartFirstTask 0x080001ed   Thumb Code    28  port.o(.emb_text)
    xPortPendSVHandler                       0x0800020d   Thumb Code    72  port.o(.emb_text)
    vPortGetIPSR                             0x08000259   Thumb Code     6  port.o(.emb_text)
    Reset_Handler                            0x08000261   Thumb Code     8  startup_stm32f10x_md.o(.text)
    SVC_Handler                              0x08000273   Thumb Code     2  startup_stm32f10x_md.o(.text)
    PendSV_Handler                           0x08000277   Thumb Code     2  startup_stm32f10x_md.o(.text)
    ADC1_2_IRQHandler                        0x0800027b   Thumb Code     0  startup_stm32f10x_md.o(.text)
    CAN1_RX1_IRQHandler                      0x0800027b   Thumb Code     0  startup_stm32f10x_md.o(.text)
    CAN1_SCE_IRQHandler                      0x0800027b   Thumb Code     0  startup_stm32f10x_md.o(.text)
    DMA1_Channel1_IRQHandler                 0x0800027b   Thumb Code     0  startup_stm32f10x_md.o(.text)
    DMA1_Channel2_IRQHandler                 0x0800027b   Thumb Code     0  startup_stm32f10x_md.o(.text)
    DMA1_Channel3_IRQHandler                 0x0800027b   Thumb Code     0  startup_stm32f10x_md.o(.text)
    DMA1_Channel4_IRQHandler                 0x0800027b   Thumb Code     0  startup_stm32f10x_md.o(.text)
    DMA1_Channel5_IRQHandler                 0x0800027b   Thumb Code     0  startup_stm32f10x_md.o(.text)
    DMA1_Channel6_IRQHandler                 0x0800027b   Thumb Code     0  startup_stm32f10x_md.o(.text)
    DMA1_Channel7_IRQHandler                 0x0800027b   Thumb Code     0  startup_stm32f10x_md.o(.text)
    EXTI0_IRQHandler                         0x0800027b   Thumb Code     0  startup_stm32f10x_md.o(.text)
    EXTI1_IRQHandler                         0x0800027b   Thumb Code     0  startup_stm32f10x_md.o(.text)
    EXTI2_IRQHandler                         0x0800027b   Thumb Code     0  startup_stm32f10x_md.o(.text)
    EXTI3_IRQHandler                         0x0800027b   Thumb Code     0  startup_stm32f10x_md.o(.text)
    EXTI4_IRQHandler                         0x0800027b   Thumb Code     0  startup_stm32f10x_md.o(.text)
    EXTI9_5_IRQHandler                       0x0800027b   Thumb Code     0  startup_stm32f10x_md.o(.text)
    FLASH_IRQHandler                         0x0800027b   Thumb Code     0  startup_stm32f10x_md.o(.text)
    I2C1_ER_IRQHandler                       0x0800027b   Thumb Code     0  startup_stm32f10x_md.o(.text)
    I2C1_EV_IRQHandler                       0x0800027b   Thumb Code     0  startup_stm32f10x_md.o(.text)
    I2C2_ER_IRQHandler                       0x0800027b   Thumb Code     0  startup_stm32f10x_md.o(.text)
    I2C2_EV_IRQHandler                       0x0800027b   Thumb Code     0  startup_stm32f10x_md.o(.text)
    PVD_IRQHandler                           0x0800027b   Thumb Code     0  startup_stm32f10x_md.o(.text)
    RCC_IRQHandler                           0x0800027b   Thumb Code     0  startup_stm32f10x_md.o(.text)
    RTCAlarm_IRQHandler                      0x0800027b   Thumb Code     0  startup_stm32f10x_md.o(.text)
    RTC_IRQHandler                           0x0800027b   Thumb Code     0  startup_stm32f10x_md.o(.text)
    SPI1_IRQHandler                          0x0800027b   Thumb Code     0  startup_stm32f10x_md.o(.text)
    SPI2_IRQHandler                          0x0800027b   Thumb Code     0  startup_stm32f10x_md.o(.text)
    TAMPER_IRQHandler                        0x0800027b   Thumb Code     0  startup_stm32f10x_md.o(.text)
    TIM1_BRK_IRQHandler                      0x0800027b   Thumb Code     0  startup_stm32f10x_md.o(.text)
    TIM1_CC_IRQHandler                       0x0800027b   Thumb Code     0  startup_stm32f10x_md.o(.text)
    TIM1_TRG_COM_IRQHandler                  0x0800027b   Thumb Code     0  startup_stm32f10x_md.o(.text)
    TIM1_UP_IRQHandler                       0x0800027b   Thumb Code     0  startup_stm32f10x_md.o(.text)
    TIM2_IRQHandler                          0x0800027b   Thumb Code     0  startup_stm32f10x_md.o(.text)
    TIM3_IRQHandler                          0x0800027b   Thumb Code     0  startup_stm32f10x_md.o(.text)
    TIM4_IRQHandler                          0x0800027b   Thumb Code     0  startup_stm32f10x_md.o(.text)
    USART2_IRQHandler                        0x0800027b   Thumb Code     0  startup_stm32f10x_md.o(.text)
    USART3_IRQHandler                        0x0800027b   Thumb Code     0  startup_stm32f10x_md.o(.text)
    USBWakeUp_IRQHandler                     0x0800027b   Thumb Code     0  startup_stm32f10x_md.o(.text)
    USB_HP_CAN1_TX_IRQHandler                0x0800027b   Thumb Code     0  startup_stm32f10x_md.o(.text)
    USB_LP_CAN1_RX0_IRQHandler               0x0800027b   Thumb Code     0  startup_stm32f10x_md.o(.text)
    WWDG_IRQHandler                          0x0800027b   Thumb Code     0  startup_stm32f10x_md.o(.text)
    __user_initial_stackheap                 0x0800027d   Thumb Code     0  startup_stm32f10x_md.o(.text)
    strstr                                   0x080002a1   Thumb Code    36  strstr.o(.text)
    strcpy                                   0x080002c5   Thumb Code    72  strcpy.o(.text)
    strlen                                   0x0800030d   Thumb Code    62  strlen.o(.text)
    strcat                                   0x0800034b   Thumb Code    24  strcat.o(.text)
    __aeabi_memcpy                           0x08000363   Thumb Code     0  rt_memcpy_v6.o(.text)
    __rt_memcpy                              0x08000363   Thumb Code   138  rt_memcpy_v6.o(.text)
    _memcpy_lastbytes                        0x080003c9   Thumb Code     0  rt_memcpy_v6.o(.text)
    __aeabi_memcpy4                          0x080003ed   Thumb Code     0  rt_memcpy_w.o(.text)
    __aeabi_memcpy8                          0x080003ed   Thumb Code     0  rt_memcpy_w.o(.text)
    __rt_memcpy_w                            0x080003ed   Thumb Code   100  rt_memcpy_w.o(.text)
    _memcpy_lastbytes_aligned                0x08000435   Thumb Code     0  rt_memcpy_w.o(.text)
    __aeabi_memset                           0x08000451   Thumb Code    16  aeabi_memset.o(.text)
    __aeabi_memclr                           0x08000461   Thumb Code     0  rt_memclr.o(.text)
    __rt_memclr                              0x08000461   Thumb Code    68  rt_memclr.o(.text)
    _memset                                  0x08000465   Thumb Code     0  rt_memclr.o(.text)
    __aeabi_memclr4                          0x080004a5   Thumb Code     0  rt_memclr_w.o(.text)
    __aeabi_memclr8                          0x080004a5   Thumb Code     0  rt_memclr_w.o(.text)
    __rt_memclr_w                            0x080004a5   Thumb Code    78  rt_memclr_w.o(.text)
    _memset_w                                0x080004a9   Thumb Code     0  rt_memclr_w.o(.text)
    __use_two_region_memory                  0x080004f3   Thumb Code     2  heapauxi.o(.text)
    __rt_heap_escrow$2region                 0x080004f5   Thumb Code     2  heapauxi.o(.text)
    __rt_heap_expand$2region                 0x080004f7   Thumb Code     2  heapauxi.o(.text)
    __user_setup_stackheap                   0x080004f9   Thumb Code    74  sys_stackheap_outer.o(.text)
    exit                                     0x08000543   Thumb Code    18  exit.o(.text)
    __user_libspace                          0x08000555   Thumb Code     8  libspace.o(.text)
    __user_perproc_libspace                  0x08000555   Thumb Code     0  libspace.o(.text)
    __user_perthread_libspace                0x08000555   Thumb Code     0  libspace.o(.text)
    _sys_exit                                0x0800055d   Thumb Code     8  sys_exit.o(.text)
    __I$use$semihosting                      0x08000569   Thumb Code     0  use_no_semi.o(.text)
    __use_no_semihosting_swi                 0x08000569   Thumb Code     2  use_no_semi.o(.text)
    ADC_Cmd                                  0x0800056b   Thumb Code    22  stm32f10x_adc.o(i.ADC_Cmd)
    __semihosting_library_function           0x0800056b   Thumb Code     0  indicate_semi.o(.text)
    ADC_DMACmd                               0x08000581   Thumb Code    22  stm32f10x_adc.o(i.ADC_DMACmd)
    ADC_GetCalibrationStatus                 0x08000597   Thumb Code    20  stm32f10x_adc.o(i.ADC_GetCalibrationStatus)
    ADC_GetResetCalibrationStatus            0x080005ab   Thumb Code    20  stm32f10x_adc.o(i.ADC_GetResetCalibrationStatus)
    ADC_Init                                 0x080005c1   Thumb Code    70  stm32f10x_adc.o(i.ADC_Init)
    ADC_RegularChannelConfig                 0x08000611   Thumb Code   184  stm32f10x_adc.o(i.ADC_RegularChannelConfig)
    ADC_ResetCalibration                     0x080006c9   Thumb Code    10  stm32f10x_adc.o(i.ADC_ResetCalibration)
    ADC_SoftwareStartConvCmd                 0x080006d3   Thumb Code    22  stm32f10x_adc.o(i.ADC_SoftwareStartConvCmd)
    ADC_StartCalibration                     0x080006e9   Thumb Code    10  stm32f10x_adc.o(i.ADC_StartCalibration)
    AD_Init                                  0x080006f5   Thumb Code   284  ad.o(i.AD_Init)
    AT_Init                                  0x08000821   Thumb Code    30  at_command.o(i.AT_Init)
    AT_Interconnect                          0x08000849   Thumb Code   164  at_connect.o(i.AT_Interconnect)
    AT_Send_Command                          0x08000919   Thumb Code    90  at_command.o(i.AT_Send_Command)
    AT_Task_Parser                           0x08000985   Thumb Code   164  at_command.o(i.AT_Task_Parser)
    AT_WIFIconnect                           0x08000a51   Thumb Code    98  at_connect.o(i.AT_WIFIconnect)
    Buffer_Init                              0x08000acd   Thumb Code    24  buffer.o(i.Buffer_Init)
    Buffer_Read                              0x08000aed   Thumb Code    50  buffer.o(i.Buffer_Read)
    Buffer_Write                             0x08000b1f   Thumb Code    42  buffer.o(i.Buffer_Write)
    BusFault_Handler                         0x08000b49   Thumb Code     4  stm32f10x_it.o(i.BusFault_Handler)
    Buzzer_Init                              0x08000b4d   Thumb Code    46  buzzer.o(i.Buzzer_Init)
    Buzzer_OFF                               0x08000b81   Thumb Code    12  buzzer.o(i.Buzzer_OFF)
    Buzzer_On                                0x08000b91   Thumb Code    12  buzzer.o(i.Buzzer_On)
    ConnectTask                              0x08000ba1   Thumb Code    92  main.o(i.ConnectTask)
    DH11_GPIO_Init_IN                        0x08000c65   Thumb Code    38  dht11.o(i.DH11_GPIO_Init_IN)
    DH11_GPIO_Init_OUT                       0x08000c91   Thumb Code    38  dht11.o(i.DH11_GPIO_Init_OUT)
    DHT11_REC_Data                           0x08000cbd   Thumb Code   206  dht11.o(i.DHT11_REC_Data)
    DHT11_Rec_Byte                           0x08000d99   Thumb Code   100  dht11.o(i.DHT11_Rec_Byte)
    DHT11_Start                              0x08000e05   Thumb Code    60  dht11.o(i.DHT11_Start)
    DMA_Cmd                                  0x08000e45   Thumb Code    24  stm32f10x_dma.o(i.DMA_Cmd)
    DMA_Init                                 0x08000e5d   Thumb Code    60  stm32f10x_dma.o(i.DMA_Init)
    DebugMon_Handler                         0x08000e99   Thumb Code     2  stm32f10x_it.o(i.DebugMon_Handler)
    Delay_ms                                 0x08000e9b   Thumb Code    24  delay.o(i.Delay_ms)
    Delay_us                                 0x08000eb5   Thumb Code    42  delay.o(i.Delay_us)
    EXTI15_10_IRQHandler                     0x08000ee5   Thumb Code    46  main.o(i.EXTI15_10_IRQHandler)
    EXTI_ClearITPendingBit                   0x08000f19   Thumb Code     6  stm32f10x_exti.o(i.EXTI_ClearITPendingBit)
    EXTI_GetITStatus                         0x08000f25   Thumb Code    34  stm32f10x_exti.o(i.EXTI_GetITStatus)
    EXTI_Init                                0x08000f4d   Thumb Code   142  stm32f10x_exti.o(i.EXTI_Init)
    GPIO_EXTILineConfig                      0x08000fe1   Thumb Code    60  stm32f10x_gpio.o(i.GPIO_EXTILineConfig)
    GPIO_Init                                0x08001021   Thumb Code   278  stm32f10x_gpio.o(i.GPIO_Init)
    GPIO_ReadInputDataBit                    0x08001137   Thumb Code    18  stm32f10x_gpio.o(i.GPIO_ReadInputDataBit)
    GPIO_ResetBits                           0x08001149   Thumb Code     4  stm32f10x_gpio.o(i.GPIO_ResetBits)
    GPIO_SetBits                             0x0800114d   Thumb Code     4  stm32f10x_gpio.o(i.GPIO_SetBits)
    GPIO_WriteBit                            0x08001151   Thumb Code    10  stm32f10x_gpio.o(i.GPIO_WriteBit)
    HardFault_Handler                        0x0800115b   Thumb Code     4  stm32f10x_it.o(i.HardFault_Handler)
    Init_Hard                                0x0800115f   Thumb Code    52  main.o(i.Init_Hard)
    Key1CallbackFun                          0x08001195   Thumb Code   206  main.o(i.Key1CallbackFun)
    Key_Init                                 0x08001271   Thumb Code   122  key.o(i.Key_Init)
    LED1_OFF                                 0x080012f1   Thumb Code    12  led.o(i.LED1_OFF)
    LED1_ON                                  0x08001301   Thumb Code    12  led.o(i.LED1_ON)
    LED_Init                                 0x08001311   Thumb Code    46  led.o(i.LED_Init)
    MemManage_Handler                        0x08001345   Thumb Code     4  stm32f10x_it.o(i.MemManage_Handler)
    MonitorAndControlTaskTask                0x08001349   Thumb Code    90  main.o(i.MonitorAndControlTaskTask)
    MyTimeTask                               0x080013cd   Thumb Code   146  main.o(i.MyTimeTask)
    MyUSAT2_Init                             0x08001465   Thumb Code   108  myusart2.o(i.MyUSAT2_Init)
    NMI_Handler                              0x080014dd   Thumb Code     2  stm32f10x_it.o(i.NMI_Handler)
    NVIC_Init                                0x080014e1   Thumb Code   100  misc.o(i.NVIC_Init)
    NVIC_PriorityGroupConfig                 0x08001551   Thumb Code    10  misc.o(i.NVIC_PriorityGroupConfig)
    OLED_Clear                               0x08001565   Thumb Code    42  oled.o(i.OLED_Clear)
    OLED_I2C_Init                            0x08001591   Thumb Code    76  oled.o(i.OLED_I2C_Init)
    OLED_I2C_SendByte                        0x080015e1   Thumb Code    80  oled.o(i.OLED_I2C_SendByte)
    OLED_I2C_Start                           0x08001635   Thumb Code    48  oled.o(i.OLED_I2C_Start)
    OLED_I2C_Stop                            0x08001669   Thumb Code    36  oled.o(i.OLED_I2C_Stop)
    OLED_Init                                0x08001691   Thumb Code   174  oled.o(i.OLED_Init)
    OLED_Pow                                 0x0800173f   Thumb Code    20  oled.o(i.OLED_Pow)
    OLED_SetCursor                           0x08001753   Thumb Code    34  oled.o(i.OLED_SetCursor)
    OLED_SetPos                              0x08001775   Thumb Code    40  oled.o(i.OLED_SetPos)
    OLED_ShowCN                              0x0800179d   Thumb Code    80  oled.o(i.OLED_ShowCN)
    OLED_ShowChar                            0x080017f1   Thumb Code   110  oled.o(i.OLED_ShowChar)
    OLED_ShowDeveloperName                   0x08001865   Thumb Code    54  oled_show.o(i.OLED_ShowDeveloperName)
    OLED_ShowInterConnecting                 0x0800189b   Thumb Code    54  oled_show.o(i.OLED_ShowInterConnecting)
    OLED_ShowNum                             0x080018d1   Thumb Code    68  oled.o(i.OLED_ShowNum)
    OLED_ShowString                          0x08001915   Thumb Code    40  oled.o(i.OLED_ShowString)
    OLED_WriteCommand                        0x0800193d   Thumb Code    32  oled.o(i.OLED_WriteCommand)
    OLED_WriteData                           0x0800195d   Thumb Code    32  oled.o(i.OLED_WriteData)
    ParserATString                           0x0800197d   Thumb Code   132  at_command.o(i.ParserATString)
    PushTheme                                0x08001a09   Thumb Code    66  at_mqtt.o(i.PushTheme)
    PushThemeTask                            0x08001a5d   Thumb Code   556  main.o(i.PushThemeTask)
    RCC_ADCCLKConfig                         0x08001cb5   Thumb Code    18  stm32f10x_rcc.o(i.RCC_ADCCLKConfig)
    RCC_AHBPeriphClockCmd                    0x08001ccd   Thumb Code    26  stm32f10x_rcc.o(i.RCC_AHBPeriphClockCmd)
    RCC_APB1PeriphClockCmd                   0x08001ced   Thumb Code    26  stm32f10x_rcc.o(i.RCC_APB1PeriphClockCmd)
    RCC_APB2PeriphClockCmd                   0x08001d0d   Thumb Code    26  stm32f10x_rcc.o(i.RCC_APB2PeriphClockCmd)
    RCC_GetClocksFreq                        0x08001d2d   Thumb Code   192  stm32f10x_rcc.o(i.RCC_GetClocksFreq)
    ReadDHT11Task                            0x08001e01   Thumb Code    32  main.o(i.ReadDHT11Task)
    ReceiveATDataFromBufAndToMyCommandOfTask 0x08001e21   Thumb Code   148  main.o(i.ReceiveATDataFromBufAndToMyCommandOfTask)
    Serial_Init                              0x08001ed1   Thumb Code   164  serial.o(i.Serial_Init)
    Serial_Putc                              0x08001f7d   Thumb Code    20  serial.o(i.Serial_Putc)
    Serial_Write                             0x08001f95   Thumb Code    24  serial.o(i.Serial_Write)
    Show_Bar                                 0x08002095   Thumb Code    40  oled_show.o(i.Show_Bar)
    Show_MyTime                              0x080020bd   Thumb Code    64  oled_show.o(i.Show_MyTime)
    Show_WarningFire                         0x08002101   Thumb Code    58  oled_show.o(i.Show_WarningFire)
    Subscribe                                0x0800213d   Thumb Code    48  at_mqtt.o(i.Subscribe)
    SystemInit                               0x08002175   Thumb Code    78  system_stm32f10x.o(i.SystemInit)
    System_HelloHomepage                     0x080021d5   Thumb Code    92  oled_show.o(i.System_HelloHomepage)
    System_Homepage                          0x08002231   Thumb Code   132  oled_show.o(i.System_Homepage)
    System_Page1                             0x080022b5   Thumb Code   102  oled_show.o(i.System_Page1)
    System_Page2                             0x08002321   Thumb Code   102  oled_show.o(i.System_Page2)
    TIM3_Init                                0x0800238d   Thumb Code    64  delay.o(i.TIM3_Init)
    TIM_ClearFlag                            0x080023d1   Thumb Code     6  stm32f10x_tim.o(i.TIM_ClearFlag)
    TIM_Cmd                                  0x080023d7   Thumb Code    24  stm32f10x_tim.o(i.TIM_Cmd)
    TIM_InternalClockConfig                  0x080023ef   Thumb Code    12  stm32f10x_tim.o(i.TIM_InternalClockConfig)
    TIM_TimeBaseInit                         0x080023fd   Thumb Code   122  stm32f10x_tim.o(i.TIM_TimeBaseInit)
    USART1_IRQHandler                        0x080024a1   Thumb Code    50  main.o(i.USART1_IRQHandler)
    USART_ClearITPendingBit                  0x080024e1   Thumb Code    30  stm32f10x_usart.o(i.USART_ClearITPendingBit)
    USART_Cmd                                0x080024ff   Thumb Code    24  stm32f10x_usart.o(i.USART_Cmd)
    USART_GetFlagStatus                      0x08002517   Thumb Code    26  stm32f10x_usart.o(i.USART_GetFlagStatus)
    USART_ITConfig                           0x08002531   Thumb Code    74  stm32f10x_usart.o(i.USART_ITConfig)
    USART_Init                               0x0800257d   Thumb Code   210  stm32f10x_usart.o(i.USART_Init)
    USART_ReceiveData                        0x08002655   Thumb Code    10  stm32f10x_usart.o(i.USART_ReceiveData)
    UsageFault_Handler                       0x0800265f   Thumb Code     4  stm32f10x_it.o(i.UsageFault_Handler)
    WriteCmd                                 0x08002663   Thumb Code    32  oled.o(i.WriteCmd)
    WriteDat                                 0x08002683   Thumb Code    32  oled.o(i.WriteDat)
    buffer_Data_Read                         0x080026a5   Thumb Code    32  buffer_rtos.o(i.buffer_Data_Read)
    buffer_OS_Read                           0x080026cd   Thumb Code    32  buffer_rtos.o(i.buffer_OS_Read)
    main                                     0x080026f5   Thumb Code   208  main.o(i.main)
    pvPortMalloc                             0x08003235   Thumb Code   280  heap_4.o(i.pvPortMalloc)
    pvTaskIncrementMutexHeldCount            0x08003361   Thumb Code    26  tasks.o(i.pvTaskIncrementMutexHeldCount)
    pxPortInitialiseStack                    0x08003381   Thumb Code    30  port.o(i.pxPortInitialiseStack)
    uxListRemove                             0x080033a5   Thumb Code    40  list.o(i.uxListRemove)
    uxTaskGetNumberOfTasks                   0x080033cd   Thumb Code     6  tasks.o(i.uxTaskGetNumberOfTasks)
    vListInitialise                          0x080033d9   Thumb Code    26  list.o(i.vListInitialise)
    vListInitialiseItem                      0x080033f3   Thumb Code     6  list.o(i.vListInitialiseItem)
    vListInsert                              0x080033f9   Thumb Code    52  list.o(i.vListInsert)
    vListInsertEnd                           0x0800342d   Thumb Code    24  list.o(i.vListInsertEnd)
    vPortEnterCritical                       0x08003445   Thumb Code    76  port.o(i.vPortEnterCritical)
    vPortExitCritical                        0x08003499   Thumb Code    56  port.o(i.vPortExitCritical)
    vPortFree                                0x080034d5   Thumb Code   132  heap_4.o(i.vPortFree)
    vPortSetupTimerInterrupt                 0x08003561   Thumb Code    34  port.o(i.vPortSetupTimerInterrupt)
    vPortValidateInterruptPriority           0x08003589   Thumb Code   106  port.o(i.vPortValidateInterruptPriority)
    vQueueAddToRegistry                      0x08003601   Thumb Code    90  queue.o(i.vQueueAddToRegistry)
    vQueueWaitForMessageRestricted           0x08003661   Thumb Code    74  queue.o(i.vQueueWaitForMessageRestricted)
    vTaskDelay                               0x080036ad   Thumb Code    82  tasks.o(i.vTaskDelay)
    vTaskDelete                              0x08003709   Thumb Code   176  tasks.o(i.vTaskDelete)
    vTaskInternalSetTimeOutState             0x080037d9   Thumb Code    14  tasks.o(i.vTaskInternalSetTimeOutState)
    vTaskMissedYield                         0x080037f1   Thumb Code     8  tasks.o(i.vTaskMissedYield)
    vTaskPlaceOnEventList                    0x080037fd   Thumb Code    52  tasks.o(i.vTaskPlaceOnEventList)
    vTaskPlaceOnEventListRestricted          0x08003835   Thumb Code    94  tasks.o(i.vTaskPlaceOnEventListRestricted)
    vTaskPriorityDisinheritAfterTimeout      0x08003899   Thumb Code   246  tasks.o(i.vTaskPriorityDisinheritAfterTimeout)
    vTaskStartScheduler                      0x0800399d   Thumb Code   124  tasks.o(i.vTaskStartScheduler)
    vTaskSuspendAll                          0x08003a39   Thumb Code    12  tasks.o(i.vTaskSuspendAll)
    vTaskSwitchContext                       0x08003a49   Thumb Code   122  tasks.o(i.vTaskSwitchContext)
    xPortStartScheduler                      0x08003ad9   Thumb Code   228  port.o(i.xPortStartScheduler)
    xPortSysTickHandler                      0x08003bd1   Thumb Code    46  port.o(i.xPortSysTickHandler)
    xQueueCreateCountingSemaphore            0x08003c05   Thumb Code    60  queue.o(i.xQueueCreateCountingSemaphore)
    xQueueGenericCreate                      0x08003c41   Thumb Code   102  queue.o(i.xQueueGenericCreate)
    xQueueGenericReset                       0x08003ca9   Thumb Code   214  queue.o(i.xQueueGenericReset)
    xQueueGenericSend                        0x08003d85   Thumb Code   420  queue.o(i.xQueueGenericSend)
    xQueueGenericSendFromISR                 0x08003f2d   Thumb Code   296  queue.o(i.xQueueGenericSendFromISR)
    xQueueGiveFromISR                        0x08004055   Thumb Code   272  queue.o(i.xQueueGiveFromISR)
    xQueueReceive                            0x08004165   Thumb Code   356  queue.o(i.xQueueReceive)
    xQueueSemaphoreTake                      0x080042cd   Thumb Code   398  queue.o(i.xQueueSemaphoreTake)
    xTaskCheckForTimeOut                     0x08004461   Thumb Code   136  tasks.o(i.xTaskCheckForTimeOut)
    xTaskCreate                              0x080044f1   Thumb Code   104  tasks.o(i.xTaskCreate)
    xTaskGetSchedulerState                   0x08004559   Thumb Code    24  tasks.o(i.xTaskGetSchedulerState)
    xTaskGetTickCount                        0x08004579   Thumb Code     6  tasks.o(i.xTaskGetTickCount)
    xTaskGetTickCountFromISR                 0x08004585   Thumb Code    16  tasks.o(i.xTaskGetTickCountFromISR)
    xTaskIncrementTick                       0x08004599   Thumb Code   396  tasks.o(i.xTaskIncrementTick)
    xTaskPriorityDisinherit                  0x08004751   Thumb Code   202  tasks.o(i.xTaskPriorityDisinherit)
    xTaskPriorityInherit                     0x08004829   Thumb Code   202  tasks.o(i.xTaskPriorityInherit)
    xTaskRemoveFromEventList                 0x08004901   Thumb Code   262  tasks.o(i.xTaskRemoveFromEventList)
    xTaskResumeAll                           0x08004a21   Thumb Code   336  tasks.o(i.xTaskResumeAll)
    xTimerCreate                             0x08004b95   Thumb Code    54  timers.o(i.xTimerCreate)
    xTimerCreateTimerTask                    0x08004bcd   Thumb Code    64  timers.o(i.xTimerCreateTimerTask)
    xTimerGenericCommand                     0x08004c21   Thumb Code   128  timers.o(i.xTimerGenericCommand)
    OLED_F8x16                               0x08004ca4   Data        1520  oled.o(.constdata)
    F16x16                                   0x08005294   Data        1440  oled.o(.constdata)
    Region$$Table$$Base                      0x08005934   Number         0  anon$$obj.o(Region$$Table)
    Region$$Table$$Limit                     0x08005954   Number         0  anon$$obj.o(Region$$Table)
    SystemCoreClock                          0x20000000   Data           4  system_stm32f10x.o(.data)
    AHBPrescTable                            0x20000004   Data          16  system_stm32f10x.o(.data)
    sem_ATSendOfRec                          0x20000028   Data           4  main.o(.data)
    page                                     0x20000034   Data           1  main.o(.data)
    warning                                  0x20000035   Data           1  main.o(.data)
    temperature                              0x20000036   Data          15  main.o(.data)
    humidity                                 0x20000045   Data          15  main.o(.data)
    gas_smoke                                0x20000054   Data          15  main.o(.data)
    gas_CH4                                  0x20000063   Data          15  main.o(.data)
    gas_CO                                   0x20000072   Data          15  main.o(.data)
    gas_fire                                 0x20000081   Data          15  main.o(.data)
    rainy                                    0x20000090   Data          15  main.o(.data)
    isEnterEXTI                              0x2000009f   Data           1  main.o(.data)
    MyTime                                   0x200000a0   Data           4  oled_show.o(.data)
    pxCurrentTCB                             0x200000a4   Data           4  tasks.o(.data)
    uxTopUsedPriority                        0x200000dc   Data           4  tasks.o(.data)
    mutexATSendOfResult                      0x20000120   Data           4  at_command.o(.data)
    mutexATData                              0x20000124   Data           4  at_command.o(.data)
    ATStatus                                 0x20000128   Data           1  at_command.o(.data)
    myRecStr                                 0x2000012c   Data          30  main.o(.bss)
    humiture_data                            0x2000014c   Data          16  dht11.o(.bss)
    ADValue                                  0x2000015c   Data          10  ad.o(.bss)
    ATbuf                                    0x20000168   Data         520  buffer.o(.bss)
    DATAbuf                                  0x20000370   Data         520  buffer.o(.bss)
    xQueueRegistry                           0x20000578   Data          64  queue.o(.bss)
    rbuf                                     0x200032a4   Data         256  at_command.o(.bss)
    g_at_resp                                0x200033a4   Data         128  at_command.o(.bss)
    __libspace_start                         0x20003424   Data          96  libspace.o(.bss)
    __temporary_stack_top$libspace           0x20003484   Data           0  libspace.o(.bss)



==============================================================================

Memory Map of the image

  Image Entry point : 0x080000ed

  Load Region LR_IROM1 (Base: 0x08000000, Size: 0x00005a80, Max: 0x00010000, ABSOLUTE, COMPRESSED[0x000059b0])

    Execution Region ER_IROM1 (Exec base: 0x08000000, Load base: 0x08000000, Size: 0x00005954, Max: 0x00010000, ABSOLUTE)

    Exec Addr    Load Addr    Size         Type   Attr      Idx    E Section Name        Object

    0x08000000   0x08000000   0x000000ec   Data   RO            3    RESET               startup_stm32f10x_md.o
    0x080000ec   0x080000ec   0x00000008   Code   RO         5027  * !!!main             c_w.l(__main.o)
    0x080000f4   0x080000f4   0x00000034   Code   RO         5186    !!!scatter          c_w.l(__scatter.o)
    0x08000128   0x08000128   0x0000005a   Code   RO         5184    !!dczerorl2         c_w.l(__dczerorl2.o)
    0x08000182   0x08000182   0x00000002   PAD
    0x08000184   0x08000184   0x0000001c   Code   RO         5188    !!handler_zi        c_w.l(__scatter_zi.o)
    0x080001a0   0x080001a0   0x00000002   Code   RO         5054    .ARM.Collect$$libinit$$00000000  c_w.l(libinit.o)
    0x080001a2   0x080001a2   0x00000000   Code   RO         5061    .ARM.Collect$$libinit$$00000002  c_w.l(libinit2.o)
    0x080001a2   0x080001a2   0x00000000   Code   RO         5063    .ARM.Collect$$libinit$$00000004  c_w.l(libinit2.o)
    0x080001a2   0x080001a2   0x00000000   Code   RO         5066    .ARM.Collect$$libinit$$0000000A  c_w.l(libinit2.o)
    0x080001a2   0x080001a2   0x00000000   Code   RO         5068    .ARM.Collect$$libinit$$0000000C  c_w.l(libinit2.o)
    0x080001a2   0x080001a2   0x00000000   Code   RO         5070    .ARM.Collect$$libinit$$0000000E  c_w.l(libinit2.o)
    0x080001a2   0x080001a2   0x00000000   Code   RO         5073    .ARM.Collect$$libinit$$00000011  c_w.l(libinit2.o)
    0x080001a2   0x080001a2   0x00000000   Code   RO         5075    .ARM.Collect$$libinit$$00000013  c_w.l(libinit2.o)
    0x080001a2   0x080001a2   0x00000000   Code   RO         5077    .ARM.Collect$$libinit$$00000015  c_w.l(libinit2.o)
    0x080001a2   0x080001a2   0x00000000   Code   RO         5079    .ARM.Collect$$libinit$$00000017  c_w.l(libinit2.o)
    0x080001a2   0x080001a2   0x00000000   Code   RO         5081    .ARM.Collect$$libinit$$00000019  c_w.l(libinit2.o)
    0x080001a2   0x080001a2   0x00000000   Code   RO         5083    .ARM.Collect$$libinit$$0000001B  c_w.l(libinit2.o)
    0x080001a2   0x080001a2   0x00000000   Code   RO         5085    .ARM.Collect$$libinit$$0000001D  c_w.l(libinit2.o)
    0x080001a2   0x080001a2   0x00000000   Code   RO         5087    .ARM.Collect$$libinit$$0000001F  c_w.l(libinit2.o)
    0x080001a2   0x080001a2   0x00000000   Code   RO         5089    .ARM.Collect$$libinit$$00000021  c_w.l(libinit2.o)
    0x080001a2   0x080001a2   0x00000000   Code   RO         5091    .ARM.Collect$$libinit$$00000023  c_w.l(libinit2.o)
    0x080001a2   0x080001a2   0x00000000   Code   RO         5093    .ARM.Collect$$libinit$$00000025  c_w.l(libinit2.o)
    0x080001a2   0x080001a2   0x00000000   Code   RO         5097    .ARM.Collect$$libinit$$0000002C  c_w.l(libinit2.o)
    0x080001a2   0x080001a2   0x00000000   Code   RO         5099    .ARM.Collect$$libinit$$0000002E  c_w.l(libinit2.o)
    0x080001a2   0x080001a2   0x00000000   Code   RO         5101    .ARM.Collect$$libinit$$00000030  c_w.l(libinit2.o)
    0x080001a2   0x080001a2   0x00000000   Code   RO         5103    .ARM.Collect$$libinit$$00000032  c_w.l(libinit2.o)
    0x080001a2   0x080001a2   0x00000002   Code   RO         5104    .ARM.Collect$$libinit$$00000033  c_w.l(libinit2.o)
    0x080001a4   0x080001a4   0x00000002   Code   RO         5124    .ARM.Collect$$libshutdown$$00000000  c_w.l(libshutdown.o)
    0x080001a6   0x080001a6   0x00000000   Code   RO         5137    .ARM.Collect$$libshutdown$$00000002  c_w.l(libshutdown2.o)
    0x080001a6   0x080001a6   0x00000000   Code   RO         5139    .ARM.Collect$$libshutdown$$00000004  c_w.l(libshutdown2.o)
    0x080001a6   0x080001a6   0x00000000   Code   RO         5142    .ARM.Collect$$libshutdown$$00000007  c_w.l(libshutdown2.o)
    0x080001a6   0x080001a6   0x00000000   Code   RO         5145    .ARM.Collect$$libshutdown$$0000000A  c_w.l(libshutdown2.o)
    0x080001a6   0x080001a6   0x00000000   Code   RO         5147    .ARM.Collect$$libshutdown$$0000000C  c_w.l(libshutdown2.o)
    0x080001a6   0x080001a6   0x00000000   Code   RO         5150    .ARM.Collect$$libshutdown$$0000000F  c_w.l(libshutdown2.o)
    0x080001a6   0x080001a6   0x00000002   Code   RO         5151    .ARM.Collect$$libshutdown$$00000010  c_w.l(libshutdown2.o)
    0x080001a8   0x080001a8   0x00000000   Code   RO         5029    .ARM.Collect$$rtentry$$00000000  c_w.l(__rtentry.o)
    0x080001a8   0x080001a8   0x00000000   Code   RO         5031    .ARM.Collect$$rtentry$$00000002  c_w.l(__rtentry2.o)
    0x080001a8   0x080001a8   0x00000006   Code   RO         5043    .ARM.Collect$$rtentry$$00000004  c_w.l(__rtentry4.o)
    0x080001ae   0x080001ae   0x00000000   Code   RO         5033    .ARM.Collect$$rtentry$$00000009  c_w.l(__rtentry2.o)
    0x080001ae   0x080001ae   0x00000004   Code   RO         5034    .ARM.Collect$$rtentry$$0000000A  c_w.l(__rtentry2.o)
    0x080001b2   0x080001b2   0x00000000   Code   RO         5036    .ARM.Collect$$rtentry$$0000000C  c_w.l(__rtentry2.o)
    0x080001b2   0x080001b2   0x00000008   Code   RO         5037    .ARM.Collect$$rtentry$$0000000D  c_w.l(__rtentry2.o)
    0x080001ba   0x080001ba   0x00000002   Code   RO         5058    .ARM.Collect$$rtexit$$00000000  c_w.l(rtexit.o)
    0x080001bc   0x080001bc   0x00000000   Code   RO         5106    .ARM.Collect$$rtexit$$00000002  c_w.l(rtexit2.o)
    0x080001bc   0x080001bc   0x00000004   Code   RO         5107    .ARM.Collect$$rtexit$$00000003  c_w.l(rtexit2.o)
    0x080001c0   0x080001c0   0x00000006   Code   RO         5108    .ARM.Collect$$rtexit$$00000004  c_w.l(rtexit2.o)
    0x080001c6   0x080001c6   0x00000002   PAD
    0x080001c8   0x080001c8   0x00000096   Code   RO         4785    .emb_text           port.o
    0x0800025e   0x0800025e   0x00000002   PAD
    0x08000260   0x08000260   0x00000040   Code   RO            4    .text               startup_stm32f10x_md.o
    0x080002a0   0x080002a0   0x00000024   Code   RO         5007    .text               c_w.l(strstr.o)
    0x080002c4   0x080002c4   0x00000048   Code   RO         5009    .text               c_w.l(strcpy.o)
    0x0800030c   0x0800030c   0x0000003e   Code   RO         5011    .text               c_w.l(strlen.o)
    0x0800034a   0x0800034a   0x00000018   Code   RO         5013    .text               c_w.l(strcat.o)
    0x08000362   0x08000362   0x0000008a   Code   RO         5015    .text               c_w.l(rt_memcpy_v6.o)
    0x080003ec   0x080003ec   0x00000064   Code   RO         5017    .text               c_w.l(rt_memcpy_w.o)
    0x08000450   0x08000450   0x00000010   Code   RO         5019    .text               c_w.l(aeabi_memset.o)
    0x08000460   0x08000460   0x00000044   Code   RO         5021    .text               c_w.l(rt_memclr.o)
    0x080004a4   0x080004a4   0x0000004e   Code   RO         5023    .text               c_w.l(rt_memclr_w.o)
    0x080004f2   0x080004f2   0x00000006   Code   RO         5025    .text               c_w.l(heapauxi.o)
    0x080004f8   0x080004f8   0x0000004a   Code   RO         5045    .text               c_w.l(sys_stackheap_outer.o)
    0x08000542   0x08000542   0x00000012   Code   RO         5047    .text               c_w.l(exit.o)
    0x08000554   0x08000554   0x00000008   Code   RO         5055    .text               c_w.l(libspace.o)
    0x0800055c   0x0800055c   0x0000000c   Code   RO         5116    .text               c_w.l(sys_exit.o)
    0x08000568   0x08000568   0x00000002   Code   RO         5127    .text               c_w.l(use_no_semi.o)
    0x0800056a   0x0800056a   0x00000000   Code   RO         5129    .text               c_w.l(indicate_semi.o)
    0x0800056a   0x0800056a   0x00000016   Code   RO          202    i.ADC_Cmd           stm32f10x_adc.o
    0x08000580   0x08000580   0x00000016   Code   RO          203    i.ADC_DMACmd        stm32f10x_adc.o
    0x08000596   0x08000596   0x00000014   Code   RO          210    i.ADC_GetCalibrationStatus  stm32f10x_adc.o
    0x080005aa   0x080005aa   0x00000014   Code   RO          216    i.ADC_GetResetCalibrationStatus  stm32f10x_adc.o
    0x080005be   0x080005be   0x00000002   PAD
    0x080005c0   0x080005c0   0x00000050   Code   RO          220    i.ADC_Init          stm32f10x_adc.o
    0x08000610   0x08000610   0x000000b8   Code   RO          224    i.ADC_RegularChannelConfig  stm32f10x_adc.o
    0x080006c8   0x080006c8   0x0000000a   Code   RO          225    i.ADC_ResetCalibration  stm32f10x_adc.o
    0x080006d2   0x080006d2   0x00000016   Code   RO          227    i.ADC_SoftwareStartConvCmd  stm32f10x_adc.o
    0x080006e8   0x080006e8   0x0000000a   Code   RO          229    i.ADC_StartCalibration  stm32f10x_adc.o
    0x080006f2   0x080006f2   0x00000002   PAD
    0x080006f4   0x080006f4   0x0000012c   Code   RO         3640    i.AD_Init           ad.o
    0x08000820   0x08000820   0x00000028   Code   RO         4923    i.AT_Init           at_command.o
    0x08000848   0x08000848   0x000000d0   Code   RO         4967    i.AT_Interconnect   at_connect.o
    0x08000918   0x08000918   0x0000006c   Code   RO         4924    i.AT_Send_Command   at_command.o
    0x08000984   0x08000984   0x000000cc   Code   RO         4925    i.AT_Task_Parser    at_command.o
    0x08000a50   0x08000a50   0x0000007c   Code   RO         4968    i.AT_WIFIconnect    at_connect.o
    0x08000acc   0x08000acc   0x00000020   Code   RO         3706    i.Buffer_Init       buffer.o
    0x08000aec   0x08000aec   0x00000032   Code   RO         3707    i.Buffer_Read       buffer.o
    0x08000b1e   0x08000b1e   0x0000002a   Code   RO         3708    i.Buffer_Write      buffer.o
    0x08000b48   0x08000b48   0x00000004   Code   RO         3295    i.BusFault_Handler  stm32f10x_it.o
    0x08000b4c   0x08000b4c   0x00000034   Code   RO         3658    i.Buzzer_Init       buzzer.o
    0x08000b80   0x08000b80   0x00000010   Code   RO         3659    i.Buzzer_OFF        buzzer.o
    0x08000b90   0x08000b90   0x00000010   Code   RO         3660    i.Buzzer_On         buzzer.o
    0x08000ba0   0x08000ba0   0x000000c4   Code   RO         3127    i.ConnectTask       main.o
    0x08000c64   0x08000c64   0x0000002c   Code   RO         3555    i.DH11_GPIO_Init_IN  dht11.o
    0x08000c90   0x08000c90   0x0000002c   Code   RO         3556    i.DH11_GPIO_Init_OUT  dht11.o
    0x08000cbc   0x08000cbc   0x000000dc   Code   RO         3557    i.DHT11_REC_Data    dht11.o
    0x08000d98   0x08000d98   0x0000006c   Code   RO         3558    i.DHT11_Rec_Byte    dht11.o
    0x08000e04   0x08000e04   0x00000040   Code   RO         3559    i.DHT11_Start       dht11.o
    0x08000e44   0x08000e44   0x00000018   Code   RO          887    i.DMA_Cmd           stm32f10x_dma.o
    0x08000e5c   0x08000e5c   0x0000003c   Code   RO          893    i.DMA_Init          stm32f10x_dma.o
    0x08000e98   0x08000e98   0x00000002   Code   RO         3296    i.DebugMon_Handler  stm32f10x_it.o
    0x08000e9a   0x08000e9a   0x00000018   Code   RO         3595    i.Delay_ms          delay.o
    0x08000eb2   0x08000eb2   0x00000002   PAD
    0x08000eb4   0x08000eb4   0x00000030   Code   RO         3597    i.Delay_us          delay.o
    0x08000ee4   0x08000ee4   0x00000034   Code   RO         3128    i.EXTI15_10_IRQHandler  main.o
    0x08000f18   0x08000f18   0x0000000c   Code   RO          958    i.EXTI_ClearITPendingBit  stm32f10x_exti.o
    0x08000f24   0x08000f24   0x00000028   Code   RO          962    i.EXTI_GetITStatus  stm32f10x_exti.o
    0x08000f4c   0x08000f4c   0x00000094   Code   RO          963    i.EXTI_Init         stm32f10x_exti.o
    0x08000fe0   0x08000fe0   0x00000040   Code   RO         1308    i.GPIO_EXTILineConfig  stm32f10x_gpio.o
    0x08001020   0x08001020   0x00000116   Code   RO         1311    i.GPIO_Init         stm32f10x_gpio.o
    0x08001136   0x08001136   0x00000012   Code   RO         1315    i.GPIO_ReadInputDataBit  stm32f10x_gpio.o
    0x08001148   0x08001148   0x00000004   Code   RO         1318    i.GPIO_ResetBits    stm32f10x_gpio.o
    0x0800114c   0x0800114c   0x00000004   Code   RO         1319    i.GPIO_SetBits      stm32f10x_gpio.o
    0x08001150   0x08001150   0x0000000a   Code   RO         1322    i.GPIO_WriteBit     stm32f10x_gpio.o
    0x0800115a   0x0800115a   0x00000004   Code   RO         3297    i.HardFault_Handler  stm32f10x_it.o
    0x0800115e   0x0800115e   0x00000034   Code   RO         3129    i.Init_Hard         main.o
    0x08001192   0x08001192   0x00000002   PAD
    0x08001194   0x08001194   0x000000dc   Code   RO         3130    i.Key1CallbackFun   main.o
    0x08001270   0x08001270   0x00000080   Code   RO         3625    i.Key_Init          key.o
    0x080012f0   0x080012f0   0x00000010   Code   RO         3682    i.LED1_OFF          led.o
    0x08001300   0x08001300   0x00000010   Code   RO         3683    i.LED1_ON           led.o
    0x08001310   0x08001310   0x00000034   Code   RO         3684    i.LED_Init          led.o
    0x08001344   0x08001344   0x00000004   Code   RO         3298    i.MemManage_Handler  stm32f10x_it.o
    0x08001348   0x08001348   0x00000084   Code   RO         3131    i.MonitorAndControlTaskTask  main.o
    0x080013cc   0x080013cc   0x00000098   Code   RO         3132    i.MyTimeTask        main.o
    0x08001464   0x08001464   0x00000078   Code   RO         3371    i.MyUSAT2_Init      myusart2.o
    0x080014dc   0x080014dc   0x00000002   Code   RO         3299    i.NMI_Handler       stm32f10x_it.o
    0x080014de   0x080014de   0x00000002   PAD
    0x080014e0   0x080014e0   0x00000070   Code   RO          137    i.NVIC_Init         misc.o
    0x08001550   0x08001550   0x00000014   Code   RO          138    i.NVIC_PriorityGroupConfig  misc.o
    0x08001564   0x08001564   0x0000002a   Code   RO         3399    i.OLED_Clear        oled.o
    0x0800158e   0x0800158e   0x00000002   PAD
    0x08001590   0x08001590   0x00000050   Code   RO         3400    i.OLED_I2C_Init     oled.o
    0x080015e0   0x080015e0   0x00000054   Code   RO         3401    i.OLED_I2C_SendByte  oled.o
    0x08001634   0x08001634   0x00000034   Code   RO         3402    i.OLED_I2C_Start    oled.o
    0x08001668   0x08001668   0x00000028   Code   RO         3403    i.OLED_I2C_Stop     oled.o
    0x08001690   0x08001690   0x000000ae   Code   RO         3404    i.OLED_Init         oled.o
    0x0800173e   0x0800173e   0x00000014   Code   RO         3405    i.OLED_Pow          oled.o
    0x08001752   0x08001752   0x00000022   Code   RO         3406    i.OLED_SetCursor    oled.o
    0x08001774   0x08001774   0x00000028   Code   RO         3407    i.OLED_SetPos       oled.o
    0x0800179c   0x0800179c   0x00000054   Code   RO         3409    i.OLED_ShowCN       oled.o
    0x080017f0   0x080017f0   0x00000074   Code   RO         3410    i.OLED_ShowChar     oled.o
    0x08001864   0x08001864   0x00000036   Code   RO         3770    i.OLED_ShowDeveloperName  oled_show.o
    0x0800189a   0x0800189a   0x00000036   Code   RO         3771    i.OLED_ShowInterConnecting  oled_show.o
    0x080018d0   0x080018d0   0x00000044   Code   RO         3416    i.OLED_ShowNum      oled.o
    0x08001914   0x08001914   0x00000028   Code   RO         3418    i.OLED_ShowString   oled.o
    0x0800193c   0x0800193c   0x00000020   Code   RO         3419    i.OLED_WriteCommand  oled.o
    0x0800195c   0x0800195c   0x00000020   Code   RO         3420    i.OLED_WriteData    oled.o
    0x0800197c   0x0800197c   0x0000008c   Code   RO         4926    i.ParserATString    at_command.o
    0x08001a08   0x08001a08   0x00000054   Code   RO         4986    i.PushTheme         at_mqtt.o
    0x08001a5c   0x08001a5c   0x00000258   Code   RO         3133    i.PushThemeTask     main.o
    0x08001cb4   0x08001cb4   0x00000018   Code   RO         1725    i.RCC_ADCCLKConfig  stm32f10x_rcc.o
    0x08001ccc   0x08001ccc   0x00000020   Code   RO         1726    i.RCC_AHBPeriphClockCmd  stm32f10x_rcc.o
    0x08001cec   0x08001cec   0x00000020   Code   RO         1727    i.RCC_APB1PeriphClockCmd  stm32f10x_rcc.o
    0x08001d0c   0x08001d0c   0x00000020   Code   RO         1729    i.RCC_APB2PeriphClockCmd  stm32f10x_rcc.o
    0x08001d2c   0x08001d2c   0x000000d4   Code   RO         1737    i.RCC_GetClocksFreq  stm32f10x_rcc.o
    0x08001e00   0x08001e00   0x00000020   Code   RO         3134    i.ReadDHT11Task     main.o
    0x08001e20   0x08001e20   0x000000b0   Code   RO         3135    i.ReceiveATDataFromBufAndToMyCommandOfTask  main.o
    0x08001ed0   0x08001ed0   0x000000ac   Code   RO         3346    i.Serial_Init       serial.o
    0x08001f7c   0x08001f7c   0x00000018   Code   RO         3347    i.Serial_Putc       serial.o
    0x08001f94   0x08001f94   0x00000018   Code   RO         3348    i.Serial_Write      serial.o
    0x08001fac   0x08001fac   0x00000008   Code   RO           24    i.SetSysClock       system_stm32f10x.o
    0x08001fb4   0x08001fb4   0x000000e0   Code   RO           25    i.SetSysClockTo72   system_stm32f10x.o
    0x08002094   0x08002094   0x00000028   Code   RO         3772    i.Show_Bar          oled_show.o
    0x080020bc   0x080020bc   0x00000044   Code   RO         3773    i.Show_MyTime       oled_show.o
    0x08002100   0x08002100   0x0000003a   Code   RO         3774    i.Show_WarningFire  oled_show.o
    0x0800213a   0x0800213a   0x00000002   PAD
    0x0800213c   0x0800213c   0x00000038   Code   RO         4987    i.Subscribe         at_mqtt.o
    0x08002174   0x08002174   0x00000060   Code   RO           27    i.SystemInit        system_stm32f10x.o
    0x080021d4   0x080021d4   0x0000005c   Code   RO         3775    i.System_HelloHomepage  oled_show.o
    0x08002230   0x08002230   0x00000084   Code   RO         3776    i.System_Homepage   oled_show.o
    0x080022b4   0x080022b4   0x0000006c   Code   RO         3777    i.System_Page1      oled_show.o
    0x08002320   0x08002320   0x0000006c   Code   RO         3778    i.System_Page2      oled_show.o
    0x0800238c   0x0800238c   0x00000044   Code   RO         3598    i.TIM3_Init         delay.o
    0x080023d0   0x080023d0   0x00000006   Code   RO         2355    i.TIM_ClearFlag     stm32f10x_tim.o
    0x080023d6   0x080023d6   0x00000018   Code   RO         2361    i.TIM_Cmd           stm32f10x_tim.o
    0x080023ee   0x080023ee   0x0000000c   Code   RO         2388    i.TIM_InternalClockConfig  stm32f10x_tim.o
    0x080023fa   0x080023fa   0x00000002   PAD
    0x080023fc   0x080023fc   0x000000a4   Code   RO         2432    i.TIM_TimeBaseInit  stm32f10x_tim.o
    0x080024a0   0x080024a0   0x00000040   Code   RO         3136    i.USART1_IRQHandler  main.o
    0x080024e0   0x080024e0   0x0000001e   Code   RO         2894    i.USART_ClearITPendingBit  stm32f10x_usart.o
    0x080024fe   0x080024fe   0x00000018   Code   RO         2897    i.USART_Cmd         stm32f10x_usart.o
    0x08002516   0x08002516   0x0000001a   Code   RO         2900    i.USART_GetFlagStatus  stm32f10x_usart.o
    0x08002530   0x08002530   0x0000004a   Code   RO         2903    i.USART_ITConfig    stm32f10x_usart.o
    0x0800257a   0x0800257a   0x00000002   PAD
    0x0800257c   0x0800257c   0x000000d8   Code   RO         2904    i.USART_Init        stm32f10x_usart.o
    0x08002654   0x08002654   0x0000000a   Code   RO         2911    i.USART_ReceiveData  stm32f10x_usart.o
    0x0800265e   0x0800265e   0x00000004   Code   RO         3301    i.UsageFault_Handler  stm32f10x_it.o
    0x08002662   0x08002662   0x00000020   Code   RO         3421    i.WriteCmd          oled.o
    0x08002682   0x08002682   0x00000020   Code   RO         3422    i.WriteDat          oled.o
    0x080026a2   0x080026a2   0x00000002   PAD
    0x080026a4   0x080026a4   0x00000028   Code   RO         3736    i.buffer_Data_Read  buffer_rtos.o
    0x080026cc   0x080026cc   0x00000028   Code   RO         3737    i.buffer_OS_Read    buffer_rtos.o
    0x080026f4   0x080026f4   0x00000124   Code   RO         3137    i.main              main.o
    0x08002818   0x08002818   0x000000a4   Code   RO         4235    i.prvAddCurrentTaskToDelayedList  tasks.o
    0x080028bc   0x080028bc   0x000000e8   Code   RO         4236    i.prvAddNewTaskToReadyList  tasks.o
    0x080029a4   0x080029a4   0x00000064   Code   RO         4605    i.prvCheckForValidListAndQueue  timers.o
    0x08002a08   0x08002a08   0x00000048   Code   RO         4237    i.prvCheckTasksWaitingTermination  tasks.o
    0x08002a50   0x08002a50   0x0000002a   Code   RO         4005    i.prvCopyDataFromQueue  queue.o
    0x08002a7a   0x08002a7a   0x0000007e   Code   RO         4006    i.prvCopyDataToQueue  queue.o
    0x08002af8   0x08002af8   0x00000012   Code   RO         4238    i.prvDeleteTCB      tasks.o
    0x08002b0a   0x08002b0a   0x00000014   Code   RO         4007    i.prvGetDisinheritPriorityAfterTimeout  queue.o
    0x08002b1e   0x08002b1e   0x00000002   PAD
    0x08002b20   0x08002b20   0x00000028   Code   RO         4606    i.prvGetNextExpireTime  timers.o
    0x08002b48   0x08002b48   0x00000070   Code   RO         4862    i.prvHeapInit       heap_4.o
    0x08002bb8   0x08002bb8   0x00000028   Code   RO         4239    i.prvIdleTask       tasks.o
    0x08002be0   0x08002be0   0x0000002a   Code   RO         4009    i.prvInitialiseNewQueue  queue.o
    0x08002c0a   0x08002c0a   0x000000cc   Code   RO         4240    i.prvInitialiseNewTask  tasks.o
    0x08002cd6   0x08002cd6   0x00000058   Code   RO         4607    i.prvInitialiseNewTimer  timers.o
    0x08002d2e   0x08002d2e   0x00000002   PAD
    0x08002d30   0x08002d30   0x00000068   Code   RO         4241    i.prvInitialiseTaskLists  tasks.o
    0x08002d98   0x08002d98   0x00000068   Code   RO         4863    i.prvInsertBlockIntoFreeList  heap_4.o
    0x08002e00   0x08002e00   0x00000058   Code   RO         4608    i.prvInsertTimerInActiveList  timers.o
    0x08002e58   0x08002e58   0x0000001a   Code   RO         4010    i.prvIsQueueEmpty   queue.o
    0x08002e72   0x08002e72   0x0000001e   Code   RO         4011    i.prvIsQueueFull    queue.o
    0x08002e90   0x08002e90   0x00000044   Code   RO         4609    i.prvProcessExpiredTimer  timers.o
    0x08002ed4   0x08002ed4   0x0000014c   Code   RO         4610    i.prvProcessReceivedCommands  timers.o
    0x08003020   0x08003020   0x00000074   Code   RO         4611    i.prvProcessTimerOrBlockTask  timers.o
    0x08003094   0x08003094   0x00000028   Code   RO         4612    i.prvReloadTimer    timers.o
    0x080030bc   0x080030bc   0x00000030   Code   RO         4243    i.prvResetNextTaskUnblockTime  tasks.o
    0x080030ec   0x080030ec   0x0000002c   Code   RO         4613    i.prvSampleTimeNow  timers.o
    0x08003118   0x08003118   0x00000044   Code   RO         4614    i.prvSwitchTimerLists  timers.o
    0x0800315c   0x0800315c   0x00000040   Code   RO         4786    i.prvTaskExitError  port.o
    0x0800319c   0x0800319c   0x0000001a   Code   RO         4615    i.prvTimerTask      timers.o
    0x080031b6   0x080031b6   0x0000007e   Code   RO         4012    i.prvUnlockQueue    queue.o
    0x08003234   0x08003234   0x0000012c   Code   RO         4865    i.pvPortMalloc      heap_4.o
    0x08003360   0x08003360   0x00000020   Code   RO         4246    i.pvTaskIncrementMutexHeldCount  tasks.o
    0x08003380   0x08003380   0x00000024   Code   RO         4787    i.pxPortInitialiseStack  port.o
    0x080033a4   0x080033a4   0x00000028   Code   RO         3965    i.uxListRemove      list.o
    0x080033cc   0x080033cc   0x0000000c   Code   RO         4249    i.uxTaskGetNumberOfTasks  tasks.o
    0x080033d8   0x080033d8   0x0000001a   Code   RO         3966    i.vListInitialise   list.o
    0x080033f2   0x080033f2   0x00000006   Code   RO         3967    i.vListInitialiseItem  list.o
    0x080033f8   0x080033f8   0x00000034   Code   RO         3968    i.vListInsert       list.o
    0x0800342c   0x0800342c   0x00000018   Code   RO         3969    i.vListInsertEnd    list.o
    0x08003444   0x08003444   0x00000054   Code   RO         4789    i.vPortEnterCritical  port.o
    0x08003498   0x08003498   0x0000003c   Code   RO         4790    i.vPortExitCritical  port.o
    0x080034d4   0x080034d4   0x0000008c   Code   RO         4866    i.vPortFree         heap_4.o
    0x08003560   0x08003560   0x00000028   Code   RO         4791    i.vPortSetupTimerInterrupt  port.o
    0x08003588   0x08003588   0x00000078   Code   RO         4792    i.vPortValidateInterruptPriority  port.o
    0x08003600   0x08003600   0x00000060   Code   RO         4018    i.vQueueAddToRegistry  queue.o
    0x08003660   0x08003660   0x0000004a   Code   RO         4022    i.vQueueWaitForMessageRestricted  queue.o
    0x080036aa   0x080036aa   0x00000002   PAD
    0x080036ac   0x080036ac   0x0000005c   Code   RO         4256    i.vTaskDelay        tasks.o
    0x08003708   0x08003708   0x000000d0   Code   RO         4257    i.vTaskDelete       tasks.o
    0x080037d8   0x080037d8   0x00000018   Code   RO         4261    i.vTaskInternalSetTimeOutState  tasks.o
    0x080037f0   0x080037f0   0x0000000c   Code   RO         4262    i.vTaskMissedYield  tasks.o
    0x080037fc   0x080037fc   0x00000038   Code   RO         4263    i.vTaskPlaceOnEventList  tasks.o
    0x08003834   0x08003834   0x00000064   Code   RO         4264    i.vTaskPlaceOnEventListRestricted  tasks.o
    0x08003898   0x08003898   0x00000104   Code   RO         4266    i.vTaskPriorityDisinheritAfterTimeout  tasks.o
    0x0800399c   0x0800399c   0x0000009c   Code   RO         4272    i.vTaskStartScheduler  tasks.o
    0x08003a38   0x08003a38   0x00000010   Code   RO         4274    i.vTaskSuspendAll   tasks.o
    0x08003a48   0x08003a48   0x00000090   Code   RO         4275    i.vTaskSwitchContext  tasks.o
    0x08003ad8   0x08003ad8   0x000000f8   Code   RO         4793    i.xPortStartScheduler  port.o
    0x08003bd0   0x08003bd0   0x00000034   Code   RO         4794    i.xPortSysTickHandler  port.o
    0x08003c04   0x08003c04   0x0000003c   Code   RO         4023    i.xQueueCreateCountingSemaphore  queue.o
    0x08003c40   0x08003c40   0x00000066   Code   RO         4025    i.xQueueGenericCreate  queue.o
    0x08003ca6   0x08003ca6   0x00000002   PAD
    0x08003ca8   0x08003ca8   0x000000dc   Code   RO         4026    i.xQueueGenericReset  queue.o
    0x08003d84   0x08003d84   0x000001a8   Code   RO         4027    i.xQueueGenericSend  queue.o
    0x08003f2c   0x08003f2c   0x00000128   Code   RO         4028    i.xQueueGenericSendFromISR  queue.o
    0x08004054   0x08004054   0x00000110   Code   RO         4031    i.xQueueGiveFromISR  queue.o
    0x08004164   0x08004164   0x00000168   Code   RO         4037    i.xQueueReceive     queue.o
    0x080042cc   0x080042cc   0x00000194   Code   RO         4039    i.xQueueSemaphoreTake  queue.o
    0x08004460   0x08004460   0x00000090   Code   RO         4277    i.xTaskCheckForTimeOut  tasks.o
    0x080044f0   0x080044f0   0x00000068   Code   RO         4278    i.xTaskCreate       tasks.o
    0x08004558   0x08004558   0x00000020   Code   RO         4285    i.xTaskGetSchedulerState  tasks.o
    0x08004578   0x08004578   0x0000000c   Code   RO         4286    i.xTaskGetTickCount  tasks.o
    0x08004584   0x08004584   0x00000014   Code   RO         4287    i.xTaskGetTickCountFromISR  tasks.o
    0x08004598   0x08004598   0x000001b8   Code   RO         4288    i.xTaskIncrementTick  tasks.o
    0x08004750   0x08004750   0x000000d8   Code   RO         4289    i.xTaskPriorityDisinherit  tasks.o
    0x08004828   0x08004828   0x000000d8   Code   RO         4290    i.xTaskPriorityInherit  tasks.o
    0x08004900   0x08004900   0x00000120   Code   RO         4291    i.xTaskRemoveFromEventList  tasks.o
    0x08004a20   0x08004a20   0x00000174   Code   RO         4292    i.xTaskResumeAll    tasks.o
    0x08004b94   0x08004b94   0x00000036   Code   RO         4622    i.xTimerCreate      timers.o
    0x08004bca   0x08004bca   0x00000002   PAD
    0x08004bcc   0x08004bcc   0x00000054   Code   RO         4623    i.xTimerCreateTimerTask  timers.o
    0x08004c20   0x08004c20   0x00000084   Code   RO         4624    i.xTimerGenericCommand  timers.o
    0x08004ca4   0x08004ca4   0x00000b90   Data   RO         3423    .constdata          oled.o
    0x08005834   0x08005834   0x00000098   Data   RO         4969    .constdata          at_connect.o
    0x080058cc   0x080058cc   0x00000066   Data   RO         4988    .constdata          at_mqtt.o
    0x08005932   0x08005932   0x00000002   PAD
    0x08005934   0x08005934   0x00000020   Data   RO         5182    Region$$Table       anon$$obj.o


    Execution Region RW_IRAM1 (Exec base: 0x20000000, Load base: 0x08005954, Size: 0x00003a88, Max: 0x00005000, ABSOLUTE, COMPRESSED[0x0000005c])

    Exec Addr    Load Addr    Size         Type   Attr      Idx    E Section Name        Object

    0x20000000   COMPRESSED   0x00000014   Data   RW           28    .data               system_stm32f10x.o
    0x20000014   COMPRESSED   0x00000014   Data   RW         1757    .data               stm32f10x_rcc.o
    0x20000028   COMPRESSED   0x00000078   Data   RW         3139    .data               main.o
    0x200000a0   COMPRESSED   0x00000004   Data   RW         3779    .data               oled_show.o
    0x200000a4   COMPRESSED   0x00000040   Data   RW         4295    .data               tasks.o
    0x200000e4   COMPRESSED   0x00000014   Data   RW         4633    .data               timers.o
    0x200000f8   COMPRESSED   0x0000000c   Data   RW         4795    .data               port.o
    0x20000104   COMPRESSED   0x0000001c   Data   RW         4872    .data               heap_4.o
    0x20000120   COMPRESSED   0x00000009   Data   RW         4928    .data               at_command.o
    0x20000129   COMPRESSED   0x00000003   PAD
    0x2000012c        -       0x0000001e   Zero   RW         3138    .bss                main.o
    0x2000014a   COMPRESSED   0x00000002   PAD
    0x2000014c        -       0x00000010   Zero   RW         3560    .bss                dht11.o
    0x2000015c        -       0x0000000a   Zero   RW         3641    .bss                ad.o
    0x20000166   COMPRESSED   0x00000002   PAD
    0x20000168        -       0x00000410   Zero   RW         3709    .bss                buffer.o
    0x20000578        -       0x00000040   Zero   RW         4041    .bss                queue.o
    0x200005b8        -       0x000004c4   Zero   RW         4294    .bss                tasks.o
    0x20000a7c        -       0x00000028   Zero   RW         4632    .bss                timers.o
    0x20000aa4        -       0x00002800   Zero   RW         4871    .bss                heap_4.o
    0x200032a4        -       0x00000180   Zero   RW         4927    .bss                at_command.o
    0x20003424        -       0x00000060   Zero   RW         5056    .bss                c_w.l(libspace.o)
    0x20003484   COMPRESSED   0x00000004   PAD
    0x20003488        -       0x00000200   Zero   RW            2    HEAP                startup_stm32f10x_md.o
    0x20003688        -       0x00000400   Zero   RW            1    STACK               startup_stm32f10x_md.o


==============================================================================

Image component sizes


      Code (inc. data)   RO Data    RW Data    ZI Data      Debug   Object Name

       300         16          0          0         10       1268   ad.o
       492         76          0          9        384       3376   at_command.o
       332         70        152          0          0       1695   at_connect.o
       140         26        102          0          0       1280   at_mqtt.o
       124          8          0          0       1040       2495   buffer.o
        80         16          0          0          0       1116   buffer_rtos.o
        84         14          0          0          0       1279   buzzer.o
         0          0          0          0          0       4508   core_cm3.o
       140         10          0          0          0       1394   delay.o
       480         38          0          0         16       3643   dht11.o
         0          0          0          0          0      14144   event_groups.o
       656         58          0         28      10240       4967   heap_4.o
       128          6          0          0          0        543   key.o
        84         14          0          0          0       1248   led.o
       148          0          0          0          0       3074   list.o
      1968        342          0        120         30      22126   main.o
       132         22          0          0          0     217527   misc.o
       120         12          0          0          0        615   myusart2.o
      1002         26       2960          0          0       9578   oled.o
       714         16          0          4          0       4808   oled_show.o
       854         80          0         12          0      10345   port.o
      2720         26          0          0         64      20184   queue.o
       220         12          0          0          0       2175   serial.o
        64         26        236          0       1536        808   startup_stm32f10x_md.o
       390         10          0          0          0       6993   stm32f10x_adc.o
        84          0          0          0          0       2729   stm32f10x_dma.o
       200         18          0          0          0       2016   stm32f10x_exti.o
       378          4          0          0          0       4610   stm32f10x_gpio.o
        20          0          0          0          0       2417   stm32f10x_it.o
       332         44          0         20          0       5317   stm32f10x_rcc.o
       206         42          0          0          0       2647   stm32f10x_tim.o
       380          6          0          0          0       5262   stm32f10x_usart.o
       328         28          0         20          0      55277   system_stm32f10x.o
      3838        424          0         64       1220      30515   tasks.o
      1280        114          0         20         40      25074   timers.o

    ----------------------------------------------------------------------
     18450       1604       3484        300      14584     477053   Object Totals
         0          0         32          0          0          0   (incl. Generated)
        32          0          2          3          4          0   (incl. Padding)

    ----------------------------------------------------------------------

      Code (inc. data)   RO Data    RW Data    ZI Data      Debug   Library Member Name

        90          0          0          0          0          0   __dczerorl2.o
         8          0          0          0          0         68   __main.o
         0          0          0          0          0          0   __rtentry.o
        12          0          0          0          0          0   __rtentry2.o
         6          0          0          0          0          0   __rtentry4.o
        52          8          0          0          0          0   __scatter.o
        28          0          0          0          0          0   __scatter_zi.o
        16          0          0          0          0         68   aeabi_memset.o
        18          0          0          0          0         80   exit.o
         6          0          0          0          0        152   heapauxi.o
         0          0          0          0          0          0   indicate_semi.o
         2          0          0          0          0          0   libinit.o
         2          0          0          0          0          0   libinit2.o
         2          0          0          0          0          0   libshutdown.o
         2          0          0          0          0          0   libshutdown2.o
         8          4          0          0         96         68   libspace.o
        68          0          0          0          0         68   rt_memclr.o
        78          0          0          0          0         80   rt_memclr_w.o
       138          0          0          0          0         68   rt_memcpy_v6.o
       100          0          0          0          0         80   rt_memcpy_w.o
         2          0          0          0          0          0   rtexit.o
        10          0          0          0          0          0   rtexit2.o
        24          0          0          0          0         68   strcat.o
        72          0          0          0          0         80   strcpy.o
        62          0          0          0          0         76   strlen.o
        36          0          0          0          0         80   strstr.o
        12          4          0          0          0         68   sys_exit.o
        74          0          0          0          0         80   sys_stackheap_outer.o
         2          0          0          0          0         68   use_no_semi.o

    ----------------------------------------------------------------------
       934         16          0          0        100       1252   Library Totals
         4          0          0          0          4          0   (incl. Padding)

    ----------------------------------------------------------------------

      Code (inc. data)   RO Data    RW Data    ZI Data      Debug   Library Name

       930         16          0          0         96       1252   c_w.l

    ----------------------------------------------------------------------
       934         16          0          0        100       1252   Library Totals

    ----------------------------------------------------------------------

==============================================================================


      Code (inc. data)   RO Data    RW Data    ZI Data      Debug   

     19384       1620       3484        300      14684     467797   Grand Totals
     19384       1620       3484         92      14684     467797   ELF Image Totals (compressed)
     19384       1620       3484         92          0          0   ROM Totals

==============================================================================

    Total RO  Size (Code + RO Data)                22868 (  22.33kB)
    Total RW  Size (RW Data + ZI Data)             14984 (  14.63kB)
    Total ROM Size (Code + RO Data + RW Data)      22960 (  22.42kB)

==============================================================================

