<html>
<body>
<pre>
<h1>µVision Build Log</h1>
<h2>Tool Versions:</h2>
IDE-Version: ¦ÌVision V5.24.2.0
Copyright (C) 2017 ARM Ltd and ARM Germany GmbH. All rights reserved.
License Information: yue zongbao, xuexiao, LIC=QF82M-X8A7J-X7TRZ-J02EZ-3RT7Q-DCX0D
 
Tool Versions:
Toolchain:       MDK-ARM Plus  Version: 5.24.1
Toolchain Path:  E:\apps\Keil5\ARM\ARMCC\Bin
C Compiler:      Armcc.exe V5.06 update 5 (build 528)
Assembler:       Armasm.exe V5.06 update 5 (build 528)
Linker/Locator:  ArmLink.exe V5.06 update 5 (build 528)
Library Manager: ArmAr.exe V5.06 update 5 (build 528)
Hex Converter:   FromElf.exe V5.06 update 5 (build 528)
CPU DLL:         SARMCM3.DLL V5.24.1
Dialog DLL:      DCM.DLL V1.16.0.0
Target DLL:      CMSIS_AGDI.dll V1.28.3.0
Dialog DLL:      TCM.DLL V1.32.0.0
 
<h2>Project:</h2>
D:\SourSightProject\MenuTS\Project.uvprojx
Project File Date:  11/02/2023

<h2>Output:</h2>
*** Using Compiler 'V5.06 update 5 (build 528)', folder: 'E:\apps\Keil5\ARM\ARMCC\Bin'
Rebuild target 'Target 1'
assembling startup_stm32f10x_md.s...
compiling core_cm3.c...
compiling stm32f10x_cec.c...
compiling stm32f10x_exti.c...
compiling stm32f10x_dac.c...
compiling stm32f10x_dbgmcu.c...
compiling stm32f10x_can.c...
compiling system_stm32f10x.c...
compiling stm32f10x_dma.c...
compiling misc.c...
compiling stm32f10x_crc.c...
compiling stm32f10x_fsmc.c...
compiling stm32f10x_bkp.c...
compiling stm32f10x_adc.c...
compiling stm32f10x_gpio.c...
compiling stm32f10x_flash.c...
compiling stm32f10x_i2c.c...
compiling stm32f10x_iwdg.c...
compiling stm32f10x_pwr.c...
compiling stm32f10x_rtc.c...
compiling stm32f10x_rcc.c...
compiling stm32f10x_sdio.c...
compiling stm32f10x_usart.c...
compiling stm32f10x_wwdg.c...
compiling stm32f10x_spi.c...
compiling stm32f10x_tim.c...
compiling Delay.c...
compiling Key.c...
compiling LED.c...
compiling Dht11.c...
compiling OLED.c...
compiling stm32f10x_it.c...
compiling main.c...
.\Software\Timfig.h(6): warning:  #1-D: last line of file ends without a newline
  #endif
.\Software\Menu.h(15): warning:  #1295-D: Deprecated declaration home - give arg types
  void home();
.\Software\Menu.h(16): warning:  #1295-D: Deprecated declaration Temperature - give arg types
  void Temperature();
.\Software\Menu.h(17): warning:  #1295-D: Deprecated declaration Palygame - give arg types
  void Palygame();
.\Software\Menu.h(18): warning:  #1295-D: Deprecated declaration Setting - give arg types
  void Setting();
.\Software\Menu.h(19): warning:  #1295-D: Deprecated declaration Info - give arg types
  void Info();
.\Software\Menu.h(25): warning:  #1295-D: Deprecated declaration TestTemperature - give arg types
  void TestTemperature();
.\Software\Menu.h(27): warning:  #1295-D: Deprecated declaration Set - give arg types
  void Set();
.\Software\Menu.h(28): warning:  #1295-D: Deprecated declaration Information - give arg types
  void Information();
.\Software\Menu.h(30): warning:  #1295-D: Deprecated declaration LED - give arg types
  void LED();
.\Software\Menu.h(31): warning:  #1295-D: Deprecated declaration RTC_display - give arg types
  void RTC_display();
.\Software\Menu.h(33): warning:  #1-D: last line of file ends without a newline
  #endif
User\main.c: 12 warnings, 0 errors
compiling Timfig.c...
Software\Timfig.c(55): warning:  #1-D: last line of file ends without a newline
  //}
Software\Timfig.c: 1 warning, 0 errors
compiling MyRTC.c...
compiling Control.c...
Software\Control.h(7): warning:  #1-D: last line of file ends without a newline
  #endif
Software\Dinogame.h(7): warning:  #1295-D: Deprecated declaration OLED_DrawGround - give arg types
  void OLED_DrawGround();
Software\Dinogame.h(8): warning:  #1295-D: Deprecated declaration OLED_DrawCloud - give arg types
  void OLED_DrawCloud();
Software\Dinogame.h(9): warning:  #1295-D: Deprecated declaration OLED_DrawDino - give arg types
  void OLED_DrawDino();
Software\Dinogame.h(10): warning:  #1295-D: Deprecated declaration OLED_DrawCactus - give arg types
  void OLED_DrawCactus();
Software\Dinogame.h(13): warning:  #1295-D: Deprecated declaration OLED_DrawRestart - give arg types
  void OLED_DrawRestart();
Software\Dinogame.h(14): warning:  #1295-D: Deprecated declaration OLED_DrawCover - give arg types
  void OLED_DrawCover();
Software\Dinogame.h(16): warning:  #1-D: last line of file ends without a newline
  #endif
Software\Control.c(47): warning:  #940-D: missing return statement at end of non-void function "get_key" 
  }
Software\Control.c(110): warning:  #1-D: last line of file ends without a newline
  }
Software\Control.c: 10 warnings, 0 errors
compiling Menu.c...
Software\Dinogame.h(7): warning:  #1295-D: Deprecated declaration OLED_DrawGround - give arg types
  void OLED_DrawGround();
Software\Dinogame.h(8): warning:  #1295-D: Deprecated declaration OLED_DrawCloud - give arg types
  void OLED_DrawCloud();
Software\Dinogame.h(9): warning:  #1295-D: Deprecated declaration OLED_DrawDino - give arg types
  void OLED_DrawDino();
Software\Dinogame.h(10): warning:  #1295-D: Deprecated declaration OLED_DrawCactus - give arg types
  void OLED_DrawCactus();
Software\Dinogame.h(13): warning:  #1295-D: Deprecated declaration OLED_DrawRestart - give arg types
  void OLED_DrawRestart();
Software\Dinogame.h(14): warning:  #1295-D: Deprecated declaration OLED_DrawCover - give arg types
  void OLED_DrawCover();
Software\Dinogame.h(16): warning:  #1-D: last line of file ends without a newline
  #endif
Software\control.h(7): warning:  #1-D: last line of file ends without a newline
  #endif
Software\Menu.h(15): warning:  #1295-D: Deprecated declaration home - give arg types
  void home();
Software\Menu.h(16): warning:  #1295-D: Deprecated declaration Temperature - give arg types
  void Temperature();
Software\Menu.h(17): warning:  #1295-D: Deprecated declaration Palygame - give arg types
  void Palygame();
Software\Menu.h(18): warning:  #1295-D: Deprecated declaration Setting - give arg types
  void Setting();
Software\Menu.h(19): warning:  #1295-D: Deprecated declaration Info - give arg types
  void Info();
Software\Menu.h(25): warning:  #1295-D: Deprecated declaration TestTemperature - give arg types
  void TestTemperature();
Software\Menu.h(27): warning:  #1295-D: Deprecated declaration Set - give arg types
  void Set();
Software\Menu.h(28): warning:  #1295-D: Deprecated declaration Information - give arg types
  void Information();
Software\Menu.h(30): warning:  #1295-D: Deprecated declaration LED - give arg types
  void LED();
Software\Menu.h(31): warning:  #1295-D: Deprecated declaration RTC_display - give arg types
  void RTC_display();
Software\Menu.h(33): warning:  #1-D: last line of file ends without a newline
  #endif
.\Hardware\Dht11.h(7): warning:  #1-D: last line of file ends without a newline
  #endif
Software\Menu.c(1192): warning:  #550-D: variable "hum"  was set but never used
  { uint8_t tem, hum, str[] = "not read!";
Software\Menu.c(1254): warning:  #1-D: last line of file ends without a newline
  }
Software\Menu.c: 22 warnings, 0 errors
compiling Dinogame.c...
Software\Dinogame.c(176): warning:  #177-D: variable "i"  was declared but never referenced
  	unsigned int i = 0;
Software\Dinogame.c(290): warning:  #177-D: variable "i"  was declared but never referenced
  	unsigned int i=0, j=0;
Software\Dinogame.c(358): warning:  #186-D: pointless comparison of unsigned integer with zero
  		if(speed_idx < 0) speed_idx = 0;
Software\Dinogame.c(431): warning:  #1-D: last line of file ends without a newline
  }
Software\Dinogame.c: 4 warnings, 0 errors
linking...
Program Size: Code=9340 RO-data=4664 RW-data=16060 ZI-data=1908  
".\Objects\Project.axf" - 0 Error(s), 49 Warning(s).

<h2>Software Packages used:</h2>

Package Vendor: Keil
                http://www.keil.com/pack/Keil.STM32F1xx_DFP.2.2.0.pack
                Keil.STM32F1xx_DFP.2.2.0
                STMicroelectronics STM32F1 Series Device Support, Drivers and Examples

<h2>Collection of Component include folders:</h2>
  .\RTE\_Target_1
  E:\apps\Keil5\ARM\PACK\Keil\STM32F1xx_DFP\2.2.0\Device\Include

<h2>Collection of Component Files used:</h2>
Build Time Elapsed:  00:00:02
</pre>
</body>
</html>
